Archive member included to satisfy reference by file (symbol)

/home/charles/linux/code/tfa/mp157_alientek/tf-a-stm32mp-2.2.r1-r0/tf-a-stm32mp-2.2.r1/../build/optee/lib/libfdt.a(fdt.o)
                              /home/charles/linux/code/tfa/mp157_alientek/tf-a-stm32mp-2.2.r1-r0/tf-a-stm32mp-2.2.r1/../build/optee/bl2/stm32mp_dt.o (fdt_check_header)
/home/charles/linux/code/tfa/mp157_alientek/tf-a-stm32mp-2.2.r1-r0/tf-a-stm32mp-2.2.r1/../build/optee/lib/libfdt.a(fdt_addresses.o)
                              /home/charles/linux/code/tfa/mp157_alientek/tf-a-stm32mp-2.2.r1-r0/tf-a-stm32mp-2.2.r1/../build/optee/bl2/stm32mp_dt.o (fdt_address_cells)
/home/charles/linux/code/tfa/mp157_alientek/tf-a-stm32mp-2.2.r1-r0/tf-a-stm32mp-2.2.r1/../build/optee/lib/libfdt.a(fdt_ro.o)
                              /home/charles/linux/code/tfa/mp157_alientek/tf-a-stm32mp-2.2.r1-r0/tf-a-stm32mp-2.2.r1/../build/optee/bl2/stm32mp_clkfunc.o (fdt_get_name)
/home/charles/linux/code/tfa/mp157_alientek/tf-a-stm32mp-2.2.r1-r0/tf-a-stm32mp-2.2.r1/../build/optee/lib/libc.a(assert.o)
                              /home/charles/linux/code/tfa/mp157_alientek/tf-a-stm32mp-2.2.r1-r0/tf-a-stm32mp-2.2.r1/../build/optee/bl2/io_block.o (__assert)
/home/charles/linux/code/tfa/mp157_alientek/tf-a-stm32mp-2.2.r1-r0/tf-a-stm32mp-2.2.r1/../build/optee/lib/libc.a(memchr.o)
                              /home/charles/linux/code/tfa/mp157_alientek/tf-a-stm32mp-2.2.r1-r0/tf-a-stm32mp-2.2.r1/../build/optee/lib/libfdt.a(fdt_ro.o) (memchr)
/home/charles/linux/code/tfa/mp157_alientek/tf-a-stm32mp-2.2.r1-r0/tf-a-stm32mp-2.2.r1/../build/optee/lib/libc.a(memcmp.o)
                              /home/charles/linux/code/tfa/mp157_alientek/tf-a-stm32mp-2.2.r1-r0/tf-a-stm32mp-2.2.r1/../build/optee/bl2/stm32mp_crypto_lib.o (memcmp)
/home/charles/linux/code/tfa/mp157_alientek/tf-a-stm32mp-2.2.r1-r0/tf-a-stm32mp-2.2.r1/../build/optee/lib/libc.a(memcpy.o)
                              /home/charles/linux/code/tfa/mp157_alientek/tf-a-stm32mp-2.2.r1-r0/tf-a-stm32mp-2.2.r1/../build/optee/bl2/io_block.o (memcpy)
/home/charles/linux/code/tfa/mp157_alientek/tf-a-stm32mp-2.2.r1-r0/tf-a-stm32mp-2.2.r1/../build/optee/lib/libc.a(memmove.o)
                              /home/charles/linux/code/tfa/mp157_alientek/tf-a-stm32mp-2.2.r1-r0/tf-a-stm32mp-2.2.r1/../build/optee/bl2/xlat_tables_core.o (memmove)
/home/charles/linux/code/tfa/mp157_alientek/tf-a-stm32mp-2.2.r1-r0/tf-a-stm32mp-2.2.r1/../build/optee/lib/libc.a(memset.o)
                              /home/charles/linux/code/tfa/mp157_alientek/tf-a-stm32mp-2.2.r1-r0/tf-a-stm32mp-2.2.r1/../build/optee/bl2/xlat_tables_core.o (memset)
/home/charles/linux/code/tfa/mp157_alientek/tf-a-stm32mp-2.2.r1-r0/tf-a-stm32mp-2.2.r1/../build/optee/lib/libc.a(printf.o)
                              /home/charles/linux/code/tfa/mp157_alientek/tf-a-stm32mp-2.2.r1-r0/tf-a-stm32mp-2.2.r1/../build/optee/bl2/tf_log.o (vprintf)
/home/charles/linux/code/tfa/mp157_alientek/tf-a-stm32mp-2.2.r1-r0/tf-a-stm32mp-2.2.r1/../build/optee/lib/libc.a(putchar.o)
                              /home/charles/linux/code/tfa/mp157_alientek/tf-a-stm32mp-2.2.r1-r0/tf-a-stm32mp-2.2.r1/../build/optee/bl2/tf_log.o (putchar)
/home/charles/linux/code/tfa/mp157_alientek/tf-a-stm32mp-2.2.r1-r0/tf-a-stm32mp-2.2.r1/../build/optee/lib/libc.a(snprintf.o)
                              /home/charles/linux/code/tfa/mp157_alientek/tf-a-stm32mp-2.2.r1-r0/tf-a-stm32mp-2.2.r1/../build/optee/bl2/stm32mp1_clk.o (snprintf)
/home/charles/linux/code/tfa/mp157_alientek/tf-a-stm32mp-2.2.r1-r0/tf-a-stm32mp-2.2.r1/../build/optee/lib/libc.a(strchr.o)
                              /home/charles/linux/code/tfa/mp157_alientek/tf-a-stm32mp-2.2.r1-r0/tf-a-stm32mp-2.2.r1/../build/optee/bl2/stm32mp_dt.o (strchr)
/home/charles/linux/code/tfa/mp157_alientek/tf-a-stm32mp-2.2.r1-r0/tf-a-stm32mp-2.2.r1/../build/optee/lib/libc.a(strcmp.o)
                              /home/charles/linux/code/tfa/mp157_alientek/tf-a-stm32mp-2.2.r1-r0/tf-a-stm32mp-2.2.r1/../build/optee/bl2/partition.o (strcmp)
/home/charles/linux/code/tfa/mp157_alientek/tf-a-stm32mp-2.2.r1-r0/tf-a-stm32mp-2.2.r1/../build/optee/lib/libc.a(strlen.o)
                              /home/charles/linux/code/tfa/mp157_alientek/tf-a-stm32mp-2.2.r1-r0/tf-a-stm32mp-2.2.r1/../build/optee/bl2/stpmic1.o (strlen)
/home/charles/linux/code/tfa/mp157_alientek/tf-a-stm32mp-2.2.r1-r0/tf-a-stm32mp-2.2.r1/../build/optee/lib/libc.a(strncmp.o)
                              /home/charles/linux/code/tfa/mp157_alientek/tf-a-stm32mp-2.2.r1-r0/tf-a-stm32mp-2.2.r1/../build/optee/bl2/raw_nand.o (strncmp)
/home/charles/linux/code/tfa/mp157_alientek/tf-a-stm32mp-2.2.r1-r0/tf-a-stm32mp-2.2.r1/../build/optee/lib/libc.a(strnlen.o)
                              /home/charles/linux/code/tfa/mp157_alientek/tf-a-stm32mp-2.2.r1-r0/tf-a-stm32mp-2.2.r1/../build/optee/lib/libfdt.a(fdt_ro.o) (strnlen)
[...]
Memory Configuration

Name             Origin             Length             Attributes
RAM              0x000000002ffe7000 0x0000000000018000 xrw
*default*        0x0000000000000000 0xffffffffffffffff

Linker script and memory map

                0x000000002ffe7000                . = 0x2ffe7000
                0x0000000000000001                ASSERT ((. == ALIGN (0x1000)), BL2_BASE address is not aligned on a page boundary.)

ro              0x000000002ffe7000    0x12000
                0x000000002ffe7000                __RO_START__ = .
                0x000000002ffe7000                __TEXT_RESIDENT_START__ = .
 *bl2_el3_entrypoint.o(.text*)
 .text.asm.bl2_entrypoint
                0x000000002ffe7000      0x158 /home/charles/linux/code/tfa/mp157_alientek/tf-a-stm32mp-2.2.r1-r0/tf-a-stm32mp-2.2.r1/../build/optee/bl2/bl2_el3_entrypoint.o
                0x000000002ffe7000                bl2_entrypoint
 .text.asm.bl2_run_next_image
                0x000000002ffe7158       0x40 /home/charles/linux/code/tfa/mp157_alientek/tf-a-stm32mp-2.2.r1-r0/tf-a-stm32mp-2.2.r1/../build/optee/bl2/bl2_el3_entrypoint.o
                0x000000002ffe7158                bl2_run_next_image
 *(.text.asm.*)
 .text.asm.spin_lock
                0x000000002ffe7198       0x24 /home/charles/linux/code/tfa/mp157_alientek/tf-a-stm32mp-2.2.r1-r0/tf-a-stm32mp-2.2.r1/../build/optee/bl2/spinlock.o
                0x000000002ffe7198                spin_lock
 .text.asm.spin_unlock
                0x000000002ffe71bc       0x18 /home/charles/linux/code/tfa/mp157_alientek/tf-a-stm32mp-2.2.r1-r0/tf-a-stm32mp-2.2.r1/../build/optee/bl2/spinlock.o
                0x000000002ffe71bc                spin_unlock
 .text.asm.plat_set_my_stack
                0x000000002ffe71d4       0x10 /home/charles/linux/code/tfa/mp157_alientek/tf-a-stm32mp-2.2.r1-r0/tf-a-stm32mp-2.2.r1/../build/optee/bl2/platform_up_stack.o
                0x000000002ffe71d4                plat_set_my_stack
 .text.asm.reset_handler
                0x000000002ffe71e4       0x38 /home/charles/linux/code/tfa/mp157_alientek/tf-a-stm32mp-2.2.r1-r0/tf-a-stm32mp-2.2.r1/../build/optee/bl2/cpu_helpers.o
                0x000000002ffe71e4                reset_handler
 .text.asm.get_cpu_ops_ptr
                0x000000002ffe721c       0x44 /home/charles/linux/code/tfa/mp157_alientek/tf-a-stm32mp-2.2.r1-r0/tf-a-stm32mp-2.2.r1/../build/optee/bl2/cpu_helpers.o
                0x000000002ffe721c                get_cpu_ops_ptr
 .text.asm.do_panic
                0x000000002ffe7260       0x3c /home/charles/linux/code/tfa/mp157_alientek/tf-a-stm32mp-2.2.r1-r0/tf-a-stm32mp-2.2.r1/../build/optee/bl2/debug.o
                0x000000002ffe7260                do_panic
 .text.asm.report_exception
                0x000000002ffe729c       0x14 /home/charles/linux/code/tfa/mp157_alientek/tf-a-stm32mp-2.2.r1-r0/tf-a-stm32mp-2.2.r1/../build/optee/bl2/debug.o
                0x000000002ffe729c                report_exception
 .text.asm.report_undef_inst
                0x000000002ffe72b0       0x10 /home/charles/linux/code/tfa/mp157_alientek/tf-a-stm32mp-2.2.r1-r0/tf-a-stm32mp-2.2.r1/../build/optee/bl2/debug.o
                0x000000002ffe72b0                report_undef_inst
 .text.asm.report_prefetch_abort
                0x000000002ffe72c0       0x10 /home/charles/linux/code/tfa/mp157_alientek/tf-a-stm32mp-2.2.r1-r0/tf-a-stm32mp-2.2.r1/../build/optee/bl2/debug.o
                0x000000002ffe72c0                report_prefetch_abort
 .text.asm.report_data_abort
                0x000000002ffe72d0       0x10 /home/charles/linux/code/tfa/mp157_alientek/tf-a-stm32mp-2.2.r1-r0/tf-a-stm32mp-2.2.r1/../build/optee/bl2/debug.o
                0x000000002ffe72d0                report_data_abort
 .text.asm.asm_assert
                0x000000002ffe72e0       0x7c /home/charles/linux/code/tfa/mp157_alientek/tf-a-stm32mp-2.2.r1-r0/tf-a-stm32mp-2.2.r1/../build/optee/bl2/debug.o
                0x000000002ffe72e0                asm_assert
 .text.asm.asm_print_str
                0x000000002ffe735c       0x1c /home/charles/linux/code/tfa/mp157_alientek/tf-a-stm32mp-2.2.r1-r0/tf-a-stm32mp-2.2.r1/../build/optee/bl2/debug.o
                0x000000002ffe735c                asm_print_str
 .text.asm.asm_print_hex
                0x000000002ffe7378       0x34 /home/charles/linux/code/tfa/mp157_alientek/tf-a-stm32mp-2.2.r1-r0/tf-a-stm32mp-2.2.r1/../build/optee/bl2/debug.o
                0x000000002ffe7378                asm_print_hex
 .text.asm.flush_dcache_range
                0x000000002ffe73ac       0x3c /home/charles/linux/code/tfa/mp157_alientek/tf-a-stm32mp-2.2.r1-r0/tf-a-stm32mp-2.2.r1/../build/optee/bl2/cache_helpers.o
                0x000000002ffe73ac                flush_dcache_range
 .text.asm.clean_dcache_range
                0x000000002ffe73e8       0x3c /home/charles/linux/code/tfa/mp157_alientek/tf-a-stm32mp-2.2.r1-r0/tf-a-stm32mp-2.2.r1/../build/optee/bl2/cache_helpers.o
                0x000000002ffe73e8                clean_dcache_range
 .text.asm.inv_dcache_range
                0x000000002ffe7424       0x3c /home/charles/linux/code/tfa/mp157_alientek/tf-a-stm32mp-2.2.r1-r0/tf-a-stm32mp-2.2.r1/../build/optee/bl2/cache_helpers.o
                0x000000002ffe7424                inv_dcache_range
 .text.asm.zeromem
                0x000000002ffe7460       0x64 /home/charles/linux/code/tfa/mp157_alientek/tf-a-stm32mp-2.2.r1-r0/tf-a-stm32mp-2.2.r1/../build/optee/bl2/misc_helpers.o
                0x000000002ffe7460                zeromem
                0x000000002ffe7460                zero_normalmem
 .text.asm.disable_mmu_secure
                0x000000002ffe74c4       0x1c /home/charles/linux/code/tfa/mp157_alientek/tf-a-stm32mp-2.2.r1-r0/tf-a-stm32mp-2.2.r1/../build/optee/bl2/misc_helpers.o
                0x000000002ffe74c4                disable_mmu_secure
 .text.asm.disable_mmu_icache_secure
                0x000000002ffe74e0        0xc /home/charles/linux/code/tfa/mp157_alientek/tf-a-stm32mp-2.2.r1-r0/tf-a-stm32mp-2.2.r1/../build/optee/bl2/misc_helpers.o
                0x000000002ffe74e0                disable_mmu_icache_secure
 .text.asm.console_stm32_core_init
                0x000000002ffe74ec       0x7c /home/charles/linux/code/tfa/mp157_alientek/tf-a-stm32mp-2.2.r1-r0/tf-a-stm32mp-2.2.r1/../build/optee/bl2/stm32_console.o
                0x000000002ffe74ec                console_stm32_core_init
 .text.asm.console_stm32_register
                0x000000002ffe7568       0x58 /home/charles/linux/code/tfa/mp157_alientek/tf-a-stm32mp-2.2.r1-r0/tf-a-stm32mp-2.2.r1/../build/optee/bl2/stm32_console.o
                0x000000002ffe7568                console_stm32_register
 .text.asm.console_stm32_core_putc
                0x000000002ffe75c0       0x48 /home/charles/linux/code/tfa/mp157_alientek/tf-a-stm32mp-2.2.r1-r0/tf-a-stm32mp-2.2.r1/../build/optee/bl2/stm32_console.o
                0x000000002ffe75c0                console_stm32_core_putc
 .text.asm.console_stm32_putc
                0x000000002ffe7608       0x20 /home/charles/linux/code/tfa/mp157_alientek/tf-a-stm32mp-2.2.r1-r0/tf-a-stm32mp-2.2.r1/../build/optee/bl2/stm32_console.o
                0x000000002ffe7608                console_stm32_putc
 .text.asm.console_stm32_core_flush
                0x000000002ffe7628       0x30 /home/charles/linux/code/tfa/mp157_alientek/tf-a-stm32mp-2.2.r1-r0/tf-a-stm32mp-2.2.r1/../build/optee/bl2/stm32_console.o
                0x000000002ffe7628                console_stm32_core_flush
 .text.asm.console_stm32_flush
                0x000000002ffe7658       0x20 /home/charles/linux/code/tfa/mp157_alientek/tf-a-stm32mp-2.2.r1-r0/tf-a-stm32mp-2.2.r1/../build/optee/bl2/stm32_console.o
                0x000000002ffe7658                console_stm32_flush
 .text.asm.enable_mmu_direct_svc_mon
                0x000000002ffe7678       0x80 /home/charles/linux/code/tfa/mp157_alientek/tf-a-stm32mp-2.2.r1-r0/tf-a-stm32mp-2.2.r1/../build/optee/bl2/enable_mmu.o
                0x000000002ffe7678                enable_mmu_direct_svc_mon
 .text.asm.cortex_a7_enable_smp
                0x000000002ffe76f8       0x14 /home/charles/linux/code/tfa/mp157_alientek/tf-a-stm32mp-2.2.r1-r0/tf-a-stm32mp-2.2.r1/../build/optee/bl2/cortex_a7.o
 .text.asm.cortex_a7_reset_func
                0x000000002ffe770c        0x4 /home/charles/linux/code/tfa/mp157_alientek/tf-a-stm32mp-2.2.r1-r0/tf-a-stm32mp-2.2.r1/../build/optee/bl2/cortex_a7.o
 .text.asm.platform_mem_init
                0x000000002ffe7710        0x4 /home/charles/linux/code/tfa/mp157_alientek/tf-a-stm32mp-2.2.r1-r0/tf-a-stm32mp-2.2.r1/../build/optee/bl2/stm32mp1_helper.o
                0x000000002ffe7710                platform_mem_init
 .text.asm.plat_report_exception
                0x000000002ffe7714       0x74 /home/charles/linux/code/tfa/mp157_alientek/tf-a-stm32mp-2.2.r1-r0/tf-a-stm32mp-2.2.r1/../build/optee/bl2/stm32mp1_helper.o
                0x000000002ffe7714                plat_report_exception
 .text.asm.plat_report_undef_inst
                0x000000002ffe7788       0x30 /home/charles/linux/code/tfa/mp157_alientek/tf-a-stm32mp-2.2.r1-r0/tf-a-stm32mp-2.2.r1/../build/optee/bl2/stm32mp1_helper.o
                0x000000002ffe7788                plat_report_undef_inst
 .text.asm.plat_report_prefetch_abort
                0x000000002ffe77b8       0x58 /home/charles/linux/code/tfa/mp157_alientek/tf-a-stm32mp-2.2.r1-r0/tf-a-stm32mp-2.2.r1/../build/optee/bl2/stm32mp1_helper.o
                0x000000002ffe77b8                plat_report_prefetch_abort
 .text.asm.plat_report_data_abort
                0x000000002ffe7810       0x58 /home/charles/linux/code/tfa/mp157_alientek/tf-a-stm32mp-2.2.r1-r0/tf-a-stm32mp-2.2.r1/../build/optee/bl2/stm32mp1_helper.o
                0x000000002ffe7810                plat_report_data_abort
 .text.asm.plat_reset_handler
                0x000000002ffe7868        0x4 /home/charles/linux/code/tfa/mp157_alientek/tf-a-stm32mp-2.2.r1-r0/tf-a-stm32mp-2.2.r1/../build/optee/bl2/stm32mp1_helper.o
                0x000000002ffe7868                plat_reset_handler
 .text.asm.plat_get_my_entrypoint
                0x000000002ffe786c        0x8 /home/charles/linux/code/tfa/mp157_alientek/tf-a-stm32mp-2.2.r1-r0/tf-a-stm32mp-2.2.r1/../build/optee/bl2/stm32mp1_helper.o
                0x000000002ffe786c                plat_get_my_entrypoint
 .text.asm.plat_secondary_cold_boot_setup
                0x000000002ffe7874        0x4 /home/charles/linux/code/tfa/mp157_alientek/tf-a-stm32mp-2.2.r1-r0/tf-a-stm32mp-2.2.r1/../build/optee/bl2/stm32mp1_helper.o
                0x000000002ffe7874                plat_secondary_cold_boot_setup
 .text.asm.plat_is_my_cpu_primary
                0x000000002ffe7878       0x20 /home/charles/linux/code/tfa/mp157_alientek/tf-a-stm32mp-2.2.r1-r0/tf-a-stm32mp-2.2.r1/../build/optee/bl2/stm32mp1_helper.o
                0x000000002ffe7878                plat_is_my_cpu_primary
 .text.asm.plat_crash_console_init
                0x000000002ffe7898       0xac /home/charles/linux/code/tfa/mp157_alientek/tf-a-stm32mp-2.2.r1-r0/tf-a-stm32mp-2.2.r1/../build/optee/bl2/stm32mp1_helper.o
                0x000000002ffe7898                plat_crash_console_init
 .text.asm.plat_crash_console_flush
                0x000000002ffe7944        0xc /home/charles/linux/code/tfa/mp157_alientek/tf-a-stm32mp-2.2.r1-r0/tf-a-stm32mp-2.2.r1/../build/optee/bl2/stm32mp1_helper.o
                0x000000002ffe7944                plat_crash_console_flush
 .text.asm.plat_crash_console_putc
                0x000000002ffe7950        0xc /home/charles/linux/code/tfa/mp157_alientek/tf-a-stm32mp-2.2.r1-r0/tf-a-stm32mp-2.2.r1/../build/optee/bl2/stm32mp1_helper.o
                0x000000002ffe7950                plat_crash_console_putc
 .text.asm.plat_panic_handler
                0x000000002ffe795c       0x14 /home/charles/linux/code/tfa/mp157_alientek/tf-a-stm32mp-2.2.r1-r0/tf-a-stm32mp-2.2.r1/../build/optee/bl2/stm32mp1_helper.o
                0x000000002ffe795c                plat_panic_handler
                0x000000002ffe7970                __TEXT_RESIDENT_END__ = .
 *(.text*)
 .text.device_type_block
                0x000000002ffe7970        0x4 /home/charles/linux/code/tfa/mp157_alientek/tf-a-stm32mp-2.2.r1-r0/tf-a-stm32mp-2.2.r1/../build/optee/bl2/io_block.o
                0x000000002ffe7970                device_type_block
 .text.block_close
                0x000000002ffe7974        0x8 /home/charles/linux/code/tfa/mp157_alientek/tf-a-stm32mp-2.2.r1-r0/tf-a-stm32mp-2.2.r1/../build/optee/bl2/io_block.o
 .text.block_write
                0x000000002ffe797c      0x120 /home/charles/linux/code/tfa/mp157_alientek/tf-a-stm32mp-2.2.r1-r0/tf-a-stm32mp-2.2.r1/../build/optee/bl2/io_block.o
 .text.block_read
                0x000000002ffe7a9c       0xf4 /home/charles/linux/code/tfa/mp157_alientek/tf-a-stm32mp-2.2.r1-r0/tf-a-stm32mp-2.2.r1/../build/optee/bl2/io_block.o
 .text.block_dev_open
                0x000000002ffe7b90       0x78 /home/charles/linux/code/tfa/mp157_alientek/tf-a-stm32mp-2.2.r1-r0/tf-a-stm32mp-2.2.r1/../build/optee/bl2/io_block.o
 .text.block_seek
                0x000000002ffe7c08       0x60 /home/charles/linux/code/tfa/mp157_alientek/tf-a-stm32mp-2.2.r1-r0/tf-a-stm32mp-2.2.r1/../build/optee/bl2/io_block.o
 .text.block_open
                0x000000002ffe7c68       0x4c /home/charles/linux/code/tfa/mp157_alientek/tf-a-stm32mp-2.2.r1-r0/tf-a-stm32mp-2.2.r1/../build/optee/bl2/io_block.o
 .text.block_dev_close
                0x000000002ffe7cb4       0x48 /home/charles/linux/code/tfa/mp157_alientek/tf-a-stm32mp-2.2.r1-r0/tf-a-stm32mp-2.2.r1/../build/optee/bl2/io_block.o
 .text.register_io_dev_block
                0x000000002ffe7cfc       0x2c /home/charles/linux/code/tfa/mp157_alientek/tf-a-stm32mp-2.2.r1-r0/tf-a-stm32mp-2.2.r1/../build/optee/bl2/io_block.o
                0x000000002ffe7cfc                register_io_dev_block
 .text.device_type_dummy
                0x000000002ffe7d28        0x4 /home/charles/linux/code/tfa/mp157_alientek/tf-a-stm32mp-2.2.r1-r0/tf-a-stm32mp-2.2.r1/../build/optee/bl2/io_dummy.o
 .text.dummy_dev_close
                0x000000002ffe7d2c        0x4 /home/charles/linux/code/tfa/mp157_alientek/tf-a-stm32mp-2.2.r1-r0/tf-a-stm32mp-2.2.r1/../build/optee/bl2/io_dummy.o
 .text.dummy_dev_open
                0x000000002ffe7d30       0x1c /home/charles/linux/code/tfa/mp157_alientek/tf-a-stm32mp-2.2.r1-r0/tf-a-stm32mp-2.2.r1/../build/optee/bl2/io_dummy.o
 .text.dummy_block_close
                0x000000002ffe7d4c       0x20 /home/charles/linux/code/tfa/mp157_alientek/tf-a-stm32mp-2.2.r1-r0/tf-a-stm32mp-2.2.r1/../build/optee/bl2/io_dummy.o
 .text.dummy_block_read
                0x000000002ffe7d6c       0x18 /home/charles/linux/code/tfa/mp157_alientek/tf-a-stm32mp-2.2.r1-r0/tf-a-stm32mp-2.2.r1/../build/optee/bl2/io_dummy.o
 .text.dummy_block_len
                0x000000002ffe7d84       0x20 /home/charles/linux/code/tfa/mp157_alientek/tf-a-stm32mp-2.2.r1-r0/tf-a-stm32mp-2.2.r1/../build/optee/bl2/io_dummy.o
 .text.dummy_block_open
                0x000000002ffe7da4       0x3c /home/charles/linux/code/tfa/mp157_alientek/tf-a-stm32mp-2.2.r1-r0/tf-a-stm32mp-2.2.r1/../build/optee/bl2/io_dummy.o
 .text.register_io_dev_dummy
                0x000000002ffe7de0       0x28 /home/charles/linux/code/tfa/mp157_alientek/tf-a-stm32mp-2.2.r1-r0/tf-a-stm32mp-2.2.r1/../build/optee/bl2/io_dummy.o
                0x000000002ffe7de0                register_io_dev_dummy
 .text.device_type_mtd
                0x000000002ffe7e08        0x4 /home/charles/linux/code/tfa/mp157_alientek/tf-a-stm32mp-2.2.r1-r0/tf-a-stm32mp-2.2.r1/../build/optee/bl2/io_mtd.o
                0x000000002ffe7e08                device_type_mtd
 .text.mtd_close
                0x000000002ffe7e0c        0x8 /home/charles/linux/code/tfa/mp157_alientek/tf-a-stm32mp-2.2.r1-r0/tf-a-stm32mp-2.2.r1/../build/optee/bl2/io_mtd.o
 .text.mtd_read
                0x000000002ffe7e14       0x84 /home/charles/linux/code/tfa/mp157_alientek/tf-a-stm32mp-2.2.r1-r0/tf-a-stm32mp-2.2.r1/../build/optee/bl2/io_mtd.o
 .text.mtd_seek
                0x000000002ffe7e98       0x74 /home/charles/linux/code/tfa/mp157_alientek/tf-a-stm32mp-2.2.r1-r0/tf-a-stm32mp-2.2.r1/../build/optee/bl2/io_mtd.o
 .text.mtd_open
                0x000000002ffe7f0c       0x24 /home/charles/linux/code/tfa/mp157_alientek/tf-a-stm32mp-2.2.r1-r0/tf-a-stm32mp-2.2.r1/../build/optee/bl2/io_mtd.o
 .text.mtd_dev_close
                0x000000002ffe7f30       0x2c /home/charles/linux/code/tfa/mp157_alientek/tf-a-stm32mp-2.2.r1-r0/tf-a-stm32mp-2.2.r1/../build/optee/bl2/io_mtd.o
 .text.mtd_dev_open
                0x000000002ffe7f5c       0x50 /home/charles/linux/code/tfa/mp157_alientek/tf-a-stm32mp-2.2.r1-r0/tf-a-stm32mp-2.2.r1/../build/optee/bl2/io_mtd.o
 .text.register_io_dev_mtd
                0x000000002ffe7fac       0x1c /home/charles/linux/code/tfa/mp157_alientek/tf-a-stm32mp-2.2.r1-r0/tf-a-stm32mp-2.2.r1/../build/optee/bl2/io_mtd.o
                0x000000002ffe7fac                register_io_dev_mtd
 .text.is_valid_dev
                0x000000002ffe7fc8       0x18 /home/charles/linux/code/tfa/mp157_alientek/tf-a-stm32mp-2.2.r1-r0/tf-a-stm32mp-2.2.r1/../build/optee/bl2/io_storage.o
 .text.is_valid_entity
                0x000000002ffe7fe0       0x12 /home/charles/linux/code/tfa/mp157_alientek/tf-a-stm32mp-2.2.r1-r0/tf-a-stm32mp-2.2.r1/../build/optee/bl2/io_storage.o
 *fill*         0x000000002ffe7ff2        0x2 
 .text.free_entity
                0x000000002ffe7ff4       0x44 /home/charles/linux/code/tfa/mp157_alientek/tf-a-stm32mp-2.2.r1-r0/tf-a-stm32mp-2.2.r1/../build/optee/bl2/io_storage.o
 .text.io_register_device
                0x000000002ffe8038       0x28 /home/charles/linux/code/tfa/mp157_alientek/tf-a-stm32mp-2.2.r1-r0/tf-a-stm32mp-2.2.r1/../build/optee/bl2/io_storage.o
                0x000000002ffe8038                io_register_device
 .text.io_dev_open
                0x000000002ffe8060       0x28 /home/charles/linux/code/tfa/mp157_alientek/tf-a-stm32mp-2.2.r1-r0/tf-a-stm32mp-2.2.r1/../build/optee/bl2/io_storage.o
                0x000000002ffe8060                io_dev_open
 .text.io_dev_init
                0x000000002ffe8088       0x34 /home/charles/linux/code/tfa/mp157_alientek/tf-a-stm32mp-2.2.r1-r0/tf-a-stm32mp-2.2.r1/../build/optee/bl2/io_storage.o
                0x000000002ffe8088                io_dev_init
 .text.io_dev_close
                0x000000002ffe80bc       0x30 /home/charles/linux/code/tfa/mp157_alientek/tf-a-stm32mp-2.2.r1-r0/tf-a-stm32mp-2.2.r1/../build/optee/bl2/io_storage.o
                0x000000002ffe80bc                io_dev_close
 .text.io_open  0x000000002ffe80ec       0x98 /home/charles/linux/code/tfa/mp157_alientek/tf-a-stm32mp-2.2.r1-r0/tf-a-stm32mp-2.2.r1/../build/optee/bl2/io_storage.o
                0x000000002ffe80ec                io_open
 .text.io_seek  0x000000002ffe8184       0x4c /home/charles/linux/code/tfa/mp157_alientek/tf-a-stm32mp-2.2.r1-r0/tf-a-stm32mp-2.2.r1/../build/optee/bl2/io_storage.o
                0x000000002ffe8184                io_seek
 .text.io_size  0x000000002ffe81d0       0x34 /home/charles/linux/code/tfa/mp157_alientek/tf-a-stm32mp-2.2.r1-r0/tf-a-stm32mp-2.2.r1/../build/optee/bl2/io_storage.o
                0x000000002ffe81d0                io_size
 .text.io_read  0x000000002ffe8204       0x48 /home/charles/linux/code/tfa/mp157_alientek/tf-a-stm32mp-2.2.r1-r0/tf-a-stm32mp-2.2.r1/../build/optee/bl2/io_storage.o
                0x000000002ffe8204                io_read
 .text.io_close
                0x000000002ffe824c       0x30 /home/charles/linux/code/tfa/mp157_alientek/tf-a-stm32mp-2.2.r1-r0/tf-a-stm32mp-2.2.r1/../build/optee/bl2/io_storage.o
                0x000000002ffe824c                io_close
 .text.hash_write_data
                0x000000002ffe827c       0x68 /home/charles/linux/code/tfa/mp157_alientek/tf-a-stm32mp-2.2.r1-r0/tf-a-stm32mp-2.2.r1/../build/optee/bl2/stm32_hash.o
 .text.stm32_hash_update
                0x000000002ffe82e4       0xb0 /home/charles/linux/code/tfa/mp157_alientek/tf-a-stm32mp-2.2.r1-r0/tf-a-stm32mp-2.2.r1/../build/optee/bl2/stm32_hash.o
                0x000000002ffe82e4                stm32_hash_update
 .text.stm32_hash_final
                0x000000002ffe8394      0x100 /home/charles/linux/code/tfa/mp157_alientek/tf-a-stm32mp-2.2.r1-r0/tf-a-stm32mp-2.2.r1/../build/optee/bl2/stm32_hash.o
                0x000000002ffe8394                stm32_hash_final
 .text.stm32_hash_final_update
                0x000000002ffe8494       0x16 /home/charles/linux/code/tfa/mp157_alientek/tf-a-stm32mp-2.2.r1-r0/tf-a-stm32mp-2.2.r1/../build/optee/bl2/stm32_hash.o
                0x000000002ffe8494                stm32_hash_final_update
 *fill*         0x000000002ffe84aa        0x2 
 .text.stm32_hash_init
                0x000000002ffe84ac       0x5c /home/charles/linux/code/tfa/mp157_alientek/tf-a-stm32mp-2.2.r1-r0/tf-a-stm32mp-2.2.r1/../build/optee/bl2/stm32_hash.o
                0x000000002ffe84ac                stm32_hash_init
 .text.stm32_hash_register
                0x000000002ffe8508       0x88 /home/charles/linux/code/tfa/mp157_alientek/tf-a-stm32mp-2.2.r1-r0/tf-a-stm32mp-2.2.r1/../build/optee/bl2/stm32_hash.o
                0x000000002ffe8508                stm32_hash_register
 .text.device_type_stm32image
                0x000000002ffe8590        0x4 /home/charles/linux/code/tfa/mp157_alientek/tf-a-stm32mp-2.2.r1-r0/tf-a-stm32mp-2.2.r1/../build/optee/bl2/io_stm32image.o
 .text.stm32image_dev_close
                0x000000002ffe8594       0x1c /home/charles/linux/code/tfa/mp157_alientek/tf-a-stm32mp-2.2.r1-r0/tf-a-stm32mp-2.2.r1/../build/optee/bl2/io_stm32image.o
 .text.stm32image_partition_close
                0x000000002ffe85b0        0xc /home/charles/linux/code/tfa/mp157_alientek/tf-a-stm32mp-2.2.r1-r0/tf-a-stm32mp-2.2.r1/../build/optee/bl2/io_stm32image.o
 .text.stm32image_dev_init
                0x000000002ffe85bc       0x44 /home/charles/linux/code/tfa/mp157_alientek/tf-a-stm32mp-2.2.r1-r0/tf-a-stm32mp-2.2.r1/../build/optee/bl2/io_stm32image.o
 .text.stm32image_partition_read
                0x000000002ffe8600      0x100 /home/charles/linux/code/tfa/mp157_alientek/tf-a-stm32mp-2.2.r1-r0/tf-a-stm32mp-2.2.r1/../build/optee/bl2/io_stm32image.o
 .text.stm32image_partition_size
                0x000000002ffe8700       0xf0 /home/charles/linux/code/tfa/mp157_alientek/tf-a-stm32mp-2.2.r1-r0/tf-a-stm32mp-2.2.r1/../build/optee/bl2/io_stm32image.o
 .text.stm32image_dev_open
                0x000000002ffe87f0       0x64 /home/charles/linux/code/tfa/mp157_alientek/tf-a-stm32mp-2.2.r1-r0/tf-a-stm32mp-2.2.r1/../build/optee/bl2/io_stm32image.o
 .text.stm32image_partition_open
                0x000000002ffe8854       0x64 /home/charles/linux/code/tfa/mp157_alientek/tf-a-stm32mp-2.2.r1-r0/tf-a-stm32mp-2.2.r1/../build/optee/bl2/io_stm32image.o
 .text.register_io_dev_stm32image
                0x000000002ffe88b8       0x2c /home/charles/linux/code/tfa/mp157_alientek/tf-a-stm32mp-2.2.r1-r0/tf-a-stm32mp-2.2.r1/../build/optee/bl2/io_stm32image.o
                0x000000002ffe88b8                register_io_dev_stm32image
 .text.boot_mmc
                0x000000002ffe88e4      0x14c /home/charles/linux/code/tfa/mp157_alientek/tf-a-stm32mp-2.2.r1-r0/tf-a-stm32mp-2.2.r1/../build/optee/bl2/bl2_io_storage.o
 .text.open_storage
                0x000000002ffe8a30       0x10 /home/charles/linux/code/tfa/mp157_alientek/tf-a-stm32mp-2.2.r1-r0/tf-a-stm32mp-2.2.r1/../build/optee/bl2/bl2_io_storage.o
 .text.open_image
                0x000000002ffe8a40       0x10 /home/charles/linux/code/tfa/mp157_alientek/tf-a-stm32mp-2.2.r1-r0/tf-a-stm32mp-2.2.r1/../build/optee/bl2/bl2_io_storage.o
 .text.open_dummy
                0x000000002ffe8a50       0x10 /home/charles/linux/code/tfa/mp157_alientek/tf-a-stm32mp-2.2.r1-r0/tf-a-stm32mp-2.2.r1/../build/optee/bl2/bl2_io_storage.o
 .text.stm32mp_io_setup
                0x000000002ffe8a60      0x2ec /home/charles/linux/code/tfa/mp157_alientek/tf-a-stm32mp-2.2.r1-r0/tf-a-stm32mp-2.2.r1/../build/optee/bl2/bl2_io_storage.o
                0x000000002ffe8a60                stm32mp_io_setup
 .text.plat_get_image_source
                0x000000002ffe8d4c       0x40 /home/charles/linux/code/tfa/mp157_alientek/tf-a-stm32mp-2.2.r1-r0/tf-a-stm32mp-2.2.r1/../build/optee/bl2/bl2_io_storage.o
                0x000000002ffe8d4c                plat_get_image_source
 .text.plat_try_next_boot_source
                0x000000002ffe8d8c       0x9c /home/charles/linux/code/tfa/mp157_alientek/tf-a-stm32mp-2.2.r1-r0/tf-a-stm32mp-2.2.r1/../build/optee/bl2/bl2_io_storage.o
                0x000000002ffe8d8c                plat_try_next_boot_source
 .text.get_boot_device
                0x000000002ffe8e28        0x4 /home/charles/linux/code/tfa/mp157_alientek/tf-a-stm32mp-2.2.r1-r0/tf-a-stm32mp-2.2.r1/../build/optee/bl2/bl2_plat_setup.o
                0x000000002ffe8e28                get_boot_device
 .text.bl2_el3_early_platform_setup
                0x000000002ffe8e2c        0x4 /home/charles/linux/code/tfa/mp157_alientek/tf-a-stm32mp-2.2.r1-r0/tf-a-stm32mp-2.2.r1/../build/optee/bl2/bl2_plat_setup.o
                0x000000002ffe8e2c                bl2_el3_early_platform_setup
 .text.bl2_platform_setup
                0x000000002ffe8e30       0xc8 /home/charles/linux/code/tfa/mp157_alientek/tf-a-stm32mp-2.2.r1-r0/tf-a-stm32mp-2.2.r1/../build/optee/bl2/bl2_plat_setup.o
                0x000000002ffe8e30                bl2_platform_setup
 .text.bl2_el3_plat_arch_setup
                0x000000002ffe8ef8      0x438 /home/charles/linux/code/tfa/mp157_alientek/tf-a-stm32mp-2.2.r1-r0/tf-a-stm32mp-2.2.r1/../build/optee/bl2/bl2_plat_setup.o
                0x000000002ffe8ef8                bl2_el3_plat_arch_setup
 .text.bl2_plat_handle_post_image_load
                0x000000002ffe9330       0xf4 /home/charles/linux/code/tfa/mp157_alientek/tf-a-stm32mp-2.2.r1-r0/tf-a-stm32mp-2.2.r1/../build/optee/bl2/bl2_plat_setup.o
                0x000000002ffe9330                bl2_plat_handle_post_image_load
 .text.auth_get_param.isra.0
                0x000000002ffe9424       0x3e /home/charles/linux/code/tfa/mp157_alientek/tf-a-stm32mp-2.2.r1-r0/tf-a-stm32mp-2.2.r1/../build/optee/bl2/auth_mod.o
 .text.plat_set_nv_ctr2
                0x000000002ffe9462        0x6 /home/charles/linux/code/tfa/mp157_alientek/tf-a-stm32mp-2.2.r1-r0/tf-a-stm32mp-2.2.r1/../build/optee/bl2/auth_mod.o
                0x000000002ffe9462                plat_set_nv_ctr2
 .text.auth_mod_get_parent_id
                0x000000002ffe9468       0x40 /home/charles/linux/code/tfa/mp157_alientek/tf-a-stm32mp-2.2.r1-r0/tf-a-stm32mp-2.2.r1/../build/optee/bl2/auth_mod.o
                0x000000002ffe9468                auth_mod_get_parent_id
 .text.auth_mod_init
                0x000000002ffe94a8       0x28 /home/charles/linux/code/tfa/mp157_alientek/tf-a-stm32mp-2.2.r1-r0/tf-a-stm32mp-2.2.r1/../build/optee/bl2/auth_mod.o
                0x000000002ffe94a8                auth_mod_init
 .text.auth_mod_verify_img
                0x000000002ffe94d0      0x284 /home/charles/linux/code/tfa/mp157_alientek/tf-a-stm32mp-2.2.r1-r0/tf-a-stm32mp-2.2.r1/../build/optee/bl2/auth_mod.o
                0x000000002ffe94d0                auth_mod_verify_img
 .text.crypto_mod_init
                0x000000002ffe9754       0x44 /home/charles/linux/code/tfa/mp157_alientek/tf-a-stm32mp-2.2.r1-r0/tf-a-stm32mp-2.2.r1/../build/optee/bl2/crypto_mod.o
                0x000000002ffe9754                crypto_mod_init
 .text.crypto_mod_verify_signature
                0x000000002ffe9798       0x6c /home/charles/linux/code/tfa/mp157_alientek/tf-a-stm32mp-2.2.r1-r0/tf-a-stm32mp-2.2.r1/../build/optee/bl2/crypto_mod.o
                0x000000002ffe9798                crypto_mod_verify_signature
 .text.crypto_mod_verify_hash
                0x000000002ffe9804       0x38 /home/charles/linux/code/tfa/mp157_alientek/tf-a-stm32mp-2.2.r1-r0/tf-a-stm32mp-2.2.r1/../build/optee/bl2/crypto_mod.o
                0x000000002ffe9804                crypto_mod_verify_hash
 .text.img_parser_init
                0x000000002ffe983c       0x94 /home/charles/linux/code/tfa/mp157_alientek/tf-a-stm32mp-2.2.r1-r0/tf-a-stm32mp-2.2.r1/../build/optee/bl2/img_parser_mod.o
                0x000000002ffe983c                img_parser_init
 .text.img_parser_check_integrity
                0x000000002ffe98d0       0x48 /home/charles/linux/code/tfa/mp157_alientek/tf-a-stm32mp-2.2.r1-r0/tf-a-stm32mp-2.2.r1/../build/optee/bl2/img_parser_mod.o
                0x000000002ffe98d0                img_parser_check_integrity
 .text.img_parser_get_auth_param
                0x000000002ffe9918       0x78 /home/charles/linux/code/tfa/mp157_alientek/tf-a-stm32mp-2.2.r1-r0/tf-a-stm32mp-2.2.r1/../build/optee/bl2/img_parser_mod.o
                0x000000002ffe9918                img_parser_get_auth_param
 .text.crypto_verify_hash
                0x000000002ffe9990       0x46 /home/charles/linux/code/tfa/mp157_alientek/tf-a-stm32mp-2.2.r1-r0/tf-a-stm32mp-2.2.r1/../build/optee/bl2/stm32mp_crypto_lib.o
 *fill*         0x000000002ffe99d6        0x2 
 .text.crypto_verify_signature
                0x000000002ffe99d8      0x100 /home/charles/linux/code/tfa/mp157_alientek/tf-a-stm32mp-2.2.r1-r0/tf-a-stm32mp-2.2.r1/../build/optee/bl2/stm32mp_crypto_lib.o
 .text.crypto_lib_init
                0x000000002ffe9ad8       0x60 /home/charles/linux/code/tfa/mp157_alientek/tf-a-stm32mp-2.2.r1-r0/tf-a-stm32mp-2.2.r1/../build/optee/bl2/stm32mp_crypto_lib.o
 .text.img_lib_init
                0x000000002ffe9b38        0x2 /home/charles/linux/code/tfa/mp157_alientek/tf-a-stm32mp-2.2.r1-r0/tf-a-stm32mp-2.2.r1/../build/optee/bl2/stm32mp_img_parser_lib.o
 .text.img_get_auth_param
                0x000000002ffe9b3a       0x74 /home/charles/linux/code/tfa/mp157_alientek/tf-a-stm32mp-2.2.r1-r0/tf-a-stm32mp-2.2.r1/../build/optee/bl2/stm32mp_img_parser_lib.o
 .text.img_check_integrity
                0x000000002ffe9bae       0x12 /home/charles/linux/code/tfa/mp157_alientek/tf-a-stm32mp-2.2.r1-r0/tf-a-stm32mp-2.2.r1/../build/optee/bl2/stm32mp_img_parser_lib.o
 .text.plat_get_rotpk_info
                0x000000002ffe9bc0       0x8c /home/charles/linux/code/tfa/mp157_alientek/tf-a-stm32mp-2.2.r1-r0/tf-a-stm32mp-2.2.r1/../build/optee/bl2/stm32mp_trusted_boot.o
                0x000000002ffe9bc0                plat_get_rotpk_info
 .text.plat_get_nv_ctr
                0x000000002ffe9c4c       0x1c /home/charles/linux/code/tfa/mp157_alientek/tf-a-stm32mp-2.2.r1-r0/tf-a-stm32mp-2.2.r1/../build/optee/bl2/stm32mp_trusted_boot.o
                0x000000002ffe9c4c                plat_get_nv_ctr
 .text.plat_set_nv_ctr
                0x000000002ffe9c68        0x6 /home/charles/linux/code/tfa/mp157_alientek/tf-a-stm32mp-2.2.r1-r0/tf-a-stm32mp-2.2.r1/../build/optee/bl2/stm32mp_trusted_boot.o
                0x000000002ffe9c68                plat_set_nv_ctr
 *fill*         0x000000002ffe9c6e        0x2 
 .text.mmc_send_cmd
                0x000000002ffe9c70       0x44 /home/charles/linux/code/tfa/mp157_alientek/tf-a-stm32mp-2.2.r1-r0/tf-a-stm32mp-2.2.r1/../build/optee/bl2/mmc.o
 .text.mmc_device_state
                0x000000002ffe9cb4       0x44 /home/charles/linux/code/tfa/mp157_alientek/tf-a-stm32mp-2.2.r1-r0/tf-a-stm32mp-2.2.r1/../build/optee/bl2/mmc.o
 .text.mmc_reset_to_idle
                0x000000002ffe9cf8       0x1c /home/charles/linux/code/tfa/mp157_alientek/tf-a-stm32mp-2.2.r1-r0/tf-a-stm32mp-2.2.r1/../build/optee/bl2/mmc.o
 .text.mmc_set_ext_csd
                0x000000002ffe9d14       0x34 /home/charles/linux/code/tfa/mp157_alientek/tf-a-stm32mp-2.2.r1-r0/tf-a-stm32mp-2.2.r1/../build/optee/bl2/mmc.o
 .text.sd_switch.constprop.0
                0x000000002ffe9d48       0x48 /home/charles/linux/code/tfa/mp157_alientek/tf-a-stm32mp-2.2.r1-r0/tf-a-stm32mp-2.2.r1/../build/optee/bl2/mmc.o
 .text.mmc_read_blocks
                0x000000002ffe9d90       0xc8 /home/charles/linux/code/tfa/mp157_alientek/tf-a-stm32mp-2.2.r1-r0/tf-a-stm32mp-2.2.r1/../build/optee/bl2/mmc.o
                0x000000002ffe9d90                mmc_read_blocks
 .text.mmc_init
                0x000000002ffe9e58      0x4fc /home/charles/linux/code/tfa/mp157_alientek/tf-a-stm32mp-2.2.r1-r0/tf-a-stm32mp-2.2.r1/../build/optee/bl2/mmc.o
                0x000000002ffe9e58                mmc_init
 .text.parse_gpt_entry
                0x000000002ffea354       0x9c /home/charles/linux/code/tfa/mp157_alientek/tf-a-stm32mp-2.2.r1-r0/tf-a-stm32mp-2.2.r1/../build/optee/bl2/gpt.o
                0x000000002ffea354                parse_gpt_entry
 .text.load_partition_table
                0x000000002ffea3f0      0x1f4 /home/charles/linux/code/tfa/mp157_alientek/tf-a-stm32mp-2.2.r1-r0/tf-a-stm32mp-2.2.r1/../build/optee/bl2/partition.o
                0x000000002ffea3f0                load_partition_table
 .text.get_partition_entry
                0x000000002ffea5e4       0x40 /home/charles/linux/code/tfa/mp157_alientek/tf-a-stm32mp-2.2.r1-r0/tf-a-stm32mp-2.2.r1/../build/optee/bl2/partition.o
                0x000000002ffea5e4                get_partition_entry
 .text.partition_init
                0x000000002ffea624        0x4 /home/charles/linux/code/tfa/mp157_alientek/tf-a-stm32mp-2.2.r1-r0/tf-a-stm32mp-2.2.r1/../build/optee/bl2/partition.o
                0x000000002ffea624                partition_init
 .text.device_type_mmc
                0x000000002ffea628        0x4 /home/charles/linux/code/tfa/mp157_alientek/tf-a-stm32mp-2.2.r1-r0/tf-a-stm32mp-2.2.r1/../build/optee/bl2/io_mmc.o
 .text.mmc_dev_init
                0x000000002ffea62c        0x4 /home/charles/linux/code/tfa/mp157_alientek/tf-a-stm32mp-2.2.r1-r0/tf-a-stm32mp-2.2.r1/../build/optee/bl2/io_mmc.o
 .text.mmc_block_open
                0x000000002ffea630       0x10 /home/charles/linux/code/tfa/mp157_alientek/tf-a-stm32mp-2.2.r1-r0/tf-a-stm32mp-2.2.r1/../build/optee/bl2/io_mmc.o
 .text.mmc_block_seek
                0x000000002ffea640       0x14 /home/charles/linux/code/tfa/mp157_alientek/tf-a-stm32mp-2.2.r1-r0/tf-a-stm32mp-2.2.r1/../build/optee/bl2/io_mmc.o
 .text.mmc_block_close
                0x000000002ffea654        0x4 /home/charles/linux/code/tfa/mp157_alientek/tf-a-stm32mp-2.2.r1-r0/tf-a-stm32mp-2.2.r1/../build/optee/bl2/io_mmc.o
 .text.mmc_block_read
                0x000000002ffea658       0x7c /home/charles/linux/code/tfa/mp157_alientek/tf-a-stm32mp-2.2.r1-r0/tf-a-stm32mp-2.2.r1/../build/optee/bl2/io_mmc.o
 .text.mmc_dev_open
                0x000000002ffea6d4       0x1c /home/charles/linux/code/tfa/mp157_alientek/tf-a-stm32mp-2.2.r1-r0/tf-a-stm32mp-2.2.r1/../build/optee/bl2/io_mmc.o
 .text.mmc_dev_close
                0x000000002ffea6f0        0x4 /home/charles/linux/code/tfa/mp157_alientek/tf-a-stm32mp-2.2.r1-r0/tf-a-stm32mp-2.2.r1/../build/optee/bl2/io_mmc.o
 .text.register_io_dev_mmc
                0x000000002ffea6f4       0x28 /home/charles/linux/code/tfa/mp157_alientek/tf-a-stm32mp-2.2.r1-r0/tf-a-stm32mp-2.2.r1/../build/optee/bl2/io_mmc.o
                0x000000002ffea6f4                register_io_dev_mmc
 .text.stm32_sdmmc2_write
                0x000000002ffea71c        0x4 /home/charles/linux/code/tfa/mp157_alientek/tf-a-stm32mp-2.2.r1-r0/tf-a-stm32mp-2.2.r1/../build/optee/bl2/stm32_sdmmc2.o
 .text.dump_registers
                0x000000002ffea720       0xc4 /home/charles/linux/code/tfa/mp157_alientek/tf-a-stm32mp-2.2.r1-r0/tf-a-stm32mp-2.2.r1/../build/optee/bl2/stm32_sdmmc2.o
 .text.stm32_sdmmc2_set_ios
                0x000000002ffea7e4       0x7c /home/charles/linux/code/tfa/mp157_alientek/tf-a-stm32mp-2.2.r1-r0/tf-a-stm32mp-2.2.r1/../build/optee/bl2/stm32_sdmmc2.o
 .text.stm32_sdmmc2_init
                0x000000002ffea860       0x94 /home/charles/linux/code/tfa/mp157_alientek/tf-a-stm32mp-2.2.r1-r0/tf-a-stm32mp-2.2.r1/../build/optee/bl2/stm32_sdmmc2.o
 .text.stm32_sdmmc2_send_cmd
                0x000000002ffea8f4      0x2b4 /home/charles/linux/code/tfa/mp157_alientek/tf-a-stm32mp-2.2.r1-r0/tf-a-stm32mp-2.2.r1/../build/optee/bl2/stm32_sdmmc2.o
 .text.stm32_sdmmc2_stop_transfer
                0x000000002ffeaba8       0x20 /home/charles/linux/code/tfa/mp157_alientek/tf-a-stm32mp-2.2.r1-r0/tf-a-stm32mp-2.2.r1/../build/optee/bl2/stm32_sdmmc2.o
 .text.stm32_sdmmc2_read
                0x000000002ffeabc8      0x12c /home/charles/linux/code/tfa/mp157_alientek/tf-a-stm32mp-2.2.r1-r0/tf-a-stm32mp-2.2.r1/../build/optee/bl2/stm32_sdmmc2.o
 .text.plat_sdmmc2_use_dma
                0x000000002ffeacf4        0x4 /home/charles/linux/code/tfa/mp157_alientek/tf-a-stm32mp-2.2.r1-r0/tf-a-stm32mp-2.2.r1/../build/optee/bl2/stm32_sdmmc2.o
                0x000000002ffeacf4                plat_sdmmc2_use_dma
 .text.stm32_sdmmc2_prepare
                0x000000002ffeacf8       0xb4 /home/charles/linux/code/tfa/mp157_alientek/tf-a-stm32mp-2.2.r1-r0/tf-a-stm32mp-2.2.r1/../build/optee/bl2/stm32_sdmmc2.o
 .text.stm32_sdmmc2_mmc_get_device_size
                0x000000002ffeadac       0x10 /home/charles/linux/code/tfa/mp157_alientek/tf-a-stm32mp-2.2.r1-r0/tf-a-stm32mp-2.2.r1/../build/optee/bl2/stm32_sdmmc2.o
                0x000000002ffeadac                stm32_sdmmc2_mmc_get_device_size
 .text.stm32_sdmmc2_mmc_init
                0x000000002ffeadbc      0x1c4 /home/charles/linux/code/tfa/mp157_alientek/tf-a-stm32mp-2.2.r1-r0/tf-a-stm32mp-2.2.r1/../build/optee/bl2/stm32_sdmmc2.o
                0x000000002ffeadbc                stm32_sdmmc2_mmc_init
 .text.nand_send_addr
                0x000000002ffeaf80       0x38 /home/charles/linux/code/tfa/mp157_alientek/tf-a-stm32mp-2.2.r1-r0/tf-a-stm32mp-2.2.r1/../build/optee/bl2/raw_nand.o
 .text.nand_send_cmd
                0x000000002ffeafb8       0x2c /home/charles/linux/code/tfa/mp157_alientek/tf-a-stm32mp-2.2.r1-r0/tf-a-stm32mp-2.2.r1/../build/optee/bl2/raw_nand.o
 .text.nand_read_data
                0x000000002ffeafe4       0x40 /home/charles/linux/code/tfa/mp157_alientek/tf-a-stm32mp-2.2.r1-r0/tf-a-stm32mp-2.2.r1/../build/optee/bl2/raw_nand.o
 .text.nand_send_wait
                0x000000002ffeb024       0x34 /home/charles/linux/code/tfa/mp157_alientek/tf-a-stm32mp-2.2.r1-r0/tf-a-stm32mp-2.2.r1/../build/optee/bl2/raw_nand.o
 .text.nand_read_param_page
                0x000000002ffeb058       0xf8 /home/charles/linux/code/tfa/mp157_alientek/tf-a-stm32mp-2.2.r1-r0/tf-a-stm32mp-2.2.r1/../build/optee/bl2/raw_nand.o
 .text.nand_change_read_column_cmd
                0x000000002ffeb150       0x58 /home/charles/linux/code/tfa/mp157_alientek/tf-a-stm32mp-2.2.r1-r0/tf-a-stm32mp-2.2.r1/../build/optee/bl2/raw_nand.o
                0x000000002ffeb150                nand_change_read_column_cmd
 .text.nand_read_page_cmd
                0x000000002ffeb1a8       0x98 /home/charles/linux/code/tfa/mp157_alientek/tf-a-stm32mp-2.2.r1-r0/tf-a-stm32mp-2.2.r1/../build/optee/bl2/raw_nand.o
                0x000000002ffeb1a8                nand_read_page_cmd
 .text.nand_mtd_read_page_raw
                0x000000002ffeb240       0x14 /home/charles/linux/code/tfa/mp157_alientek/tf-a-stm32mp-2.2.r1-r0/tf-a-stm32mp-2.2.r1/../build/optee/bl2/raw_nand.o
 .text.nand_mtd_block_is_bad
                0x000000002ffeb254       0x60 /home/charles/linux/code/tfa/mp157_alientek/tf-a-stm32mp-2.2.r1-r0/tf-a-stm32mp-2.2.r1/../build/optee/bl2/raw_nand.o
 .text.nand_wait_ready
                0x000000002ffeb2b4       0x7c /home/charles/linux/code/tfa/mp157_alientek/tf-a-stm32mp-2.2.r1-r0/tf-a-stm32mp-2.2.r1/../build/optee/bl2/raw_nand.o
                0x000000002ffeb2b4                nand_wait_ready
 .text.nand_raw_ctrl_init
                0x000000002ffeb330        0xc /home/charles/linux/code/tfa/mp157_alientek/tf-a-stm32mp-2.2.r1-r0/tf-a-stm32mp-2.2.r1/../build/optee/bl2/raw_nand.o
                0x000000002ffeb330                nand_raw_ctrl_init
 .text.nand_raw_init
                0x000000002ffeb33c       0xf0 /home/charles/linux/code/tfa/mp157_alientek/tf-a-stm32mp-2.2.r1-r0/tf-a-stm32mp-2.2.r1/../build/optee/bl2/raw_nand.o
                0x000000002ffeb33c                nand_raw_init
 .text.fdt32_to_cpu
                0x000000002ffeb42c        0x4 /home/charles/linux/code/tfa/mp157_alientek/tf-a-stm32mp-2.2.r1-r0/tf-a-stm32mp-2.2.r1/../build/optee/bl2/stm32_fmc2_nand.o
 .text.stm32_fmc2_set_buswidth_16
                0x000000002ffeb430       0x20 /home/charles/linux/code/tfa/mp157_alientek/tf-a-stm32mp-2.2.r1-r0/tf-a-stm32mp-2.2.r1/../build/optee/bl2/stm32_fmc2_nand.o
 .text.stm32_fmc2_set_ecc
                0x000000002ffeb450       0x20 /home/charles/linux/code/tfa/mp157_alientek/tf-a-stm32mp-2.2.r1-r0/tf-a-stm32mp-2.2.r1/../build/optee/bl2/stm32_fmc2_nand.o
 .text.stm32_fmc2_setup
                0x000000002ffeb470       0x6c /home/charles/linux/code/tfa/mp157_alientek/tf-a-stm32mp-2.2.r1-r0/tf-a-stm32mp-2.2.r1/../build/optee/bl2/stm32_fmc2_nand.o
 .text.stm32_fmc2_exec
                0x000000002ffeb4dc      0x170 /home/charles/linux/code/tfa/mp157_alientek/tf-a-stm32mp-2.2.r1-r0/tf-a-stm32mp-2.2.r1/../build/optee/bl2/stm32_fmc2_nand.o
 .text.stm32_fmc2_read_page
                0x000000002ffeb64c      0x2f4 /home/charles/linux/code/tfa/mp157_alientek/tf-a-stm32mp-2.2.r1-r0/tf-a-stm32mp-2.2.r1/../build/optee/bl2/stm32_fmc2_nand.o
 .text.stm32_fmc2_init
                0x000000002ffeb940      0x3d8 /home/charles/linux/code/tfa/mp157_alientek/tf-a-stm32mp-2.2.r1-r0/tf-a-stm32mp-2.2.r1/../build/optee/bl2/stm32_fmc2_nand.o
                0x000000002ffeb940                stm32_fmc2_init
 .text.spi_nand_reg
                0x000000002ffebd18       0x4a /home/charles/linux/code/tfa/mp157_alientek/tf-a-stm32mp-2.2.r1-r0/tf-a-stm32mp-2.2.r1/../build/optee/bl2/spi_nand.o
 *fill*         0x000000002ffebd62        0x2 
 .text.spi_nand_load_page
                0x000000002ffebd64       0x54 /home/charles/linux/code/tfa/mp157_alientek/tf-a-stm32mp-2.2.r1-r0/tf-a-stm32mp-2.2.r1/../build/optee/bl2/spi_nand.o
 .text.spi_nand_read_from_cache
                0x000000002ffebdb8       0x50 /home/charles/linux/code/tfa/mp157_alientek/tf-a-stm32mp-2.2.r1-r0/tf-a-stm32mp-2.2.r1/../build/optee/bl2/spi_nand.o
 .text.spi_nand_update_cfg
                0x000000002ffebe08       0x38 /home/charles/linux/code/tfa/mp157_alientek/tf-a-stm32mp-2.2.r1-r0/tf-a-stm32mp-2.2.r1/../build/optee/bl2/spi_nand.o
 .text.spi_nand_wait_ready
                0x000000002ffebe40       0x58 /home/charles/linux/code/tfa/mp157_alientek/tf-a-stm32mp-2.2.r1-r0/tf-a-stm32mp-2.2.r1/../build/optee/bl2/spi_nand.o
 .text.spi_nand_mtd_read_page
                0x000000002ffebe98       0x4c /home/charles/linux/code/tfa/mp157_alientek/tf-a-stm32mp-2.2.r1-r0/tf-a-stm32mp-2.2.r1/../build/optee/bl2/spi_nand.o
 .text.spi_nand_mtd_block_is_bad
                0x000000002ffebee4       0x60 /home/charles/linux/code/tfa/mp157_alientek/tf-a-stm32mp-2.2.r1-r0/tf-a-stm32mp-2.2.r1/../build/optee/bl2/spi_nand.o
 .text.spi_nand_init
                0x000000002ffebf44       0xf8 /home/charles/linux/code/tfa/mp157_alientek/tf-a-stm32mp-2.2.r1-r0/tf-a-stm32mp-2.2.r1/../build/optee/bl2/spi_nand.o
                0x000000002ffebf44                spi_nand_init
 .text.spi_nor_reg
                0x000000002ffec03c       0x32 /home/charles/linux/code/tfa/mp157_alientek/tf-a-stm32mp-2.2.r1-r0/tf-a-stm32mp-2.2.r1/../build/optee/bl2/spi_nor.o
 .text.spi_nor_write_en
                0x000000002ffec06e        0xc /home/charles/linux/code/tfa/mp157_alientek/tf-a-stm32mp-2.2.r1-r0/tf-a-stm32mp-2.2.r1/../build/optee/bl2/spi_nor.o
 .text.spi_nor_read_sr
                0x000000002ffec07a        0xc /home/charles/linux/code/tfa/mp157_alientek/tf-a-stm32mp-2.2.r1-r0/tf-a-stm32mp-2.2.r1/../build/optee/bl2/spi_nor.o
 *fill*         0x000000002ffec086        0x2 
 .text.spi_nor_clean_bar
                0x000000002ffec088       0x30 /home/charles/linux/code/tfa/mp157_alientek/tf-a-stm32mp-2.2.r1-r0/tf-a-stm32mp-2.2.r1/../build/optee/bl2/spi_nor.o
 .text.spi_nor_wait_ready
                0x000000002ffec0b8       0x74 /home/charles/linux/code/tfa/mp157_alientek/tf-a-stm32mp-2.2.r1-r0/tf-a-stm32mp-2.2.r1/../build/optee/bl2/spi_nor.o
 .text.spi_nor_read
                0x000000002ffec12c       0xb4 /home/charles/linux/code/tfa/mp157_alientek/tf-a-stm32mp-2.2.r1-r0/tf-a-stm32mp-2.2.r1/../build/optee/bl2/spi_nor.o
                0x000000002ffec12c                spi_nor_read
 .text.spi_nor_init
                0x000000002ffec1e0      0x18c /home/charles/linux/code/tfa/mp157_alientek/tf-a-stm32mp-2.2.r1-r0/tf-a-stm32mp-2.2.r1/../build/optee/bl2/spi_nor.o
                0x000000002ffec1e0                spi_nor_init
 .text.fdt32_to_cpu
                0x000000002ffec36c        0x4 /home/charles/linux/code/tfa/mp157_alientek/tf-a-stm32mp-2.2.r1-r0/tf-a-stm32mp-2.2.r1/../build/optee/bl2/spi_mem.o
 .text.spi_mem_check_buswidth_req
                0x000000002ffec370       0x40 /home/charles/linux/code/tfa/mp157_alientek/tf-a-stm32mp-2.2.r1-r0/tf-a-stm32mp-2.2.r1/../build/optee/bl2/spi_mem.o
 .text.spi_mem_exec_op
                0x000000002ffec3b0       0x7c /home/charles/linux/code/tfa/mp157_alientek/tf-a-stm32mp-2.2.r1-r0/tf-a-stm32mp-2.2.r1/../build/optee/bl2/spi_mem.o
                0x000000002ffec3b0                spi_mem_exec_op
 .text.spi_mem_init_slave
                0x000000002ffec42c      0x1d8 /home/charles/linux/code/tfa/mp157_alientek/tf-a-stm32mp-2.2.r1-r0/tf-a-stm32mp-2.2.r1/../build/optee/bl2/spi_mem.o
                0x000000002ffec42c                spi_mem_init_slave
 .text.stm32_qspi_read_fifo
                0x000000002ffec604        0x6 /home/charles/linux/code/tfa/mp157_alientek/tf-a-stm32mp-2.2.r1-r0/tf-a-stm32mp-2.2.r1/../build/optee/bl2/stm32_qspi.o
 .text.stm32_qspi_write_fifo
                0x000000002ffec60a        0x6 /home/charles/linux/code/tfa/mp157_alientek/tf-a-stm32mp-2.2.r1-r0/tf-a-stm32mp-2.2.r1/../build/optee/bl2/stm32_qspi.o
 .text.stm32_qspi_claim_bus
                0x000000002ffec610       0x28 /home/charles/linux/code/tfa/mp157_alientek/tf-a-stm32mp-2.2.r1-r0/tf-a-stm32mp-2.2.r1/../build/optee/bl2/stm32_qspi.o
 .text.stm32_qspi_release_bus
                0x000000002ffec638       0x14 /home/charles/linux/code/tfa/mp157_alientek/tf-a-stm32mp-2.2.r1-r0/tf-a-stm32mp-2.2.r1/../build/optee/bl2/stm32_qspi.o
 .text.stm32_qspi_wait_for_not_busy
                0x000000002ffec64c       0x58 /home/charles/linux/code/tfa/mp157_alientek/tf-a-stm32mp-2.2.r1-r0/tf-a-stm32mp-2.2.r1/../build/optee/bl2/stm32_qspi.o
 .text.stm32_qspi_set_mode
                0x000000002ffec6a4       0x3c /home/charles/linux/code/tfa/mp157_alientek/tf-a-stm32mp-2.2.r1-r0/tf-a-stm32mp-2.2.r1/../build/optee/bl2/stm32_qspi.o
 .text.stm32_qspi_set_speed
                0x000000002ffec6e0       0x74 /home/charles/linux/code/tfa/mp157_alientek/tf-a-stm32mp-2.2.r1-r0/tf-a-stm32mp-2.2.r1/../build/optee/bl2/stm32_qspi.o
 .text.stm32_qspi_exec_op
                0x000000002ffec754      0x240 /home/charles/linux/code/tfa/mp157_alientek/tf-a-stm32mp-2.2.r1-r0/tf-a-stm32mp-2.2.r1/../build/optee/bl2/stm32_qspi.o
 .text.stm32_qspi_init
                0x000000002ffec994       0xcc /home/charles/linux/code/tfa/mp157_alientek/tf-a-stm32mp-2.2.r1-r0/tf-a-stm32mp-2.2.r1/../build/optee/bl2/stm32_qspi.o
                0x000000002ffec994                stm32_qspi_init
 .text.nand_read
                0x000000002ffeca60      0x118 /home/charles/linux/code/tfa/mp157_alientek/tf-a-stm32mp-2.2.r1-r0/tf-a-stm32mp-2.2.r1/../build/optee/bl2/core.o
                0x000000002ffeca60                nand_read
 .text.get_nand_device
                0x000000002ffecb78        0x8 /home/charles/linux/code/tfa/mp157_alientek/tf-a-stm32mp-2.2.r1-r0/tf-a-stm32mp-2.2.r1/../build/optee/bl2/core.o
                0x000000002ffecb78                get_nand_device
 .text.get_data_from_otp
                0x000000002ffecb80       0xe0 /home/charles/linux/code/tfa/mp157_alientek/tf-a-stm32mp-2.2.r1-r0/tf-a-stm32mp-2.2.r1/../build/optee/bl2/stm32mp1_boot_device.o
 .text.plat_get_raw_nand_data
                0x000000002ffecc60       0x10 /home/charles/linux/code/tfa/mp157_alientek/tf-a-stm32mp-2.2.r1-r0/tf-a-stm32mp-2.2.r1/../build/optee/bl2/stm32mp1_boot_device.o
                0x000000002ffecc60                plat_get_raw_nand_data
 .text.plat_get_spi_nand_data
                0x000000002ffecc70       0x32 /home/charles/linux/code/tfa/mp157_alientek/tf-a-stm32mp-2.2.r1-r0/tf-a-stm32mp-2.2.r1/../build/optee/bl2/stm32mp1_boot_device.o
                0x000000002ffecc70                plat_get_spi_nand_data
 .text.plat_get_nor_data
                0x000000002ffecca2       0x2c /home/charles/linux/code/tfa/mp157_alientek/tf-a-stm32mp-2.2.r1-r0/tf-a-stm32mp-2.2.r1/../build/optee/bl2/stm32mp1_boot_device.o
                0x000000002ffecca2                plat_get_nor_data
 *fill*         0x000000002ffeccce        0x2 
 .text.set_reg  0x000000002ffeccd0       0x54 /home/charles/linux/code/tfa/mp157_alientek/tf-a-stm32mp-2.2.r1-r0/tf-a-stm32mp-2.2.r1/../build/optee/bl2/stm32mp1_ddr.o
 .text.board_ddr_power_init
                0x000000002ffecd24       0x1a /home/charles/linux/code/tfa/mp157_alientek/tf-a-stm32mp-2.2.r1-r0/tf-a-stm32mp-2.2.r1/../build/optee/bl2/stm32mp1_ddr.o
 .text.stm32mp1_mode_register_write.isra.0
                0x000000002ffecd3e       0x22 /home/charles/linux/code/tfa/mp157_alientek/tf-a-stm32mp-2.2.r1-r0/tf-a-stm32mp-2.2.r1/../build/optee/bl2/stm32mp1_ddr.o
 .text.stm32mp1_wait_sw_done_ack
                0x000000002ffecd60       0x54 /home/charles/linux/code/tfa/mp157_alientek/tf-a-stm32mp-2.2.r1-r0/tf-a-stm32mp-2.2.r1/../build/optee/bl2/stm32mp1_ddr.o
 .text.stm32mp1_wait_operating_mode.isra.0
                0x000000002ffecdb4       0x6c /home/charles/linux/code/tfa/mp157_alientek/tf-a-stm32mp-2.2.r1-r0/tf-a-stm32mp-2.2.r1/../build/optee/bl2/stm32mp1_ddr.o
 .text.stm32mp1_ddrphy_idone_wait
                0x000000002ffece20       0x64 /home/charles/linux/code/tfa/mp157_alientek/tf-a-stm32mp-2.2.r1-r0/tf-a-stm32mp-2.2.r1/../build/optee/bl2/stm32mp1_ddr.o
 .text.stm32mp1_ddr_init
                0x000000002ffece84      0x4e0 /home/charles/linux/code/tfa/mp157_alientek/tf-a-stm32mp-2.2.r1-r0/tf-a-stm32mp-2.2.r1/../build/optee/bl2/stm32mp1_ddr.o
                0x000000002ffece84                stm32mp1_ddr_init
 .text.stm32mp1_ddr_setup
                0x000000002ffed364      0x36c /home/charles/linux/code/tfa/mp157_alientek/tf-a-stm32mp-2.2.r1-r0/tf-a-stm32mp-2.2.r1/../build/optee/bl2/stm32mp1_ram.o
 .text.stm32mp1_ddr_clk_enable
                0x000000002ffed6d0       0x44 /home/charles/linux/code/tfa/mp157_alientek/tf-a-stm32mp-2.2.r1-r0/tf-a-stm32mp-2.2.r1/../build/optee/bl2/stm32mp1_ram.o
                0x000000002ffed6d0                stm32mp1_ddr_clk_enable
 .text.stm32mp1_ddr_probe
                0x000000002ffed714       0x3c /home/charles/linux/code/tfa/mp157_alientek/tf-a-stm32mp-2.2.r1-r0/tf-a-stm32mp-2.2.r1/../build/optee/bl2/stm32mp1_ram.o
                0x000000002ffed714                stm32mp1_ddr_probe
 .text.flush_bl_params_desc_args
                0x000000002ffed750       0x34 /home/charles/linux/code/tfa/mp157_alientek/tf-a-stm32mp-2.2.r1-r0/tf-a-stm32mp-2.2.r1/../build/optee/bl2/desc_image_load.o
                0x000000002ffed750                flush_bl_params_desc_args
 .text.flush_bl_params_desc
                0x000000002ffed784       0x1c /home/charles/linux/code/tfa/mp157_alientek/tf-a-stm32mp-2.2.r1-r0/tf-a-stm32mp-2.2.r1/../build/optee/bl2/desc_image_load.o
                0x000000002ffed784                flush_bl_params_desc
 .text.get_bl_params_node_index
                0x000000002ffed7a0       0x40 /home/charles/linux/code/tfa/mp157_alientek/tf-a-stm32mp-2.2.r1-r0/tf-a-stm32mp-2.2.r1/../build/optee/bl2/desc_image_load.o
                0x000000002ffed7a0                get_bl_params_node_index
 .text.get_bl_mem_params_node
                0x000000002ffed7e0       0x30 /home/charles/linux/code/tfa/mp157_alientek/tf-a-stm32mp-2.2.r1-r0/tf-a-stm32mp-2.2.r1/../build/optee/bl2/desc_image_load.o
                0x000000002ffed7e0                get_bl_mem_params_node
 .text.get_bl_load_info_from_mem_params_desc
                0x000000002ffed810       0x54 /home/charles/linux/code/tfa/mp157_alientek/tf-a-stm32mp-2.2.r1-r0/tf-a-stm32mp-2.2.r1/../build/optee/bl2/desc_image_load.o
                0x000000002ffed810                get_bl_load_info_from_mem_params_desc
 .text.get_next_bl_params_from_mem_params_desc
                0x000000002ffed864       0xc0 /home/charles/linux/code/tfa/mp157_alientek/tf-a-stm32mp-2.2.r1-r0/tf-a-stm32mp-2.2.r1/../build/optee/bl2/desc_image_load.o
                0x000000002ffed864                get_next_bl_params_from_mem_params_desc
 .text.plat_flush_next_bl_params
                0x000000002ffed924        0x4 /home/charles/linux/code/tfa/mp157_alientek/tf-a-stm32mp-2.2.r1-r0/tf-a-stm32mp-2.2.r1/../build/optee/bl2/plat_image_load.o
                0x000000002ffed924                plat_flush_next_bl_params
 .text.plat_get_bl_image_load_info
                0x000000002ffed928       0xa4 /home/charles/linux/code/tfa/mp157_alientek/tf-a-stm32mp-2.2.r1-r0/tf-a-stm32mp-2.2.r1/../build/optee/bl2/plat_image_load.o
                0x000000002ffed928                plat_get_bl_image_load_info
 .text.plat_get_next_bl_params
                0x000000002ffed9cc        0x4 /home/charles/linux/code/tfa/mp157_alientek/tf-a-stm32mp-2.2.r1-r0/tf-a-stm32mp-2.2.r1/../build/optee/bl2/plat_image_load.o
                0x000000002ffed9cc                plat_get_next_bl_params
 .text.tee_validate_header
                0x000000002ffed9d0       0x30 /home/charles/linux/code/tfa/mp157_alientek/tf-a-stm32mp-2.2.r1-r0/tf-a-stm32mp-2.2.r1/../build/optee/bl2/optee_utils.o
 .text.parse_optee_image
                0x000000002ffeda00       0x5c /home/charles/linux/code/tfa/mp157_alientek/tf-a-stm32mp-2.2.r1-r0/tf-a-stm32mp-2.2.r1/../build/optee/bl2/optee_utils.o
 .text.get_optee_header_ep
                0x000000002ffeda5c       0x44 /home/charles/linux/code/tfa/mp157_alientek/tf-a-stm32mp-2.2.r1-r0/tf-a-stm32mp-2.2.r1/../build/optee/bl2/optee_utils.o
                0x000000002ffeda5c                get_optee_header_ep
 .text.parse_optee_header
                0x000000002ffedaa0       0xf4 /home/charles/linux/code/tfa/mp157_alientek/tf-a-stm32mp-2.2.r1-r0/tf-a-stm32mp-2.2.r1/../build/optee/bl2/optee_utils.o
                0x000000002ffedaa0                parse_optee_header
 .text.bl2_load_images
                0x000000002ffedb94      0x110 /home/charles/linux/code/tfa/mp157_alientek/tf-a-stm32mp-2.2.r1-r0/tf-a-stm32mp-2.2.r1/../build/optee/bl2/bl2_image_load_v2.o
                0x000000002ffedb94                bl2_load_images
 .text.bl2_el3_setup
                0x000000002ffedca4        0xe /home/charles/linux/code/tfa/mp157_alientek/tf-a-stm32mp-2.2.r1-r0/tf-a-stm32mp-2.2.r1/../build/optee/bl2/bl2_main.o
                0x000000002ffedca4                bl2_el3_setup
 *fill*         0x000000002ffedcb2        0x2 
 .text.bl2_main
                0x000000002ffedcb4       0x50 /home/charles/linux/code/tfa/mp157_alientek/tf-a-stm32mp-2.2.r1-r0/tf-a-stm32mp-2.2.r1/../build/optee/bl2/bl2_main.o
                0x000000002ffedcb4                bl2_main
 .text.bl2_arch_setup
                0x000000002ffedd04        0x2 /home/charles/linux/code/tfa/mp157_alientek/tf-a-stm32mp-2.2.r1-r0/tf-a-stm32mp-2.2.r1/../build/optee/bl2/bl2_arch_setup.o
                0x000000002ffedd04                bl2_arch_setup
 *fill*         0x000000002ffedd06        0x2 
 .text.load_auth_image_internal
                0x000000002ffedd08      0x138 /home/charles/linux/code/tfa/mp157_alientek/tf-a-stm32mp-2.2.r1-r0/tf-a-stm32mp-2.2.r1/../build/optee/bl2/bl_common.o
 .text.load_auth_image
                0x000000002ffede40       0x22 /home/charles/linux/code/tfa/mp157_alientek/tf-a-stm32mp-2.2.r1-r0/tf-a-stm32mp-2.2.r1/../build/optee/bl2/bl_common.o
                0x000000002ffede40                load_auth_image
 *fill*         0x000000002ffede62        0x2 
 .text.print_entry_point_info
                0x000000002ffede64       0x20 /home/charles/linux/code/tfa/mp157_alientek/tf-a-stm32mp-2.2.r1-r0/tf-a-stm32mp-2.2.r1/../build/optee/bl2/bl_common.o
                0x000000002ffede64                print_entry_point_info
 .text.tf_log   0x000000002ffede84       0x5c /home/charles/linux/code/tfa/mp157_alientek/tf-a-stm32mp-2.2.r1-r0/tf-a-stm32mp-2.2.r1/../build/optee/bl2/tf_log.o
                0x000000002ffede84                tf_log
 .text.console_is_registered
                0x000000002ffedee0       0x2c /home/charles/linux/code/tfa/mp157_alientek/tf-a-stm32mp-2.2.r1-r0/tf-a-stm32mp-2.2.r1/../build/optee/bl2/multi_console.o
                0x000000002ffedee0                console_is_registered
 .text.console_register
                0x000000002ffedf0c       0x40 /home/charles/linux/code/tfa/mp157_alientek/tf-a-stm32mp-2.2.r1-r0/tf-a-stm32mp-2.2.r1/../build/optee/bl2/multi_console.o
                0x000000002ffedf0c                console_register
 .text.console_set_scope
                0x000000002ffedf4c       0x1c /home/charles/linux/code/tfa/mp157_alientek/tf-a-stm32mp-2.2.r1-r0/tf-a-stm32mp-2.2.r1/../build/optee/bl2/multi_console.o
                0x000000002ffedf4c                console_set_scope
 .text.console_putc
                0x000000002ffedf68       0x58 /home/charles/linux/code/tfa/mp157_alientek/tf-a-stm32mp-2.2.r1-r0/tf-a-stm32mp-2.2.r1/../build/optee/bl2/multi_console.o
                0x000000002ffedf68                console_putc
 .text.console_flush
                0x000000002ffedfc0       0x40 /home/charles/linux/code/tfa/mp157_alientek/tf-a-stm32mp-2.2.r1-r0/tf-a-stm32mp-2.2.r1/../build/optee/bl2/multi_console.o
                0x000000002ffedfc0                console_flush
 .text.bl2_el3_plat_prepare_exit
                0x000000002ffee000        0x2 /home/charles/linux/code/tfa/mp157_alientek/tf-a-stm32mp-2.2.r1-r0/tf-a-stm32mp-2.2.r1/../build/optee/bl2/plat_bl_common.o
                0x000000002ffee000                bl2_el3_plat_prepare_exit
 .text.plat_error_handler
                0x000000002ffee002        0x4 /home/charles/linux/code/tfa/mp157_alientek/tf-a-stm32mp-2.2.r1-r0/tf-a-stm32mp-2.2.r1/../build/optee/bl2/plat_bl_common.o
                0x000000002ffee002                plat_error_handler
 .text.bl2_plat_preload_setup
                0x000000002ffee006        0x2 /home/charles/linux/code/tfa/mp157_alientek/tf-a-stm32mp-2.2.r1-r0/tf-a-stm32mp-2.2.r1/../build/optee/bl2/plat_bl_common.o
                0x000000002ffee006                bl2_plat_preload_setup
 .text.bl2_plat_handle_pre_image_load
                0x000000002ffee008        0x4 /home/charles/linux/code/tfa/mp157_alientek/tf-a-stm32mp-2.2.r1-r0/tf-a-stm32mp-2.2.r1/../build/optee/bl2/plat_bl_common.o
                0x000000002ffee008                bl2_plat_handle_pre_image_load
 .text.plat_log_get_prefix
                0x000000002ffee00c       0x24 /home/charles/linux/code/tfa/mp157_alientek/tf-a-stm32mp-2.2.r1-r0/tf-a-stm32mp-2.2.r1/../build/optee/bl2/plat_log_common.o
                0x000000002ffee00c                plat_log_get_prefix
 .text.__popcountsi2
                0x000000002ffee030       0x2a /home/charles/linux/code/tfa/mp157_alientek/tf-a-stm32mp-2.2.r1-r0/tf-a-stm32mp-2.2.r1/../build/optee/bl2/popcountsi2.o
                0x000000002ffee030                __popcountsi2
 .text.__ctzdi2
                0x000000002ffee05a       0x20 /home/charles/linux/code/tfa/mp157_alientek/tf-a-stm32mp-2.2.r1-r0/tf-a-stm32mp-2.2.r1/../build/optee/bl2/ctzdi2.o
                0x000000002ffee05a                __ctzdi2
 .text.__udivmoddi4
                0x000000002ffee07a      0x19e /home/charles/linux/code/tfa/mp157_alientek/tf-a-stm32mp-2.2.r1-r0/tf-a-stm32mp-2.2.r1/../build/optee/bl2/udivmoddi4.o
                0x000000002ffee07a                __udivmoddi4
 .text.plat_get_syscnt_freq2
                0x000000002ffee218        0x6 /home/charles/linux/code/tfa/mp157_alientek/tf-a-stm32mp-2.2.r1-r0/tf-a-stm32mp-2.2.r1/../build/optee/bl2/stm32mp_common.o
                0x000000002ffee218                plat_get_syscnt_freq2
 *fill*         0x000000002ffee21e        0x2 
 .text.stm32mp_save_boot_ctx_address
                0x000000002ffee220        0xc /home/charles/linux/code/tfa/mp157_alientek/tf-a-stm32mp-2.2.r1-r0/tf-a-stm32mp-2.2.r1/../build/optee/bl2/stm32mp_common.o
                0x000000002ffee220                stm32mp_save_boot_ctx_address
 .text.stm32mp_get_boot_ctx_address
                0x000000002ffee22c        0xc /home/charles/linux/code/tfa/mp157_alientek/tf-a-stm32mp-2.2.r1-r0/tf-a-stm32mp-2.2.r1/../build/optee/bl2/stm32mp_common.o
                0x000000002ffee22c                stm32mp_get_boot_ctx_address
 .text.stm32mp_ddrctrl_base
                0x000000002ffee238        0x8 /home/charles/linux/code/tfa/mp157_alientek/tf-a-stm32mp-2.2.r1-r0/tf-a-stm32mp-2.2.r1/../build/optee/bl2/stm32mp_common.o
                0x000000002ffee238                stm32mp_ddrctrl_base
 .text.stm32mp_ddrphyc_base
                0x000000002ffee240        0x8 /home/charles/linux/code/tfa/mp157_alientek/tf-a-stm32mp-2.2.r1-r0/tf-a-stm32mp-2.2.r1/../build/optee/bl2/stm32mp_common.o
                0x000000002ffee240                stm32mp_ddrphyc_base
 .text.stm32mp_pwr_base
                0x000000002ffee248        0x8 /home/charles/linux/code/tfa/mp157_alientek/tf-a-stm32mp-2.2.r1-r0/tf-a-stm32mp-2.2.r1/../build/optee/bl2/stm32mp_common.o
                0x000000002ffee248                stm32mp_pwr_base
 .text.stm32mp_rcc_base
                0x000000002ffee250        0x6 /home/charles/linux/code/tfa/mp157_alientek/tf-a-stm32mp-2.2.r1-r0/tf-a-stm32mp-2.2.r1/../build/optee/bl2/stm32mp_common.o
                0x000000002ffee250                stm32mp_rcc_base
 .text.stm32mp_lock_available
                0x000000002ffee256       0x10 /home/charles/linux/code/tfa/mp157_alientek/tf-a-stm32mp-2.2.r1-r0/tf-a-stm32mp-2.2.r1/../build/optee/bl2/stm32mp_common.o
                0x000000002ffee256                stm32mp_lock_available
 *fill*         0x000000002ffee266        0x2 
 .text.stm32_get_gpio_bank_base
                0x000000002ffee268       0x28 /home/charles/linux/code/tfa/mp157_alientek/tf-a-stm32mp-2.2.r1-r0/tf-a-stm32mp-2.2.r1/../build/optee/bl2/stm32mp_common.o
                0x000000002ffee268                stm32_get_gpio_bank_base
 .text.stm32_get_gpio_bank_offset
                0x000000002ffee290       0x20 /home/charles/linux/code/tfa/mp157_alientek/tf-a-stm32mp-2.2.r1-r0/tf-a-stm32mp-2.2.r1/../build/optee/bl2/stm32mp_common.o
                0x000000002ffee290                stm32_get_gpio_bank_offset
 .text.stm32mp_check_header
                0x000000002ffee2b0       0xc0 /home/charles/linux/code/tfa/mp157_alientek/tf-a-stm32mp-2.2.r1-r0/tf-a-stm32mp-2.2.r1/../build/optee/bl2/stm32mp_common.o
                0x000000002ffee2b0                stm32mp_check_header
 .text.stm32mp_get_cpu_supply_name
                0x000000002ffee370       0x2e /home/charles/linux/code/tfa/mp157_alientek/tf-a-stm32mp-2.2.r1-r0/tf-a-stm32mp-2.2.r1/../build/optee/bl2/stm32mp_common.o
                0x000000002ffee370                stm32mp_get_cpu_supply_name
 *fill*         0x000000002ffee39e        0x2 
 .text.stm32mp_save_loaded_header
                0x000000002ffee3a0       0x1c /home/charles/linux/code/tfa/mp157_alientek/tf-a-stm32mp-2.2.r1-r0/tf-a-stm32mp-2.2.r1/../build/optee/bl2/stm32mp_common.o
                0x000000002ffee3a0                stm32mp_save_loaded_header
 .text.stm32mp_delete_loaded_header
                0x000000002ffee3bc       0x1c /home/charles/linux/code/tfa/mp157_alientek/tf-a-stm32mp-2.2.r1-r0/tf-a-stm32mp-2.2.r1/../build/optee/bl2/stm32mp_common.o
                0x000000002ffee3bc                stm32mp_delete_loaded_header
 .text.stm32mp_get_loaded_header
                0x000000002ffee3d8       0x1c /home/charles/linux/code/tfa/mp157_alientek/tf-a-stm32mp-2.2.r1-r0/tf-a-stm32mp-2.2.r1/../build/optee/bl2/stm32mp_common.o
                0x000000002ffee3d8                stm32mp_get_loaded_header
 .text.configure_mmu
                0x000000002ffee3f4       0x1c /home/charles/linux/code/tfa/mp157_alientek/tf-a-stm32mp-2.2.r1-r0/tf-a-stm32mp-2.2.r1/../build/optee/bl2/stm32mp1_private.o
                0x000000002ffee3f4                configure_mmu
 .text.stm32_get_gpio_bank_clock
                0x000000002ffee410       0x20 /home/charles/linux/code/tfa/mp157_alientek/tf-a-stm32mp-2.2.r1-r0/tf-a-stm32mp-2.2.r1/../build/optee/bl2/stm32mp1_private.o
                0x000000002ffee410                stm32_get_gpio_bank_clock
 .text.stm32_get_otp_index
                0x000000002ffee430       0x28 /home/charles/linux/code/tfa/mp157_alientek/tf-a-stm32mp-2.2.r1-r0/tf-a-stm32mp-2.2.r1/../build/optee/bl2/stm32mp1_private.o
                0x000000002ffee430                stm32_get_otp_index
 .text.stm32_get_otp_value_from_idx
                0x000000002ffee458       0x30 /home/charles/linux/code/tfa/mp157_alientek/tf-a-stm32mp-2.2.r1-r0/tf-a-stm32mp-2.2.r1/../build/optee/bl2/stm32mp1_private.o
                0x000000002ffee458                stm32_get_otp_value_from_idx
 .text.stm32_get_otp_value
                0x000000002ffee488       0x48 /home/charles/linux/code/tfa/mp157_alientek/tf-a-stm32mp-2.2.r1-r0/tf-a-stm32mp-2.2.r1/../build/optee/bl2/stm32mp1_private.o
                0x000000002ffee488                stm32_get_otp_value
 .text.get_part_number
                0x000000002ffee4d0       0x4c /home/charles/linux/code/tfa/mp157_alientek/tf-a-stm32mp-2.2.r1-r0/tf-a-stm32mp-2.2.r1/../build/optee/bl2/stm32mp1_private.o
 .text.stm32mp_supports_cpu_opp
                0x000000002ffee51c       0x40 /home/charles/linux/code/tfa/mp157_alientek/tf-a-stm32mp-2.2.r1-r0/tf-a-stm32mp-2.2.r1/../build/optee/bl2/stm32mp1_private.o
                0x000000002ffee51c                stm32mp_supports_cpu_opp
 .text.stm32mp_print_cpuinfo
                0x000000002ffee55c      0x15c /home/charles/linux/code/tfa/mp157_alientek/tf-a-stm32mp-2.2.r1-r0/tf-a-stm32mp-2.2.r1/../build/optee/bl2/stm32mp1_private.o
                0x000000002ffee55c                stm32mp_print_cpuinfo
 .text.stm32mp_print_boardinfo
                0x000000002ffee6b8       0x4c /home/charles/linux/code/tfa/mp157_alientek/tf-a-stm32mp-2.2.r1-r0/tf-a-stm32mp-2.2.r1/../build/optee/bl2/stm32mp1_private.o
                0x000000002ffee6b8                stm32mp_print_boardinfo
 .text.stm32mp_is_closed_device
                0x000000002ffee704       0x24 /home/charles/linux/code/tfa/mp157_alientek/tf-a-stm32mp-2.2.r1-r0/tf-a-stm32mp-2.2.r1/../build/optee/bl2/stm32mp1_private.o
                0x000000002ffee704                stm32mp_is_closed_device
 .text.stm32mp_is_auth_supported
                0x000000002ffee728       0x40 /home/charles/linux/code/tfa/mp157_alientek/tf-a-stm32mp-2.2.r1-r0/tf-a-stm32mp-2.2.r1/../build/optee/bl2/stm32mp1_private.o
                0x000000002ffee728                stm32mp_is_auth_supported
 .text.stm32_iwdg_get_instance
                0x000000002ffee768       0x28 /home/charles/linux/code/tfa/mp157_alientek/tf-a-stm32mp-2.2.r1-r0/tf-a-stm32mp-2.2.r1/../build/optee/bl2/stm32mp1_private.o
                0x000000002ffee768                stm32_iwdg_get_instance
 .text.stm32_iwdg_get_otp_config
                0x000000002ffee790       0x50 /home/charles/linux/code/tfa/mp157_alientek/tf-a-stm32mp-2.2.r1-r0/tf-a-stm32mp-2.2.r1/../build/optee/bl2/stm32mp1_private.o
                0x000000002ffee790                stm32_iwdg_get_otp_config
 .text.stm32_iwdg_shadow_update
                0x000000002ffee7e0       0x74 /home/charles/linux/code/tfa/mp157_alientek/tf-a-stm32mp-2.2.r1-r0/tf-a-stm32mp-2.2.r1/../build/optee/bl2/stm32mp1_private.o
                0x000000002ffee7e0                stm32_iwdg_shadow_update
 .text.plat_bind_regulator
                0x000000002ffee854       0x50 /home/charles/linux/code/tfa/mp157_alientek/tf-a-stm32mp-2.2.r1-r0/tf-a-stm32mp-2.2.r1/../build/optee/bl2/stm32mp1_private.o
                0x000000002ffee854                plat_bind_regulator
 .text.xlat_arch_get_max_supported_pa
                0x000000002ffee8a4        0x8 /home/charles/linux/code/tfa/mp157_alientek/tf-a-stm32mp-2.2.r1-r0/tf-a-stm32mp-2.2.r1/../build/optee/bl2/xlat_tables_arch.o
                0x000000002ffee8a4                xlat_arch_get_max_supported_pa
 .text.xlat_get_min_virt_addr_space_size
                0x000000002ffee8ac        0x6 /home/charles/linux/code/tfa/mp157_alientek/tf-a-stm32mp-2.2.r1-r0/tf-a-stm32mp-2.2.r1/../build/optee/bl2/xlat_tables_arch.o
                0x000000002ffee8ac                xlat_get_min_virt_addr_space_size
 .text.is_dcache_enabled
                0x000000002ffee8b2       0x1c /home/charles/linux/code/tfa/mp157_alientek/tf-a-stm32mp-2.2.r1-r0/tf-a-stm32mp-2.2.r1/../build/optee/bl2/xlat_tables_arch.o
                0x000000002ffee8b2                is_dcache_enabled
 *fill*         0x000000002ffee8ce        0x2 
 .text.xlat_arch_regime_get_xn_desc
                0x000000002ffee8d0       0x28 /home/charles/linux/code/tfa/mp157_alientek/tf-a-stm32mp-2.2.r1-r0/tf-a-stm32mp-2.2.r1/../build/optee/bl2/xlat_tables_arch.o
                0x000000002ffee8d0                xlat_arch_regime_get_xn_desc
 .text.xlat_arch_tlbi_va
                0x000000002ffee8f8       0x30 /home/charles/linux/code/tfa/mp157_alientek/tf-a-stm32mp-2.2.r1-r0/tf-a-stm32mp-2.2.r1/../build/optee/bl2/xlat_tables_arch.o
                0x000000002ffee8f8                xlat_arch_tlbi_va
 .text.xlat_arch_tlbi_va_sync
                0x000000002ffee928       0x10 /home/charles/linux/code/tfa/mp157_alientek/tf-a-stm32mp-2.2.r1-r0/tf-a-stm32mp-2.2.r1/../build/optee/bl2/xlat_tables_arch.o
                0x000000002ffee928                xlat_arch_tlbi_va_sync
 .text.xlat_arch_current_el
                0x000000002ffee938       0x3c /home/charles/linux/code/tfa/mp157_alientek/tf-a-stm32mp-2.2.r1-r0/tf-a-stm32mp-2.2.r1/../build/optee/bl2/xlat_tables_arch.o
                0x000000002ffee938                xlat_arch_current_el
 .text.is_mmu_enabled_ctx
                0x000000002ffee974       0x40 /home/charles/linux/code/tfa/mp157_alientek/tf-a-stm32mp-2.2.r1-r0/tf-a-stm32mp-2.2.r1/../build/optee/bl2/xlat_tables_arch.o
                0x000000002ffee974                is_mmu_enabled_ctx
 .text.setup_mmu_cfg
                0x000000002ffee9b4       0xac /home/charles/linux/code/tfa/mp157_alientek/tf-a-stm32mp-2.2.r1-r0/tf-a-stm32mp-2.2.r1/../build/optee/bl2/xlat_tables_arch.o
                0x000000002ffee9b4                setup_mmu_cfg
 .text.mmap_add_region
                0x000000002ffeea60       0x28 /home/charles/linux/code/tfa/mp157_alientek/tf-a-stm32mp-2.2.r1-r0/tf-a-stm32mp-2.2.r1/../build/optee/bl2/xlat_tables_context.o
                0x000000002ffeea60                mmap_add_region
 .text.mmap_add
                0x000000002ffeea88        0xc /home/charles/linux/code/tfa/mp157_alientek/tf-a-stm32mp-2.2.r1-r0/tf-a-stm32mp-2.2.r1/../build/optee/bl2/xlat_tables_context.o
                0x000000002ffeea88                mmap_add
 .text.mmap_add_dynamic_region
                0x000000002ffeea94       0x28 /home/charles/linux/code/tfa/mp157_alientek/tf-a-stm32mp-2.2.r1-r0/tf-a-stm32mp-2.2.r1/../build/optee/bl2/xlat_tables_context.o
                0x000000002ffeea94                mmap_add_dynamic_region
 .text.mmap_remove_dynamic_region
                0x000000002ffeeabc       0x10 /home/charles/linux/code/tfa/mp157_alientek/tf-a-stm32mp-2.2.r1-r0/tf-a-stm32mp-2.2.r1/../build/optee/bl2/xlat_tables_context.o
                0x000000002ffeeabc                mmap_remove_dynamic_region
 .text.init_xlat_tables
                0x000000002ffeeacc       0x3c /home/charles/linux/code/tfa/mp157_alientek/tf-a-stm32mp-2.2.r1-r0/tf-a-stm32mp-2.2.r1/../build/optee/bl2/xlat_tables_context.o
                0x000000002ffeeacc                init_xlat_tables
 .text.enable_mmu_svc_mon
                0x000000002ffeeb08       0x34 /home/charles/linux/code/tfa/mp157_alientek/tf-a-stm32mp-2.2.r1-r0/tf-a-stm32mp-2.2.r1/../build/optee/bl2/xlat_tables_context.o
                0x000000002ffeeb08                enable_mmu_svc_mon
 .text.mmap_add_region_check
                0x000000002ffeeb3c      0x158 /home/charles/linux/code/tfa/mp157_alientek/tf-a-stm32mp-2.2.r1-r0/tf-a-stm32mp-2.2.r1/../build/optee/bl2/xlat_tables_core.o
 .text.xlat_clean_dcache_range
                0x000000002ffeec94       0x1a /home/charles/linux/code/tfa/mp157_alientek/tf-a-stm32mp-2.2.r1-r0/tf-a-stm32mp-2.2.r1/../build/optee/bl2/xlat_tables_core.o
 *fill*         0x000000002ffeecae        0x2 
 .text.xlat_table_get_index
                0x000000002ffeecb0       0x28 /home/charles/linux/code/tfa/mp157_alientek/tf-a-stm32mp-2.2.r1-r0/tf-a-stm32mp-2.2.r1/../build/optee/bl2/xlat_tables_core.o
 .text.xlat_tables_unmap_region
                0x000000002ffeecd8      0x158 /home/charles/linux/code/tfa/mp157_alientek/tf-a-stm32mp-2.2.r1-r0/tf-a-stm32mp-2.2.r1/../build/optee/bl2/xlat_tables_core.o
 .text.xlat_desc
                0x000000002ffeee30       0xb4 /home/charles/linux/code/tfa/mp157_alientek/tf-a-stm32mp-2.2.r1-r0/tf-a-stm32mp-2.2.r1/../build/optee/bl2/xlat_tables_core.o
                0x000000002ffeee30                xlat_desc
 .text.xlat_tables_map_region
                0x000000002ffeeee4      0x1b4 /home/charles/linux/code/tfa/mp157_alientek/tf-a-stm32mp-2.2.r1-r0/tf-a-stm32mp-2.2.r1/../build/optee/bl2/xlat_tables_core.o
 .text.mmap_add_region_ctx
                0x000000002ffef098       0xf0 /home/charles/linux/code/tfa/mp157_alientek/tf-a-stm32mp-2.2.r1-r0/tf-a-stm32mp-2.2.r1/../build/optee/bl2/xlat_tables_core.o
                0x000000002ffef098                mmap_add_region_ctx
 .text.mmap_add_ctx
                0x000000002ffef188       0x18 /home/charles/linux/code/tfa/mp157_alientek/tf-a-stm32mp-2.2.r1-r0/tf-a-stm32mp-2.2.r1/../build/optee/bl2/xlat_tables_core.o
                0x000000002ffef188                mmap_add_ctx
 .text.mmap_add_dynamic_region_ctx
                0x000000002ffef1a0      0x168 /home/charles/linux/code/tfa/mp157_alientek/tf-a-stm32mp-2.2.r1-r0/tf-a-stm32mp-2.2.r1/../build/optee/bl2/xlat_tables_core.o
                0x000000002ffef1a0                mmap_add_dynamic_region_ctx
 .text.mmap_remove_dynamic_region_ctx
                0x000000002ffef308      0x10c /home/charles/linux/code/tfa/mp157_alientek/tf-a-stm32mp-2.2.r1-r0/tf-a-stm32mp-2.2.r1/../build/optee/bl2/xlat_tables_core.o
                0x000000002ffef308                mmap_remove_dynamic_region_ctx
 .text.init_xlat_tables_ctx
                0x000000002ffef414      0x154 /home/charles/linux/code/tfa/mp157_alientek/tf-a-stm32mp-2.2.r1-r0/tf-a-stm32mp-2.2.r1/../build/optee/bl2/xlat_tables_core.o
                0x000000002ffef414                init_xlat_tables_ctx
 .text.xlat_mmap_print
                0x000000002ffef568        0x2 /home/charles/linux/code/tfa/mp157_alientek/tf-a-stm32mp-2.2.r1-r0/tf-a-stm32mp-2.2.r1/../build/optee/bl2/xlat_tables_utils.o
                0x000000002ffef568                xlat_mmap_print
 .text.xlat_tables_print
                0x000000002ffef56a        0x2 /home/charles/linux/code/tfa/mp157_alientek/tf-a-stm32mp-2.2.r1-r0/tf-a-stm32mp-2.2.r1/../build/optee/bl2/xlat_tables_utils.o
                0x000000002ffef56a                xlat_tables_print
 .text.tzc400_set_action
                0x000000002ffef56c       0x24 /home/charles/linux/code/tfa/mp157_alientek/tf-a-stm32mp-2.2.r1-r0/tf-a-stm32mp-2.2.r1/../build/optee/bl2/tzc400.o
                0x000000002ffef56c                tzc400_set_action
 .text.tzc400_init
                0x000000002ffef590       0x5c /home/charles/linux/code/tfa/mp157_alientek/tf-a-stm32mp-2.2.r1-r0/tf-a-stm32mp-2.2.r1/../build/optee/bl2/tzc400.o
                0x000000002ffef590                tzc400_init
 .text.tzc400_configure_region
                0x000000002ffef5ec       0xbc /home/charles/linux/code/tfa/mp157_alientek/tf-a-stm32mp-2.2.r1-r0/tf-a-stm32mp-2.2.r1/../build/optee/bl2/tzc400.o
                0x000000002ffef5ec                tzc400_configure_region
 .text.tzc400_enable_filters
                0x000000002ffef6a8       0x68 /home/charles/linux/code/tfa/mp157_alientek/tf-a-stm32mp-2.2.r1-r0/tf-a-stm32mp-2.2.r1/../build/optee/bl2/tzc400.o
                0x000000002ffef6a8                tzc400_enable_filters
 .text.tzc400_disable_filters
                0x000000002ffef710       0x4c /home/charles/linux/code/tfa/mp157_alientek/tf-a-stm32mp-2.2.r1-r0/tf-a-stm32mp-2.2.r1/../build/optee/bl2/tzc400.o
                0x000000002ffef710                tzc400_disable_filters
 .text.udelay   0x000000002ffef75c       0x5c /home/charles/linux/code/tfa/mp157_alientek/tf-a-stm32mp-2.2.r1-r0/tf-a-stm32mp-2.2.r1/../build/optee/bl2/delay_timer.o
                0x000000002ffef75c                udelay
 .text.mdelay   0x000000002ffef7b8        0xa /home/charles/linux/code/tfa/mp157_alientek/tf-a-stm32mp-2.2.r1-r0/tf-a-stm32mp-2.2.r1/../build/optee/bl2/delay_timer.o
                0x000000002ffef7b8                mdelay
 *fill*         0x000000002ffef7c2        0x2 
 .text.timer_init
                0x000000002ffef7c4       0x28 /home/charles/linux/code/tfa/mp157_alientek/tf-a-stm32mp-2.2.r1-r0/tf-a-stm32mp-2.2.r1/../build/optee/bl2/delay_timer.o
                0x000000002ffef7c4                timer_init
 .text.get_timer_value
                0x000000002ffef7ec        0x8 /home/charles/linux/code/tfa/mp157_alientek/tf-a-stm32mp-2.2.r1-r0/tf-a-stm32mp-2.2.r1/../build/optee/bl2/generic_delay_timer.o
 .text.generic_delay_timer_init_args
                0x000000002ffef7f4       0x18 /home/charles/linux/code/tfa/mp157_alientek/tf-a-stm32mp-2.2.r1-r0/tf-a-stm32mp-2.2.r1/../build/optee/bl2/generic_delay_timer.o
                0x000000002ffef7f4                generic_delay_timer_init_args
 .text.generic_delay_timer_init
                0x000000002ffef80c       0x44 /home/charles/linux/code/tfa/mp157_alientek/tf-a-stm32mp-2.2.r1-r0/tf-a-stm32mp-2.2.r1/../build/optee/bl2/generic_delay_timer.o
                0x000000002ffef80c                generic_delay_timer_init
 .text.bsec_lock
                0x000000002ffef850       0x18 /home/charles/linux/code/tfa/mp157_alientek/tf-a-stm32mp-2.2.r1-r0/tf-a-stm32mp-2.2.r1/../build/optee/bl2/bsec2.o
 .text.bsec_unlock
                0x000000002ffef868       0x18 /home/charles/linux/code/tfa/mp157_alientek/tf-a-stm32mp-2.2.r1-r0/tf-a-stm32mp-2.2.r1/../build/optee/bl2/bsec2.o
 .text.otp_bank_offset
                0x000000002ffef880       0x18 /home/charles/linux/code/tfa/mp157_alientek/tf-a-stm32mp-2.2.r1-r0/tf-a-stm32mp-2.2.r1/../build/optee/bl2/bsec2.o
 .text.bsec_check_error
                0x000000002ffef898       0x34 /home/charles/linux/code/tfa/mp157_alientek/tf-a-stm32mp-2.2.r1-r0/tf-a-stm32mp-2.2.r1/../build/optee/bl2/bsec2.o
 .text.bsec_find_otp_name_in_dt
                0x000000002ffef8cc      0x104 /home/charles/linux/code/tfa/mp157_alientek/tf-a-stm32mp-2.2.r1-r0/tf-a-stm32mp-2.2.r1/../build/optee/bl2/bsec2.o
                0x000000002ffef8cc                bsec_find_otp_name_in_dt
 .text.bsec_read_otp
                0x000000002ffef9d0       0x20 /home/charles/linux/code/tfa/mp157_alientek/tf-a-stm32mp-2.2.r1-r0/tf-a-stm32mp-2.2.r1/../build/optee/bl2/bsec2.o
                0x000000002ffef9d0                bsec_read_otp
 .text.bsec_read_debug_conf
                0x000000002ffef9f0        0xc /home/charles/linux/code/tfa/mp157_alientek/tf-a-stm32mp-2.2.r1-r0/tf-a-stm32mp-2.2.r1/../build/optee/bl2/bsec2.o
                0x000000002ffef9f0                bsec_read_debug_conf
 .text.bsec_get_status
                0x000000002ffef9fc        0xc /home/charles/linux/code/tfa/mp157_alientek/tf-a-stm32mp-2.2.r1-r0/tf-a-stm32mp-2.2.r1/../build/optee/bl2/bsec2.o
                0x000000002ffef9fc                bsec_get_status
 .text.bsec_power_safmem
                0x000000002ffefa08       0x64 /home/charles/linux/code/tfa/mp157_alientek/tf-a-stm32mp-2.2.r1-r0/tf-a-stm32mp-2.2.r1/../build/optee/bl2/bsec2.o
 .text.bsec_get_version
                0x000000002ffefa6c       0x10 /home/charles/linux/code/tfa/mp157_alientek/tf-a-stm32mp-2.2.r1-r0/tf-a-stm32mp-2.2.r1/../build/optee/bl2/bsec2.o
                0x000000002ffefa6c                bsec_get_version
 .text.bsec_get_id
                0x000000002ffefa7c       0x10 /home/charles/linux/code/tfa/mp157_alientek/tf-a-stm32mp-2.2.r1-r0/tf-a-stm32mp-2.2.r1/../build/optee/bl2/bsec2.o
                0x000000002ffefa7c                bsec_get_id
 .text.bsec_probe
                0x000000002ffefa8c       0x50 /home/charles/linux/code/tfa/mp157_alientek/tf-a-stm32mp-2.2.r1-r0/tf-a-stm32mp-2.2.r1/../build/optee/bl2/bsec2.o
                0x000000002ffefa8c                bsec_probe
 .text.bsec_set_sr_lock
                0x000000002ffefadc       0x38 /home/charles/linux/code/tfa/mp157_alientek/tf-a-stm32mp-2.2.r1-r0/tf-a-stm32mp-2.2.r1/../build/optee/bl2/bsec2.o
                0x000000002ffefadc                bsec_set_sr_lock
 .text.bsec_read_sr_lock
                0x000000002ffefb14       0x38 /home/charles/linux/code/tfa/mp157_alientek/tf-a-stm32mp-2.2.r1-r0/tf-a-stm32mp-2.2.r1/../build/optee/bl2/bsec2.o
                0x000000002ffefb14                bsec_read_sr_lock
 .text.bsec_shadow_register
                0x000000002ffefb4c       0x7c /home/charles/linux/code/tfa/mp157_alientek/tf-a-stm32mp-2.2.r1-r0/tf-a-stm32mp-2.2.r1/../build/optee/bl2/bsec2.o
                0x000000002ffefb4c                bsec_shadow_register
 .text.bsec_set_sw_lock
                0x000000002ffefbc8       0x38 /home/charles/linux/code/tfa/mp157_alientek/tf-a-stm32mp-2.2.r1-r0/tf-a-stm32mp-2.2.r1/../build/optee/bl2/bsec2.o
                0x000000002ffefbc8                bsec_set_sw_lock
 .text.bsec_read_sw_lock
                0x000000002ffefc00       0x38 /home/charles/linux/code/tfa/mp157_alientek/tf-a-stm32mp-2.2.r1-r0/tf-a-stm32mp-2.2.r1/../build/optee/bl2/bsec2.o
                0x000000002ffefc00                bsec_read_sw_lock
 .text.bsec_write_otp
                0x000000002ffefc38       0x44 /home/charles/linux/code/tfa/mp157_alientek/tf-a-stm32mp-2.2.r1-r0/tf-a-stm32mp-2.2.r1/../build/optee/bl2/bsec2.o
                0x000000002ffefc38                bsec_write_otp
 .text.bsec_read_sp_lock
                0x000000002ffefc7c       0x38 /home/charles/linux/code/tfa/mp157_alientek/tf-a-stm32mp-2.2.r1-r0/tf-a-stm32mp-2.2.r1/../build/optee/bl2/bsec2.o
                0x000000002ffefc7c                bsec_read_sp_lock
 .text.bsec_read_permanent_lock
                0x000000002ffefcb4       0x38 /home/charles/linux/code/tfa/mp157_alientek/tf-a-stm32mp-2.2.r1-r0/tf-a-stm32mp-2.2.r1/../build/optee/bl2/bsec2.o
                0x000000002ffefcb4                bsec_read_permanent_lock
 .text.bsec_program_otp
                0x000000002ffefcec       0xe0 /home/charles/linux/code/tfa/mp157_alientek/tf-a-stm32mp-2.2.r1-r0/tf-a-stm32mp-2.2.r1/../build/optee/bl2/bsec2.o
                0x000000002ffefcec                bsec_program_otp
 .text.bsec_shadow_read_otp
                0x000000002ffefdcc       0x3c /home/charles/linux/code/tfa/mp157_alientek/tf-a-stm32mp-2.2.r1-r0/tf-a-stm32mp-2.2.r1/../build/optee/bl2/bsec2.o
                0x000000002ffefdcc                bsec_shadow_read_otp
 .text.fdt_osc_read_freq
                0x000000002ffefe08       0xa0 /home/charles/linux/code/tfa/mp157_alientek/tf-a-stm32mp-2.2.r1-r0/tf-a-stm32mp-2.2.r1/../build/optee/bl2/stm32mp_clkfunc.o
                0x000000002ffefe08                fdt_osc_read_freq
 .text.fdt_osc_read_bool
                0x000000002ffefea8       0x74 /home/charles/linux/code/tfa/mp157_alientek/tf-a-stm32mp-2.2.r1-r0/tf-a-stm32mp-2.2.r1/../build/optee/bl2/stm32mp_clkfunc.o
                0x000000002ffefea8                fdt_osc_read_bool
 .text.fdt_osc_read_uint32_default
                0x000000002ffeff1c       0x74 /home/charles/linux/code/tfa/mp157_alientek/tf-a-stm32mp-2.2.r1-r0/tf-a-stm32mp-2.2.r1/../build/optee/bl2/stm32mp_clkfunc.o
                0x000000002ffeff1c                fdt_osc_read_uint32_default
 .text.fdt_get_rcc_node
                0x000000002ffeff90        0xc /home/charles/linux/code/tfa/mp157_alientek/tf-a-stm32mp-2.2.r1-r0/tf-a-stm32mp-2.2.r1/../build/optee/bl2/stm32mp_clkfunc.o
                0x000000002ffeff90                fdt_get_rcc_node
 .text.fdt_rcc_read_uint32_array
                0x000000002ffeff9c       0x24 /home/charles/linux/code/tfa/mp157_alientek/tf-a-stm32mp-2.2.r1-r0/tf-a-stm32mp-2.2.r1/../build/optee/bl2/stm32mp_clkfunc.o
                0x000000002ffeff9c                fdt_rcc_read_uint32_array
 .text.fdt_rcc_subnode_offset
                0x000000002ffeffc0       0x30 /home/charles/linux/code/tfa/mp157_alientek/tf-a-stm32mp-2.2.r1-r0/tf-a-stm32mp-2.2.r1/../build/optee/bl2/stm32mp_clkfunc.o
                0x000000002ffeffc0                fdt_rcc_subnode_offset
 .text.fdt_rcc_read_prop
                0x000000002ffefff0       0x30 /home/charles/linux/code/tfa/mp157_alientek/tf-a-stm32mp-2.2.r1-r0/tf-a-stm32mp-2.2.r1/../build/optee/bl2/stm32mp_clkfunc.o
                0x000000002ffefff0                fdt_rcc_read_prop
 .text.fdt_get_rcc_secure_status
                0x000000002fff0020       0x18 /home/charles/linux/code/tfa/mp157_alientek/tf-a-stm32mp-2.2.r1-r0/tf-a-stm32mp-2.2.r1/../build/optee/bl2/stm32mp_clkfunc.o
                0x000000002fff0020                fdt_get_rcc_secure_status
 .text.fdt_get_clock_id
                0x000000002fff0038       0x48 /home/charles/linux/code/tfa/mp157_alientek/tf-a-stm32mp-2.2.r1-r0/tf-a-stm32mp-2.2.r1/../build/optee/bl2/stm32mp_clkfunc.o
                0x000000002fff0038                fdt_get_clock_id
 .text.fdt_is_pll1_predefined
                0x000000002fff0080       0x14 /home/charles/linux/code/tfa/mp157_alientek/tf-a-stm32mp-2.2.r1-r0/tf-a-stm32mp-2.2.r1/../build/optee/bl2/stm32mp_clkfunc.o
                0x000000002fff0080                fdt_is_pll1_predefined
 .text.stm32mp_stgen_get_counter
                0x000000002fff0094       0x10 /home/charles/linux/code/tfa/mp157_alientek/tf-a-stm32mp-2.2.r1-r0/tf-a-stm32mp-2.2.r1/../build/optee/bl2/stm32mp_clkfunc.o
                0x000000002fff0094                stm32mp_stgen_get_counter
 .text.stm32mp_stgen_config
                0x000000002fff00a4       0x54 /home/charles/linux/code/tfa/mp157_alientek/tf-a-stm32mp-2.2.r1-r0/tf-a-stm32mp-2.2.r1/../build/optee/bl2/stm32mp_clkfunc.o
                0x000000002fff00a4                stm32mp_stgen_config
 .text.clock_is_always_on
                0x000000002fff00f8       0x1c /home/charles/linux/code/tfa/mp157_alientek/tf-a-stm32mp-2.2.r1-r0/tf-a-stm32mp-2.2.r1/../build/optee/bl2/stm32mp1_clk.o
 .text.stm32mp1_read_pll_freq
                0x000000002fff0114       0xb8 /home/charles/linux/code/tfa/mp157_alientek/tf-a-stm32mp-2.2.r1-r0/tf-a-stm32mp-2.2.r1/../build/optee/bl2/stm32mp1_clk.o
 .text.get_clock_rate
                0x000000002fff01cc      0x198 /home/charles/linux/code/tfa/mp157_alientek/tf-a-stm32mp-2.2.r1-r0/tf-a-stm32mp-2.2.r1/../build/optee/bl2/stm32mp1_clk.o
 .text.stm32mp1_pll_compute_pllxcfgr1
                0x000000002fff0364       0x8c /home/charles/linux/code/tfa/mp157_alientek/tf-a-stm32mp-2.2.r1-r0/tf-a-stm32mp-2.2.r1/../build/optee/bl2/stm32mp1_clk.o
 .text.stm32mp1_pll_start
                0x000000002fff03f0       0x24 /home/charles/linux/code/tfa/mp157_alientek/tf-a-stm32mp-2.2.r1-r0/tf-a-stm32mp-2.2.r1/../build/optee/bl2/stm32mp1_clk.o
 .text.stm32mp1_mco_csg
                0x000000002fff0414       0x3a /home/charles/linux/code/tfa/mp157_alientek/tf-a-stm32mp-2.2.r1-r0/tf-a-stm32mp-2.2.r1/../build/optee/bl2/stm32mp1_clk.o
 .text.stm32mp1_clk_lock
                0x000000002fff044e       0x16 /home/charles/linux/code/tfa/mp157_alientek/tf-a-stm32mp-2.2.r1-r0/tf-a-stm32mp-2.2.r1/../build/optee/bl2/stm32mp1_clk.o
 .text.stm32mp1_clk_unlock
                0x000000002fff0464       0x16 /home/charles/linux/code/tfa/mp157_alientek/tf-a-stm32mp-2.2.r1-r0/tf-a-stm32mp-2.2.r1/../build/optee/bl2/stm32mp1_clk.o
 *fill*         0x000000002fff047a        0x2 
 .text.stm32mp1_pll_stop
                0x000000002fff047c       0x80 /home/charles/linux/code/tfa/mp157_alientek/tf-a-stm32mp-2.2.r1-r0/tf-a-stm32mp-2.2.r1/../build/optee/bl2/stm32mp1_clk.o
 .text.__clk_enable
                0x000000002fff04fc       0x22 /home/charles/linux/code/tfa/mp157_alientek/tf-a-stm32mp-2.2.r1-r0/tf-a-stm32mp-2.2.r1/../build/optee/bl2/stm32mp1_clk.o
 .text.__clk_disable
                0x000000002fff051e       0x24 /home/charles/linux/code/tfa/mp157_alientek/tf-a-stm32mp-2.2.r1-r0/tf-a-stm32mp-2.2.r1/../build/optee/bl2/stm32mp1_clk.o
 *fill*         0x000000002fff0542        0x2 
 .text.stm32mp1_check_pll_conf
                0x000000002fff0544      0x114 /home/charles/linux/code/tfa/mp157_alientek/tf-a-stm32mp-2.2.r1-r0/tf-a-stm32mp-2.2.r1/../build/optee/bl2/stm32mp1_clk.o
 .text.stm32mp1_clk_get_gated_id
                0x000000002fff0658       0x34 /home/charles/linux/code/tfa/mp157_alientek/tf-a-stm32mp-2.2.r1-r0/tf-a-stm32mp-2.2.r1/../build/optee/bl2/stm32mp1_clk.o
 .text.stm32mp1_clk_get_parent
                0x000000002fff068c       0x78 /home/charles/linux/code/tfa/mp157_alientek/tf-a-stm32mp-2.2.r1-r0/tf-a-stm32mp-2.2.r1/../build/optee/bl2/stm32mp1_clk.o
 .text.__stm32mp1_clk_enable
                0x000000002fff0704       0x78 /home/charles/linux/code/tfa/mp157_alientek/tf-a-stm32mp-2.2.r1-r0/tf-a-stm32mp-2.2.r1/../build/optee/bl2/stm32mp1_clk.o
 .text.__stm32mp1_clk_disable
                0x000000002fff077c       0x74 /home/charles/linux/code/tfa/mp157_alientek/tf-a-stm32mp-2.2.r1-r0/tf-a-stm32mp-2.2.r1/../build/optee/bl2/stm32mp1_clk.o
 .text.stm32mp1_pkcs_config
                0x000000002fff07f0       0x26 /home/charles/linux/code/tfa/mp157_alientek/tf-a-stm32mp-2.2.r1-r0/tf-a-stm32mp-2.2.r1/../build/optee/bl2/stm32mp1_clk.o
 *fill*         0x000000002fff0816        0x2 
 .text.stm32mp1_set_clkdiv
                0x000000002fff0818       0x6c /home/charles/linux/code/tfa/mp157_alientek/tf-a-stm32mp-2.2.r1-r0/tf-a-stm32mp-2.2.r1/../build/optee/bl2/stm32mp1_clk.o
 .text.stm32mp1_osc_wait
                0x000000002fff0884       0x84 /home/charles/linux/code/tfa/mp157_alientek/tf-a-stm32mp-2.2.r1-r0/tf-a-stm32mp-2.2.r1/../build/optee/bl2/stm32mp1_clk.o
 .text.stm32mp1_set_clksrc
                0x000000002fff0908       0x80 /home/charles/linux/code/tfa/mp157_alientek/tf-a-stm32mp-2.2.r1-r0/tf-a-stm32mp-2.2.r1/../build/optee/bl2/stm32mp1_clk.o
 .text.stm32mp1_pll_output
                0x000000002fff0988       0x88 /home/charles/linux/code/tfa/mp157_alientek/tf-a-stm32mp-2.2.r1-r0/tf-a-stm32mp-2.2.r1/../build/optee/bl2/stm32mp1_clk.o
 .text.stm32mp1_pll_config_output
                0x000000002fff0a10       0x34 /home/charles/linux/code/tfa/mp157_alientek/tf-a-stm32mp-2.2.r1-r0/tf-a-stm32mp-2.2.r1/../build/optee/bl2/stm32mp1_clk.o
 .text.stm32mp1_pll_config
                0x000000002fff0a44       0x50 /home/charles/linux/code/tfa/mp157_alientek/tf-a-stm32mp-2.2.r1-r0/tf-a-stm32mp-2.2.r1/../build/optee/bl2/stm32mp1_clk.o
 .text.stm32mp1_clk_rcc_regs_lock
                0x000000002fff0a94        0xc /home/charles/linux/code/tfa/mp157_alientek/tf-a-stm32mp-2.2.r1-r0/tf-a-stm32mp-2.2.r1/../build/optee/bl2/stm32mp1_clk.o
                0x000000002fff0a94                stm32mp1_clk_rcc_regs_lock
 .text.stm32mp1_clk_rcc_regs_unlock
                0x000000002fff0aa0        0xc /home/charles/linux/code/tfa/mp157_alientek/tf-a-stm32mp-2.2.r1-r0/tf-a-stm32mp-2.2.r1/../build/optee/bl2/stm32mp1_clk.o
                0x000000002fff0aa0                stm32mp1_clk_rcc_regs_unlock
 .text.stm32mp_clk_enable
                0x000000002fff0aac        0x6 /home/charles/linux/code/tfa/mp157_alientek/tf-a-stm32mp-2.2.r1-r0/tf-a-stm32mp-2.2.r1/../build/optee/bl2/stm32mp1_clk.o
                0x000000002fff0aac                stm32mp_clk_enable
 .text.stm32mp_clk_disable
                0x000000002fff0ab2        0x6 /home/charles/linux/code/tfa/mp157_alientek/tf-a-stm32mp-2.2.r1-r0/tf-a-stm32mp-2.2.r1/../build/optee/bl2/stm32mp1_clk.o
                0x000000002fff0ab2                stm32mp_clk_disable
 .text.stm32mp1_clk_force_enable
                0x000000002fff0ab8        0x6 /home/charles/linux/code/tfa/mp157_alientek/tf-a-stm32mp-2.2.r1-r0/tf-a-stm32mp-2.2.r1/../build/optee/bl2/stm32mp1_clk.o
                0x000000002fff0ab8                stm32mp1_clk_force_enable
 .text.stm32mp_clk_get_rate
                0x000000002fff0abe       0x16 /home/charles/linux/code/tfa/mp157_alientek/tf-a-stm32mp-2.2.r1-r0/tf-a-stm32mp-2.2.r1/../build/optee/bl2/stm32mp1_clk.o
                0x000000002fff0abe                stm32mp_clk_get_rate
 *fill*         0x000000002fff0ad4        0x4 
 .text.clk_get_pll1_settings.part.0
                0x000000002fff0ad8      0x21c /home/charles/linux/code/tfa/mp157_alientek/tf-a-stm32mp-2.2.r1-r0/tf-a-stm32mp-2.2.r1/../build/optee/bl2/stm32mp1_clk.o
 .text.stm32mp1_clk_get_maxfreq_opp
                0x000000002fff0cf4       0x54 /home/charles/linux/code/tfa/mp157_alientek/tf-a-stm32mp-2.2.r1-r0/tf-a-stm32mp-2.2.r1/../build/optee/bl2/stm32mp1_clk.o
                0x000000002fff0cf4                stm32mp1_clk_get_maxfreq_opp
 .text.stm32mp1_clk_lp_load_opp_pll1_settings
                0x000000002fff0d48       0x20 /home/charles/linux/code/tfa/mp157_alientek/tf-a-stm32mp-2.2.r1-r0/tf-a-stm32mp-2.2.r1/../build/optee/bl2/stm32mp1_clk.o
                0x000000002fff0d48                stm32mp1_clk_lp_load_opp_pll1_settings
 .text.stm32mp1_clk_init
                0x000000002fff0d68      0x6b0 /home/charles/linux/code/tfa/mp157_alientek/tf-a-stm32mp-2.2.r1-r0/tf-a-stm32mp-2.2.r1/../build/optee/bl2/stm32mp1_clk.o
                0x000000002fff0d68                stm32mp1_clk_init
 .text.stm32mp1_clk_probe
                0x000000002fff1418       0xa4 /home/charles/linux/code/tfa/mp157_alientek/tf-a-stm32mp-2.2.r1-r0/tf-a-stm32mp-2.2.r1/../build/optee/bl2/stm32mp1_clk.o
                0x000000002fff1418                stm32mp1_clk_probe
 .text.ddr_enable_clock
                0x000000002fff14bc       0x22 /home/charles/linux/code/tfa/mp157_alientek/tf-a-stm32mp-2.2.r1-r0/tf-a-stm32mp-2.2.r1/../build/optee/bl2/stm32mp1_ddr_helpers.o
                0x000000002fff14bc                ddr_enable_clock
 *fill*         0x000000002fff14de        0x2 
 .text.ddr_read_sr_mode