
Memory Configuration

Name             Origin             Length             Attributes
HEADER           0x0000000000000000 0x0000000000003000 rw
RAM              0x000000002ffc2500 0x000000000003cb00 xrw
*default*        0x0000000000000000 0xffffffffffffffff

Linker script and memory map


.glue_7         0x0000000000000000        0x0
 .glue_7        0x0000000000000000        0x0 linker stubs

.glue_7t        0x0000000000000000        0x0
 .glue_7t       0x0000000000000000        0x0 linker stubs

.vfp11_veneer   0x0000000000000000        0x0
 .vfp11_veneer  0x0000000000000000        0x0 linker stubs

.v4_bx          0x0000000000000000        0x0
 .v4_bx         0x0000000000000000        0x0 linker stubs

.text           0x0000000000000000        0x0
 .text          0x0000000000000000        0x0 /home/charles/linux/code/tfa/mp157_alientek/tf-a-stm32mp-2.2.r1-r0/tf-a-stm32mp-2.2.r1/../build/optee/stm32mp1.o

.header         0x0000000000000000        0x0
                0x0000000000000000                __HEADER_START__ = .
 *(.header)
                0x0000000000000000                . = ALIGN (0x4)
                0x0000000000000000                __HEADER_END__ = .
                0x000000002ffc2500                . = 0x2ffc2500

.data           0x000000002ffc2500    0x36e4c
                0x000000002ffc3000                . = ALIGN (0x1000)
 *fill*         0x000000002ffc2500      0xb00 
                0x000000002ffc3000                __DATA_START__ = .
 *(.data*)
 .data          0x000000002ffc3000        0x0 /home/charles/linux/code/tfa/mp157_alientek/tf-a-stm32mp-2.2.r1-r0/tf-a-stm32mp-2.2.r1/../build/optee/stm32mp1.o
                0x000000000001ab00                . = 0x1ab00
 *fill*         0x000000002ffc3000    0x1a000 
                0x000000002ffdd000                __DTB_IMAGE_START__ = .
 *(.dtb_image*)
 .dtb_image     0x000000002ffdd000     0x5920 /home/charles/linux/code/tfa/mp157_alientek/tf-a-stm32mp-2.2.r1-r0/tf-a-stm32mp-2.2.r1/../build/optee/stm32mp1.o
                0x000000002ffe2920                __DTB_IMAGE_END__ = .
                0x0000000000024b00                . = 0x24b00
 *fill*         0x000000002ffe2920     0x46e0 
                0x000000002ffe7000                __BL2_IMAGE_START__ = .
 *(.bl2_image*)
 .bl2_image     0x000000002ffe7000    0x1234c /home/charles/linux/code/tfa/mp157_alientek/tf-a-stm32mp-2.2.r1-r0/tf-a-stm32mp-2.2.r1/../build/optee/stm32mp1.o
                0x000000002fff934c                __BL2_IMAGE_END__ = .
                0x000000002fff934c                __DATA_END__ = .
                0x000000002fff934c                __TF_END__ = .
LOAD /home/charles/linux/code/tfa/mp157_alientek/tf-a-stm32mp-2.2.r1-r0/tf-a-stm32mp-2.2.r1/../build/optee/stm32mp1.o
OUTPUT(/home/charles/linux/code/tfa/mp157_alientek/tf-a-stm32mp-2.2.r1-r0/tf-a-stm32mp-2.2.r1/../build/optee/tf-a-stm32mp157f-ev1.elf elf32-littlearm)

.bss            0x000000002fff934c        0x0
 .bss           0x000000002fff934c        0x0 /home/charles/linux/code/tfa/mp157_alientek/tf-a-stm32mp-2.2.r1-r0/tf-a-stm32mp-2.2.r1/../build/optee/stm32mp1.o

.ARM.attributes
                0x0000000000000000       0x27
 .ARM.attributes
                0x0000000000000000       0x27 /home/charles/linux/code/tfa/mp157_alientek/tf-a-stm32mp-2.2.r1-r0/tf-a-stm32mp-2.2.r1/../build/optee/stm32mp1.o
