Archive member included to satisfy reference by file (symbol)

/home/charles/linux/code/tfa/mp157_alientek/tf-a-stm32mp-2.2.r1-r0/tf-a-stm32mp-2.2.r1/../build/trusted/lib/libfdt.a(fdt.o)
                              /home/charles/linux/code/tfa/mp157_alientek/tf-a-stm32mp-2.2.r1-r0/tf-a-stm32mp-2.2.r1/../build/trusted/bl32/stm32mp_dt.o (fdt_check_header)
/home/charles/linux/code/tfa/mp157_alientek/tf-a-stm32mp-2.2.r1-r0/tf-a-stm32mp-2.2.r1/../build/trusted/lib/libfdt.a(fdt_addresses.o)
                              /home/charles/linux/code/tfa/mp157_alientek/tf-a-stm32mp-2.2.r1-r0/tf-a-stm32mp-2.2.r1/../build/trusted/bl32/stm32mp_dt.o (fdt_address_cells)
/home/charles/linux/code/tfa/mp157_alientek/tf-a-stm32mp-2.2.r1-r0/tf-a-stm32mp-2.2.r1/../build/trusted/lib/libfdt.a(fdt_ro.o)
                              /home/charles/linux/code/tfa/mp157_alientek/tf-a-stm32mp-2.2.r1-r0/tf-a-stm32mp-2.2.r1/../build/trusted/bl32/stm32mp_clkfunc.o (fdt_get_name)
/home/charles/linux/code/tfa/mp157_alientek/tf-a-stm32mp-2.2.r1-r0/tf-a-stm32mp-2.2.r1/../build/trusted/lib/libc.a(assert.o)
                              /home/charles/linux/code/tfa/mp157_alientek/tf-a-stm32mp-2.2.r1-r0/tf-a-stm32mp-2.2.r1/../build/trusted/bl32/sp_min_main.o (__assert)
/home/charles/linux/code/tfa/mp157_alientek/tf-a-stm32mp-2.2.r1-r0/tf-a-stm32mp-2.2.r1/../build/trusted/lib/libc.a(memchr.o)
                              /home/charles/linux/code/tfa/mp157_alientek/tf-a-stm32mp-2.2.r1-r0/tf-a-stm32mp-2.2.r1/../build/trusted/lib/libfdt.a(fdt_ro.o) (memchr)
/home/charles/linux/code/tfa/mp157_alientek/tf-a-stm32mp-2.2.r1-r0/tf-a-stm32mp-2.2.r1/../build/trusted/lib/libc.a(memcmp.o)
                              /home/charles/linux/code/tfa/mp157_alientek/tf-a-stm32mp-2.2.r1-r0/tf-a-stm32mp-2.2.r1/../build/trusted/lib/libfdt.a(fdt.o) (memcmp)
/home/charles/linux/code/tfa/mp157_alientek/tf-a-stm32mp-2.2.r1-r0/tf-a-stm32mp-2.2.r1/../build/trusted/lib/libc.a(memcpy.o)
                              /home/charles/linux/code/tfa/mp157_alientek/tf-a-stm32mp-2.2.r1-r0/tf-a-stm32mp-2.2.r1/../build/trusted/bl32/context_mgmt.o (memcpy)
/home/charles/linux/code/tfa/mp157_alientek/tf-a-stm32mp-2.2.r1-r0/tf-a-stm32mp-2.2.r1/../build/trusted/lib/libc.a(memmove.o)
                              /home/charles/linux/code/tfa/mp157_alientek/tf-a-stm32mp-2.2.r1-r0/tf-a-stm32mp-2.2.r1/../build/trusted/bl32/xlat_tables_core.o (memmove)
/home/charles/linux/code/tfa/mp157_alientek/tf-a-stm32mp-2.2.r1-r0/tf-a-stm32mp-2.2.r1/../build/trusted/lib/libc.a(memset.o)
                              /home/charles/linux/code/tfa/mp157_alientek/tf-a-stm32mp-2.2.r1-r0/tf-a-stm32mp-2.2.r1/../build/trusted/bl32/runtime_svc.o (memset)
/home/charles/linux/code/tfa/mp157_alientek/tf-a-stm32mp-2.2.r1-r0/tf-a-stm32mp-2.2.r1/../build/trusted/lib/libc.a(printf.o)
                              /home/charles/linux/code/tfa/mp157_alientek/tf-a-stm32mp-2.2.r1-r0/tf-a-stm32mp-2.2.r1/../build/trusted/bl32/tf_log.o (vprintf)
/home/charles/linux/code/tfa/mp157_alientek/tf-a-stm32mp-2.2.r1-r0/tf-a-stm32mp-2.2.r1/../build/trusted/lib/libc.a(putchar.o)
                              /home/charles/linux/code/tfa/mp157_alientek/tf-a-stm32mp-2.2.r1-r0/tf-a-stm32mp-2.2.r1/../build/trusted/bl32/tf_log.o (putchar)
/home/charles/linux/code/tfa/mp157_alientek/tf-a-stm32mp-2.2.r1-r0/tf-a-stm32mp-2.2.r1/../build/trusted/lib/libc.a(snprintf.o)
                              /home/charles/linux/code/tfa/mp157_alientek/tf-a-stm32mp-2.2.r1-r0/tf-a-stm32mp-2.2.r1/../build/trusted/bl32/stm32mp1_clk.o (snprintf)
/home/charles/linux/code/tfa/mp157_alientek/tf-a-stm32mp-2.2.r1-r0/tf-a-stm32mp-2.2.r1/../build/trusted/lib/libc.a(strchr.o)
                              /home/charles/linux/code/tfa/mp157_alientek/tf-a-stm32mp-2.2.r1-r0/tf-a-stm32mp-2.2.r1/../build/trusted/bl32/stm32mp_dt.o (strchr)
/home/charles/linux/code/tfa/mp157_alientek/tf-a-stm32mp-2.2.r1-r0/tf-a-stm32mp-2.2.r1/../build/trusted/lib/libc.a(strcmp.o)
                              /home/charles/linux/code/tfa/mp157_alientek/tf-a-stm32mp-2.2.r1-r0/tf-a-stm32mp-2.2.r1/../build/trusted/bl32/stm32mp_pmic.o (strcmp)
/home/charles/linux/code/tfa/mp157_alientek/tf-a-stm32mp-2.2.r1-r0/tf-a-stm32mp-2.2.r1/../build/trusted/lib/libc.a(strlcpy.o)
                              /home/charles/linux/code/tfa/mp157_alientek/tf-a-stm32mp-2.2.r1-r0/tf-a-stm32mp-2.2.r1/../build/trusted/bl32/base.o (strlcpy)
/home/charles/linux/code/tfa/mp157_alientek/tf-a-stm32mp-2.2.r1-r0/tf-a-stm32mp-2.2.r1/../build/trusted/lib/libc.a(strlen.o)
                              /home/charles/linux/code/tfa/mp157_alientek/tf-a-stm32mp-2.2.r1-r0/tf-a-stm32mp-2.2.r1/../build/trusted/bl32/base.o (strlen)
/home/charles/linux/code/tfa/mp157_alientek/tf-a-stm32mp-2.2.r1-r0/tf-a-stm32mp-2.2.r1/../build/trusted/lib/libc.a(strncmp.o)
                              /home/charles/linux/code/tfa/mp157_alientek/tf-a-stm32mp-2.2.r1-r0/tf-a-stm32mp-2.2.r1/../build/trusted/bl32/stm32mp_clkfunc.o (strncmp)
[...]
Memory Configuration

Name             Origin             Length             Attributes
RAM              0x000000002ffed000 0x0000000000012000 xrw
*default*        0x0000000000000000 0xffffffffffffffff

Linker script and memory map

                0x000000002ffed000                . = 0x2ffed000
                0x0000000000000001                ASSERT ((. == ALIGN (0x1000)), BL32_BASE address is not aligned on a page boundary.)

ro              0x000000002ffed000    0x10000
                0x000000002ffed000                __RO_START__ = .
 *entrypoint.o(.text*)
 .text.asm.sp_min_entrypoint
                0x000000002ffed000      0x160 /home/charles/linux/code/tfa/mp157_alientek/tf-a-stm32mp-2.2.r1-r0/tf-a-stm32mp-2.2.r1/../build/trusted/bl32/entrypoint.o
                0x000000002ffed000                sp_min_entrypoint
 .text.asm.sp_min_handle_smc
                0x000000002ffed160       0xcc /home/charles/linux/code/tfa/mp157_alientek/tf-a-stm32mp-2.2.r1-r0/tf-a-stm32mp-2.2.r1/../build/trusted/bl32/entrypoint.o
                0x000000002ffed160                sp_min_handle_smc
 .text.asm.sp_min_handle_fiq
                0x000000002ffed22c       0xb4 /home/charles/linux/code/tfa/mp157_alientek/tf-a-stm32mp-2.2.r1-r0/tf-a-stm32mp-2.2.r1/../build/trusted/bl32/entrypoint.o
                0x000000002ffed22c                sp_min_handle_fiq
 .text.asm.sp_min_warm_entrypoint
                0x000000002ffed2e0       0xe0 /home/charles/linux/code/tfa/mp157_alientek/tf-a-stm32mp-2.2.r1-r0/tf-a-stm32mp-2.2.r1/../build/trusted/bl32/entrypoint.o
                0x000000002ffed2e0                sp_min_warm_entrypoint
 .text.asm.sp_min_exit
                0x000000002ffed3c0       0x84 /home/charles/linux/code/tfa/mp157_alientek/tf-a-stm32mp-2.2.r1-r0/tf-a-stm32mp-2.2.r1/../build/trusted/bl32/entrypoint.o
 *(.text*)
 .text.smc_get_ctx
                0x000000002ffed444       0x24 /home/charles/linux/code/tfa/mp157_alientek/tf-a-stm32mp-2.2.r1-r0/tf-a-stm32mp-2.2.r1/../build/trusted/bl32/sp_min_main.o
                0x000000002ffed444                smc_get_ctx
 .text.smc_get_next_ctx
                0x000000002ffed468       0x14 /home/charles/linux/code/tfa/mp157_alientek/tf-a-stm32mp-2.2.r1-r0/tf-a-stm32mp-2.2.r1/../build/trusted/bl32/sp_min_main.o
                0x000000002ffed468                smc_get_next_ctx
 .text.cm_get_context
                0x000000002ffed47c       0x24 /home/charles/linux/code/tfa/mp157_alientek/tf-a-stm32mp-2.2.r1-r0/tf-a-stm32mp-2.2.r1/../build/trusted/bl32/sp_min_main.o
                0x000000002ffed47c                cm_get_context
 .text.cm_get_context_by_index
                0x000000002ffed4a0       0x20 /home/charles/linux/code/tfa/mp157_alientek/tf-a-stm32mp-2.2.r1-r0/tf-a-stm32mp-2.2.r1/../build/trusted/bl32/sp_min_main.o
                0x000000002ffed4a0                cm_get_context_by_index
 .text.cm_set_context_by_index
                0x000000002ffed4c0       0x20 /home/charles/linux/code/tfa/mp157_alientek/tf-a-stm32mp-2.2.r1-r0/tf-a-stm32mp-2.2.r1/../build/trusted/bl32/sp_min_main.o
                0x000000002ffed4c0                cm_set_context_by_index
 .text.get_arm_std_svc_args
                0x000000002ffed4e0       0x20 /home/charles/linux/code/tfa/mp157_alientek/tf-a-stm32mp-2.2.r1-r0/tf-a-stm32mp-2.2.r1/../build/trusted/bl32/sp_min_main.o
                0x000000002ffed4e0                get_arm_std_svc_args
 .text.sp_min_main
                0x000000002ffed500       0xd8 /home/charles/linux/code/tfa/mp157_alientek/tf-a-stm32mp-2.2.r1-r0/tf-a-stm32mp-2.2.r1/../build/trusted/bl32/sp_min_main.o
                0x000000002ffed500                sp_min_main
 .text.sp_min_warm_boot
                0x000000002ffed5d8       0x84 /home/charles/linux/code/tfa/mp157_alientek/tf-a-stm32mp-2.2.r1-r0/tf-a-stm32mp-2.2.r1/../build/trusted/bl32/sp_min_main.o
                0x000000002ffed5d8                sp_min_warm_boot
 .text.sp_min_fiq
                0x000000002ffed65c       0x16 /home/charles/linux/code/tfa/mp157_alientek/tf-a-stm32mp-2.2.r1-r0/tf-a-stm32mp-2.2.r1/../build/trusted/bl32/sp_min_main.o
                0x000000002ffed65c                sp_min_fiq
 *fill*         0x000000002ffed672        0x2 
 .text.handle_runtime_svc
                0x000000002ffed674       0x60 /home/charles/linux/code/tfa/mp157_alientek/tf-a-stm32mp-2.2.r1-r0/tf-a-stm32mp-2.2.r1/../build/trusted/bl32/runtime_svc.o
                0x000000002ffed674                handle_runtime_svc
 .text.runtime_svc_init
                0x000000002ffed6d4       0xd4 /home/charles/linux/code/tfa/mp157_alientek/tf-a-stm32mp-2.2.r1-r0/tf-a-stm32mp-2.2.r1/../build/trusted/bl32/runtime_svc.o
                0x000000002ffed6d4                runtime_svc_init
 .text.sp_min_plat_runtime_setup
                0x000000002ffed7a8        0x6 /home/charles/linux/code/tfa/mp157_alientek/tf-a-stm32mp-2.2.r1-r0/tf-a-stm32mp-2.2.r1/../build/trusted/bl32/plat_sp_min_common.o
                0x000000002ffed7a8                sp_min_plat_runtime_setup
 *fill*         0x000000002ffed7ae        0x2 
 .text.std_svc_smc_handler
                0x000000002ffed7b0       0x7c /home/charles/linux/code/tfa/mp157_alientek/tf-a-stm32mp-2.2.r1-r0/tf-a-stm32mp-2.2.r1/../build/trusted/bl32/std_svc_setup.o
 .text.std_svc_setup
                0x000000002ffed82c       0x24 /home/charles/linux/code/tfa/mp157_alientek/tf-a-stm32mp-2.2.r1-r0/tf-a-stm32mp-2.2.r1/../build/trusted/bl32/std_svc_setup.o
 .text.cm_setup_context
                0x000000002ffed850       0x78 /home/charles/linux/code/tfa/mp157_alientek/tf-a-stm32mp-2.2.r1-r0/tf-a-stm32mp-2.2.r1/../build/trusted/bl32/context_mgmt.o
                0x000000002ffed850                cm_setup_context
 .text.cm_init_context_by_index
                0x000000002ffed8c8       0x18 /home/charles/linux/code/tfa/mp157_alientek/tf-a-stm32mp-2.2.r1-r0/tf-a-stm32mp-2.2.r1/../build/trusted/bl32/context_mgmt.o
                0x000000002ffed8c8                cm_init_context_by_index
 .text.cm_init_my_context
                0x000000002ffed8e0       0x18 /home/charles/linux/code/tfa/mp157_alientek/tf-a-stm32mp-2.2.r1-r0/tf-a-stm32mp-2.2.r1/../build/trusted/bl32/context_mgmt.o
                0x000000002ffed8e0                cm_init_my_context
 .text.cm_prepare_el3_exit
                0x000000002ffed8f8       0xb4 /home/charles/linux/code/tfa/mp157_alientek/tf-a-stm32mp-2.2.r1-r0/tf-a-stm32mp-2.2.r1/../build/trusted/bl32/context_mgmt.o
                0x000000002ffed8f8                cm_prepare_el3_exit
 .text.errata_needs_reporting
                0x000000002ffed9ac       0x2a /home/charles/linux/code/tfa/mp157_alientek/tf-a-stm32mp-2.2.r1-r0/tf-a-stm32mp-2.2.r1/../build/trusted/bl32/errata_report.o
                0x000000002ffed9ac                errata_needs_reporting
 *fill*         0x000000002ffed9d6        0x2 
 .text.psci_do_cpu_off
                0x000000002ffed9d8       0xb8 /home/charles/linux/code/tfa/mp157_alientek/tf-a-stm32mp-2.2.r1-r0/tf-a-stm32mp-2.2.r1/../build/trusted/bl32/psci_off.o
                0x000000002ffed9d8                psci_do_cpu_off
 .text.psci_cpu_on_start
                0x000000002ffeda90      0x12c /home/charles/linux/code/tfa/mp157_alientek/tf-a-stm32mp-2.2.r1-r0/tf-a-stm32mp-2.2.r1/../build/trusted/bl32/psci_on.o
                0x000000002ffeda90                psci_cpu_on_start
 .text.psci_cpu_on_finish
                0x000000002ffedbbc       0x9c /home/charles/linux/code/tfa/mp157_alientek/tf-a-stm32mp-2.2.r1-r0/tf-a-stm32mp-2.2.r1/../build/trusted/bl32/psci_on.o
                0x000000002ffedbbc                psci_cpu_on_finish
 .text.psci_cpu_suspend_start
                0x000000002ffedc58      0x120 /home/charles/linux/code/tfa/mp157_alientek/tf-a-stm32mp-2.2.r1-r0/tf-a-stm32mp-2.2.r1/../build/trusted/bl32/psci_suspend.o
                0x000000002ffedc58                psci_cpu_suspend_start
 .text.psci_cpu_suspend_finish
                0x000000002ffedd78       0x8c /home/charles/linux/code/tfa/mp157_alientek/tf-a-stm32mp-2.2.r1-r0/tf-a-stm32mp-2.2.r1/../build/trusted/bl32/psci_suspend.o
                0x000000002ffedd78                psci_cpu_suspend_finish
 .text.psci_validate_power_state
                0x000000002ffede04       0x30 /home/charles/linux/code/tfa/mp157_alientek/tf-a-stm32mp-2.2.r1-r0/tf-a-stm32mp-2.2.r1/../build/trusted/bl32/psci_common.o
                0x000000002ffede04                psci_validate_power_state
 .text.psci_query_sys_suspend_pwrstate
                0x000000002ffede34       0x20 /home/charles/linux/code/tfa/mp157_alientek/tf-a-stm32mp-2.2.r1-r0/tf-a-stm32mp-2.2.r1/../build/trusted/bl32/psci_common.o
                0x000000002ffede34                psci_query_sys_suspend_pwrstate
 .text.psci_is_last_on_cpu
                0x000000002ffede54       0x50 /home/charles/linux/code/tfa/mp157_alientek/tf-a-stm32mp-2.2.r1-r0/tf-a-stm32mp-2.2.r1/../build/trusted/bl32/psci_common.o
                0x000000002ffede54                psci_is_last_on_cpu
 .text.psci_init_req_local_pwr_states
                0x000000002ffedea4       0x10 /home/charles/linux/code/tfa/mp157_alientek/tf-a-stm32mp-2.2.r1-r0/tf-a-stm32mp-2.2.r1/../build/trusted/bl32/psci_common.o
                0x000000002ffedea4                psci_init_req_local_pwr_states
 .text.psci_get_target_local_pwr_states
                0x000000002ffedeb4       0x54 /home/charles/linux/code/tfa/mp157_alientek/tf-a-stm32mp-2.2.r1-r0/tf-a-stm32mp-2.2.r1/../build/trusted/bl32/psci_common.o
                0x000000002ffedeb4                psci_get_target_local_pwr_states
 .text.psci_get_parent_pwr_domain_nodes
                0x000000002ffedf08       0x2c /home/charles/linux/code/tfa/mp157_alientek/tf-a-stm32mp-2.2.r1-r0/tf-a-stm32mp-2.2.r1/../build/trusted/bl32/psci_common.o
                0x000000002ffedf08                psci_get_parent_pwr_domain_nodes
 .text.psci_set_pwr_domains_to_run
                0x000000002ffedf34       0x84 /home/charles/linux/code/tfa/mp157_alientek/tf-a-stm32mp-2.2.r1-r0/tf-a-stm32mp-2.2.r1/../build/trusted/bl32/psci_common.o
                0x000000002ffedf34                psci_set_pwr_domains_to_run
 .text.psci_do_state_coordination
                0x000000002ffedfb8       0xbc /home/charles/linux/code/tfa/mp157_alientek/tf-a-stm32mp-2.2.r1-r0/tf-a-stm32mp-2.2.r1/../build/trusted/bl32/psci_common.o
                0x000000002ffedfb8                psci_do_state_coordination
 .text.psci_find_max_off_lvl
                0x000000002ffee074       0x18 /home/charles/linux/code/tfa/mp157_alientek/tf-a-stm32mp-2.2.r1-r0/tf-a-stm32mp-2.2.r1/../build/trusted/bl32/psci_common.o
                0x000000002ffee074                psci_find_max_off_lvl
 .text.psci_find_target_suspend_lvl
                0x000000002ffee08c       0x14 /home/charles/linux/code/tfa/mp157_alientek/tf-a-stm32mp-2.2.r1-r0/tf-a-stm32mp-2.2.r1/../build/trusted/bl32/psci_common.o
                0x000000002ffee08c                psci_find_target_suspend_lvl
 .text.psci_validate_suspend_req
                0x000000002ffee0a0       0x52 /home/charles/linux/code/tfa/mp157_alientek/tf-a-stm32mp-2.2.r1-r0/tf-a-stm32mp-2.2.r1/../build/trusted/bl32/psci_common.o
                0x000000002ffee0a0                psci_validate_suspend_req
 *fill*         0x000000002ffee0f2        0x2 
 .text.psci_acquire_pwr_domain_locks
                0x000000002ffee0f4       0x30 /home/charles/linux/code/tfa/mp157_alientek/tf-a-stm32mp-2.2.r1-r0/tf-a-stm32mp-2.2.r1/../build/trusted/bl32/psci_common.o
                0x000000002ffee0f4                psci_acquire_pwr_domain_locks
 .text.psci_release_pwr_domain_locks
                0x000000002ffee124       0x2c /home/charles/linux/code/tfa/mp157_alientek/tf-a-stm32mp-2.2.r1-r0/tf-a-stm32mp-2.2.r1/../build/trusted/bl32/psci_common.o
                0x000000002ffee124                psci_release_pwr_domain_locks
 .text.psci_validate_mpidr
                0x000000002ffee150       0x12 /home/charles/linux/code/tfa/mp157_alientek/tf-a-stm32mp-2.2.r1-r0/tf-a-stm32mp-2.2.r1/../build/trusted/bl32/psci_common.o
                0x000000002ffee150                psci_validate_mpidr
 *fill*         0x000000002ffee162        0x2 
 .text.psci_validate_entry_point
                0x000000002ffee164       0x94 /home/charles/linux/code/tfa/mp157_alientek/tf-a-stm32mp-2.2.r1-r0/tf-a-stm32mp-2.2.r1/../build/trusted/bl32/psci_common.o
                0x000000002ffee164                psci_validate_entry_point
 .text.psci_warmboot_entrypoint
                0x000000002ffee1f8       0x98 /home/charles/linux/code/tfa/mp157_alientek/tf-a-stm32mp-2.2.r1-r0/tf-a-stm32mp-2.2.r1/../build/trusted/bl32/psci_common.o
                0x000000002ffee1f8                psci_warmboot_entrypoint
 .text.psci_spd_migrate_info
                0x000000002ffee290       0x2c /home/charles/linux/code/tfa/mp157_alientek/tf-a-stm32mp-2.2.r1-r0/tf-a-stm32mp-2.2.r1/../build/trusted/bl32/psci_common.o
                0x000000002ffee290                psci_spd_migrate_info
 .text.psci_print_power_domain_map
                0x000000002ffee2bc       0xb0 /home/charles/linux/code/tfa/mp157_alientek/tf-a-stm32mp-2.2.r1-r0/tf-a-stm32mp-2.2.r1/../build/trusted/bl32/psci_common.o
                0x000000002ffee2bc                psci_print_power_domain_map
 .text.psci_do_pwrdown_sequence
                0x000000002ffee36c        0x4 /home/charles/linux/code/tfa/mp157_alientek/tf-a-stm32mp-2.2.r1-r0/tf-a-stm32mp-2.2.r1/../build/trusted/bl32/psci_common.o
                0x000000002ffee36c                psci_do_pwrdown_sequence
 .text.psci_cpu_on
                0x000000002ffee370       0x2e /home/charles/linux/code/tfa/mp157_alientek/tf-a-stm32mp-2.2.r1-r0/tf-a-stm32mp-2.2.r1/../build/trusted/bl32/psci_main.o
                0x000000002ffee370                psci_cpu_on
 *fill*         0x000000002ffee39e        0x2 
 .text.psci_cpu_suspend
                0x000000002ffee3a0       0xc4 /home/charles/linux/code/tfa/mp157_alientek/tf-a-stm32mp-2.2.r1-r0/tf-a-stm32mp-2.2.r1/../build/trusted/bl32/psci_main.o
                0x000000002ffee3a0                psci_cpu_suspend
 .text.psci_system_suspend
                0x000000002ffee464       0x6c /home/charles/linux/code/tfa/mp157_alientek/tf-a-stm32mp-2.2.r1-r0/tf-a-stm32mp-2.2.r1/../build/trusted/bl32/psci_main.o
                0x000000002ffee464                psci_system_suspend
 .text.psci_cpu_off
                0x000000002ffee4d0       0x1c /home/charles/linux/code/tfa/mp157_alientek/tf-a-stm32mp-2.2.r1-r0/tf-a-stm32mp-2.2.r1/../build/trusted/bl32/psci_main.o
                0x000000002ffee4d0                psci_cpu_off
 .text.psci_affinity_info
                0x000000002ffee4ec       0x2a /home/charles/linux/code/tfa/mp157_alientek/tf-a-stm32mp-2.2.r1-r0/tf-a-stm32mp-2.2.r1/../build/trusted/bl32/psci_main.o
                0x000000002ffee4ec                psci_affinity_info
 *fill*         0x000000002ffee516        0x2 
 .text.psci_migrate
                0x000000002ffee518       0x6c /home/charles/linux/code/tfa/mp157_alientek/tf-a-stm32mp-2.2.r1-r0/tf-a-stm32mp-2.2.r1/../build/trusted/bl32/psci_main.o
                0x000000002ffee518                psci_migrate
 .text.psci_migrate_info_type
                0x000000002ffee584        0xe /home/charles/linux/code/tfa/mp157_alientek/tf-a-stm32mp-2.2.r1-r0/tf-a-stm32mp-2.2.r1/../build/trusted/bl32/psci_main.o
                0x000000002ffee584                psci_migrate_info_type
 .text.psci_migrate_info_up_cpu
                0x000000002ffee592       0x18 /home/charles/linux/code/tfa/mp157_alientek/tf-a-stm32mp-2.2.r1-r0/tf-a-stm32mp-2.2.r1/../build/trusted/bl32/psci_main.o
                0x000000002ffee592                psci_migrate_info_up_cpu
 *fill*         0x000000002ffee5aa        0x2 
 .text.psci_node_hw_state
                0x000000002ffee5ac       0x48 /home/charles/linux/code/tfa/mp157_alientek/tf-a-stm32mp-2.2.r1-r0/tf-a-stm32mp-2.2.r1/../build/trusted/bl32/psci_main.o
                0x000000002ffee5ac                psci_node_hw_state
 .text.psci_features
                0x000000002ffee5f4       0x60 /home/charles/linux/code/tfa/mp157_alientek/tf-a-stm32mp-2.2.r1-r0/tf-a-stm32mp-2.2.r1/../build/trusted/bl32/psci_main.o
                0x000000002ffee5f4                psci_features
 .text.psci_smc_handler
                0x000000002ffee654      0x134 /home/charles/linux/code/tfa/mp157_alientek/tf-a-stm32mp-2.2.r1-r0/tf-a-stm32mp-2.2.r1/../build/trusted/bl32/psci_main.o
                0x000000002ffee654                psci_smc_handler
 .text.psci_arch_setup
                0x000000002ffee788       0x16 /home/charles/linux/code/tfa/mp157_alientek/tf-a-stm32mp-2.2.r1-r0/tf-a-stm32mp-2.2.r1/../build/trusted/bl32/psci_setup.o
                0x000000002ffee788                psci_arch_setup
 *fill*         0x000000002ffee79e        0x2 
 .text.psci_setup
                0x000000002ffee7a0      0x22c /home/charles/linux/code/tfa/mp157_alientek/tf-a-stm32mp-2.2.r1-r0/tf-a-stm32mp-2.2.r1/../build/trusted/bl32/psci_setup.o
                0x000000002ffee7a0                psci_setup
 .text.psci_prepare_next_non_secure_ctx
                0x000000002ffee9cc       0x24 /home/charles/linux/code/tfa/mp157_alientek/tf-a-stm32mp-2.2.r1-r0/tf-a-stm32mp-2.2.r1/../build/trusted/bl32/psci_setup.o
                0x000000002ffee9cc                psci_prepare_next_non_secure_ctx
 .text.psci_system_off
                0x000000002ffee9f0       0x38 /home/charles/linux/code/tfa/mp157_alientek/tf-a-stm32mp-2.2.r1-r0/tf-a-stm32mp-2.2.r1/../build/trusted/bl32/psci_system_off.o
                0x000000002ffee9f0                psci_system_off
 .text.psci_system_reset
                0x000000002ffeea28       0x38 /home/charles/linux/code/tfa/mp157_alientek/tf-a-stm32mp-2.2.r1-r0/tf-a-stm32mp-2.2.r1/../build/trusted/bl32/psci_system_off.o
                0x000000002ffeea28                psci_system_reset
 .text.psci_system_reset2
                0x000000002ffeea60       0x70 /home/charles/linux/code/tfa/mp157_alientek/tf-a-stm32mp-2.2.r1-r0/tf-a-stm32mp-2.2.r1/../build/trusted/bl32/psci_system_off.o
                0x000000002ffeea60                psci_system_reset2
 .text.psci_mem_protect
                0x000000002ffeead0       0x4c /home/charles/linux/code/tfa/mp157_alientek/tf-a-stm32mp-2.2.r1-r0/tf-a-stm32mp-2.2.r1/../build/trusted/bl32/psci_mem_protect.o
                0x000000002ffeead0                psci_mem_protect
 .text.psci_mem_chk_range
                0x000000002ffeeb1c       0x34 /home/charles/linux/code/tfa/mp157_alientek/tf-a-stm32mp-2.2.r1-r0/tf-a-stm32mp-2.2.r1/../build/trusted/bl32/psci_mem_protect.o
                0x000000002ffeeb1c                psci_mem_chk_range
 .text.bakery_lock_get
                0x000000002ffeeb50      0x100 /home/charles/linux/code/tfa/mp157_alientek/tf-a-stm32mp-2.2.r1-r0/tf-a-stm32mp-2.2.r1/../build/trusted/bl32/bakery_lock_normal.o
                0x000000002ffeeb50                bakery_lock_get
 .text.bakery_lock_release
                0x000000002ffeec50       0x58 /home/charles/linux/code/tfa/mp157_alientek/tf-a-stm32mp-2.2.r1-r0/tf-a-stm32mp-2.2.r1/../build/trusted/bl32/bakery_lock_normal.o
                0x000000002ffeec50                bakery_lock_release
 .text.trim_table_init
                0x000000002ffeeca8       0x84 /home/charles/linux/code/tfa/mp157_alientek/tf-a-stm32mp-2.2.r1-r0/tf-a-stm32mp-2.2.r1/../build/trusted/bl32/stm32mp1_calib.o
 .text.csi_get_trimed_cal
                0x000000002ffeed2c       0x20 /home/charles/linux/code/tfa/mp157_alientek/tf-a-stm32mp-2.2.r1-r0/tf-a-stm32mp-2.2.r1/../build/trusted/bl32/stm32mp1_calib.o
 .text.csi_set_trim
                0x000000002ffeed4c       0x28 /home/charles/linux/code/tfa/mp157_alientek/tf-a-stm32mp-2.2.r1-r0/tf-a-stm32mp-2.2.r1/../build/trusted/bl32/stm32mp1_calib.o
 .text.hsi_get_trimed_cal
                0x000000002ffeed74       0x1c /home/charles/linux/code/tfa/mp157_alientek/tf-a-stm32mp-2.2.r1-r0/tf-a-stm32mp-2.2.r1/../build/trusted/bl32/stm32mp1_calib.o
 .text.hsi_set_trim
                0x000000002ffeed90       0x24 /home/charles/linux/code/tfa/mp157_alientek/tf-a-stm32mp-2.2.r1-r0/tf-a-stm32mp-2.2.r1/../build/trusted/bl32/stm32mp1_calib.o
 .text.rcc_calibration
                0x000000002ffeedb4      0x1b0 /home/charles/linux/code/tfa/mp157_alientek/tf-a-stm32mp-2.2.r1-r0/tf-a-stm32mp-2.2.r1/../build/trusted/bl32/stm32mp1_calib.o
 .text.stm32mp1_calib_get_wakeup
                0x000000002ffeef64        0xc /home/charles/linux/code/tfa/mp157_alientek/tf-a-stm32mp-2.2.r1-r0/tf-a-stm32mp-2.2.r1/../build/trusted/bl32/stm32mp1_calib.o
                0x000000002ffeef64                stm32mp1_calib_get_wakeup
 .text.stm32mp1_calib_set_wakeup
                0x000000002ffeef70        0xc /home/charles/linux/code/tfa/mp157_alientek/tf-a-stm32mp-2.2.r1-r0/tf-a-stm32mp-2.2.r1/../build/trusted/bl32/stm32mp1_calib.o
                0x000000002ffeef70                stm32mp1_calib_set_wakeup
 .text.stm32mp1_calib_it_handler
                0x000000002ffeef7c       0x8c /home/charles/linux/code/tfa/mp157_alientek/tf-a-stm32mp-2.2.r1-r0/tf-a-stm32mp-2.2.r1/../build/trusted/bl32/stm32mp1_calib.o
                0x000000002ffeef7c                stm32mp1_calib_it_handler
 .text.stm32mp1_calib_start_hsi_cal
                0x000000002ffef008       0x1c /home/charles/linux/code/tfa/mp157_alientek/tf-a-stm32mp-2.2.r1-r0/tf-a-stm32mp-2.2.r1/../build/trusted/bl32/stm32mp1_calib.o
                0x000000002ffef008                stm32mp1_calib_start_hsi_cal
 .text.stm32mp1_calib_start_csi_cal
                0x000000002ffef024       0x1c /home/charles/linux/code/tfa/mp157_alientek/tf-a-stm32mp-2.2.r1-r0/tf-a-stm32mp-2.2.r1/../build/trusted/bl32/stm32mp1_calib.o
                0x000000002ffef024                stm32mp1_calib_start_csi_cal
 .text.stm32mp1_calib_init
                0x000000002ffef040       0xc8 /home/charles/linux/code/tfa/mp157_alientek/tf-a-stm32mp-2.2.r1-r0/tf-a-stm32mp-2.2.r1/../build/trusted/bl32/stm32mp1_calib.o
                0x000000002ffef040                stm32mp1_calib_init
 .text.etzpc_configure_decprot
                0x000000002ffef108       0x40 /home/charles/linux/code/tfa/mp157_alientek/tf-a-stm32mp-2.2.r1-r0/tf-a-stm32mp-2.2.r1/../build/trusted/bl32/etzpc.o
                0x000000002ffef108                etzpc_configure_decprot
 .text.etzpc_get_decprot
                0x000000002ffef148       0x34 /home/charles/linux/code/tfa/mp157_alientek/tf-a-stm32mp-2.2.r1-r0/tf-a-stm32mp-2.2.r1/../build/trusted/bl32/etzpc.o
                0x000000002ffef148                etzpc_get_decprot
 .text.etzpc_lock_decprot
                0x000000002ffef17c       0x30 /home/charles/linux/code/tfa/mp157_alientek/tf-a-stm32mp-2.2.r1-r0/tf-a-stm32mp-2.2.r1/../build/trusted/bl32/etzpc.o
                0x000000002ffef17c                etzpc_lock_decprot
 .text.etzpc_configure_tzma
                0x000000002ffef1ac       0x24 /home/charles/linux/code/tfa/mp157_alientek/tf-a-stm32mp-2.2.r1-r0/tf-a-stm32mp-2.2.r1/../build/trusted/bl32/etzpc.o
                0x000000002ffef1ac                etzpc_configure_tzma
 .text.etzpc_init
                0x000000002ffef1d0       0xf4 /home/charles/linux/code/tfa/mp157_alientek/tf-a-stm32mp-2.2.r1-r0/tf-a-stm32mp-2.2.r1/../build/trusted/bl32/etzpc.o
                0x000000002ffef1d0                etzpc_init
 .text.stm32_rng_read
                0x000000002ffef2c4       0xe0 /home/charles/linux/code/tfa/mp157_alientek/tf-a-stm32mp-2.2.r1-r0/tf-a-stm32mp-2.2.r1/../build/trusted/bl32/stm32_rng.o
                0x000000002ffef2c4                stm32_rng_read
 .text.stm32_rng_init
                0x000000002ffef3a4       0x9c /home/charles/linux/code/tfa/mp157_alientek/tf-a-stm32mp-2.2.r1-r0/tf-a-stm32mp-2.2.r1/../build/trusted/bl32/stm32_rng.o
                0x000000002ffef3a4                stm32_rng_init
 .text.stm32_rtc_read_calendar
                0x000000002ffef440       0x30 /home/charles/linux/code/tfa/mp157_alientek/tf-a-stm32mp-2.2.r1-r0/tf-a-stm32mp-2.2.r1/../build/trusted/bl32/stm32_rtc.o
 .text.stm32_is_a_leap_year
                0x000000002ffef470       0x2c /home/charles/linux/code/tfa/mp157_alientek/tf-a-stm32mp-2.2.r1-r0/tf-a-stm32mp-2.2.r1/../build/trusted/bl32/stm32_rtc.o
 .text.stm32_rtc_get_date
                0x000000002ffef49c       0x50 /home/charles/linux/code/tfa/mp157_alientek/tf-a-stm32mp-2.2.r1-r0/tf-a-stm32mp-2.2.r1/../build/trusted/bl32/stm32_rtc.o
 .text.stm32_rtc_get_time
                0x000000002ffef4ec       0x50 /home/charles/linux/code/tfa/mp157_alientek/tf-a-stm32mp-2.2.r1-r0/tf-a-stm32mp-2.2.r1/../build/trusted/bl32/stm32_rtc.o
 .text.stm32_rtc_regs_lock
                0x000000002ffef53c       0x18 /home/charles/linux/code/tfa/mp157_alientek/tf-a-stm32mp-2.2.r1-r0/tf-a-stm32mp-2.2.r1/../build/trusted/bl32/stm32_rtc.o
                0x000000002ffef53c                stm32_rtc_regs_lock
 .text.stm32_rtc_regs_unlock
                0x000000002ffef554       0x18 /home/charles/linux/code/tfa/mp157_alientek/tf-a-stm32mp-2.2.r1-r0/tf-a-stm32mp-2.2.r1/../build/trusted/bl32/stm32_rtc.o
                0x000000002ffef554                stm32_rtc_regs_unlock
 .text.stm32_rtc_get_calendar
                0x000000002ffef56c       0x40 /home/charles/linux/code/tfa/mp157_alientek/tf-a-stm32mp-2.2.r1-r0/tf-a-stm32mp-2.2.r1/../build/trusted/bl32/stm32_rtc.o
                0x000000002ffef56c                stm32_rtc_get_calendar
 .text.stm32_rtc_diff_calendar
                0x000000002ffef5ac      0x1c4 /home/charles/linux/code/tfa/mp157_alientek/tf-a-stm32mp-2.2.r1-r0/tf-a-stm32mp-2.2.r1/../build/trusted/bl32/stm32_rtc.o
                0x000000002ffef5ac                stm32_rtc_diff_calendar
 .text.stm32_rtc_get_timestamp
                0x000000002ffef770       0x6c /home/charles/linux/code/tfa/mp157_alientek/tf-a-stm32mp-2.2.r1-r0/tf-a-stm32mp-2.2.r1/../build/trusted/bl32/stm32_rtc.o
                0x000000002ffef770                stm32_rtc_get_timestamp
 .text.stm32_rtc_set_tamper_timestamp
                0x000000002ffef7dc       0x48 /home/charles/linux/code/tfa/mp157_alientek/tf-a-stm32mp-2.2.r1-r0/tf-a-stm32mp-2.2.r1/../build/trusted/bl32/stm32_rtc.o
                0x000000002ffef7dc                stm32_rtc_set_tamper_timestamp
 .text.stm32_rtc_is_timestamp_enable
                0x000000002ffef824       0x20 /home/charles/linux/code/tfa/mp157_alientek/tf-a-stm32mp-2.2.r1-r0/tf-a-stm32mp-2.2.r1/../build/trusted/bl32/stm32_rtc.o
                0x000000002ffef824                stm32_rtc_is_timestamp_enable
 .text.stm32_rtc_init
                0x000000002ffef844       0x34 /home/charles/linux/code/tfa/mp157_alientek/tf-a-stm32mp-2.2.r1-r0/tf-a-stm32mp-2.2.r1/../build/trusted/bl32/stm32_rtc.o
                0x000000002ffef844                stm32_rtc_init
 .text.stm32_tamp_configure_internal
                0x000000002ffef878       0x58 /home/charles/linux/code/tfa/mp157_alientek/tf-a-stm32mp-2.2.r1-r0/tf-a-stm32mp-2.2.r1/../build/trusted/bl32/stm32_tamp.o
                0x000000002ffef878                stm32_tamp_configure_internal
 .text.stm32_tamp_configure_external
                0x000000002ffef8d0      0x100 /home/charles/linux/code/tfa/mp157_alientek/tf-a-stm32mp-2.2.r1-r0/tf-a-stm32mp-2.2.r1/../build/trusted/bl32/stm32_tamp.o
                0x000000002ffef8d0                stm32_tamp_configure_external
 .text.stm32_tamp_it_handler
                0x000000002ffef9d0       0xdc /home/charles/linux/code/tfa/mp157_alientek/tf-a-stm32mp-2.2.r1-r0/tf-a-stm32mp-2.2.r1/../build/trusted/bl32/stm32_tamp.o
                0x000000002ffef9d0                stm32_tamp_it_handler
 .text.stm32_tamp_init
                0x000000002ffefaac      0x108 /home/charles/linux/code/tfa/mp157_alientek/tf-a-stm32mp-2.2.r1-r0/tf-a-stm32mp-2.2.r1/../build/trusted/bl32/stm32_tamp.o
                0x000000002ffefaac                stm32_tamp_init
 .text.stm32_timer_config
                0x000000002ffefbb4       0x7c /home/charles/linux/code/tfa/mp157_alientek/tf-a-stm32mp-2.2.r1-r0/tf-a-stm32mp-2.2.r1/../build/trusted/bl32/stm32_timer.o
 .text.stm32_timer_start_capture.part.0
                0x000000002ffefc30       0x7a /home/charles/linux/code/tfa/mp157_alientek/tf-a-stm32mp-2.2.r1-r0/tf-a-stm32mp-2.2.r1/../build/trusted/bl32/stm32_timer.o
 *fill*         0x000000002ffefcaa        0x2 
 .text.stm32_timer_csi_freq
                0x000000002ffefcac       0x34 /home/charles/linux/code/tfa/mp157_alientek/tf-a-stm32mp-2.2.r1-r0/tf-a-stm32mp-2.2.r1/../build/trusted/bl32/stm32_timer.o
                0x000000002ffefcac                stm32_timer_csi_freq
 .text.stm32_timer_hsi_freq
                0x000000002ffefce0       0x30 /home/charles/linux/code/tfa/mp157_alientek/tf-a-stm32mp-2.2.r1-r0/tf-a-stm32mp-2.2.r1/../build/trusted/bl32/stm32_timer.o
                0x000000002ffefce0                stm32_timer_hsi_freq
 .text.stm32_timer_freq_func
                0x000000002ffefd10       0x34 /home/charles/linux/code/tfa/mp157_alientek/tf-a-stm32mp-2.2.r1-r0/tf-a-stm32mp-2.2.r1/../build/trusted/bl32/stm32_timer.o
                0x000000002ffefd10                stm32_timer_freq_func
 .text.stm32_timer_init
                0x000000002ffefd44       0xe0 /home/charles/linux/code/tfa/mp157_alientek/tf-a-stm32mp-2.2.r1-r0/tf-a-stm32mp-2.2.r1/../build/trusted/bl32/stm32_timer.o
                0x000000002ffefd44                stm32_timer_init
 .text.stm32mp1_tamper_action
                0x000000002ffefe24       0x20 /home/charles/linux/code/tfa/mp157_alientek/tf-a-stm32mp-2.2.r1-r0/tf-a-stm32mp-2.2.r1/../build/trusted/bl32/sp_min_setup.o
 .text.sp_min_plat_fiq_handler
                0x000000002ffefe44       0xd0 /home/charles/linux/code/tfa/mp157_alientek/tf-a-stm32mp-2.2.r1-r0/tf-a-stm32mp-2.2.r1/../build/trusted/bl32/sp_min_setup.o
                0x000000002ffefe44                sp_min_plat_fiq_handler
 .text.sp_min_plat_get_bl33_ep_info
                0x000000002ffeff14       0x64 /home/charles/linux/code/tfa/mp157_alientek/tf-a-stm32mp-2.2.r1-r0/tf-a-stm32mp-2.2.r1/../build/trusted/bl32/sp_min_setup.o
                0x000000002ffeff14                sp_min_plat_get_bl33_ep_info
 .text.sp_min_early_platform_setup2
                0x000000002ffeff78      0x124 /home/charles/linux/code/tfa/mp157_alientek/tf-a-stm32mp-2.2.r1-r0/tf-a-stm32mp-2.2.r1/../build/trusted/bl32/sp_min_setup.o
                0x000000002ffeff78                sp_min_early_platform_setup2
 .text.sp_min_platform_setup
                0x000000002fff009c       0xa4 /home/charles/linux/code/tfa/mp157_alientek/tf-a-stm32mp-2.2.r1-r0/tf-a-stm32mp-2.2.r1/../build/trusted/bl32/sp_min_setup.o
                0x000000002fff009c                sp_min_platform_setup
 .text.sp_min_plat_arch_setup
                0x000000002fff0140        0x2 /home/charles/linux/code/tfa/mp157_alientek/tf-a-stm32mp-2.2.r1-r0/tf-a-stm32mp-2.2.r1/../build/trusted/bl32/sp_min_setup.o
                0x000000002fff0140                sp_min_plat_arch_setup
 *fill*         0x000000002fff0142        0x2 
 .text.stm32_apply_pmic_suspend_config
                0x000000002fff0144       0x44 /home/charles/linux/code/tfa/mp157_alientek/tf-a-stm32mp-2.2.r1-r0/tf-a-stm32mp-2.2.r1/../build/trusted/bl32/stm32mp1_low_power.o
                0x000000002fff0144                stm32_apply_pmic_suspend_config
 .text.stm32_exit_cstop
                0x000000002fff0188       0x98 /home/charles/linux/code/tfa/mp157_alientek/tf-a-stm32mp-2.2.r1-r0/tf-a-stm32mp-2.2.r1/../build/trusted/bl32/stm32mp1_low_power.o
                0x000000002fff0188                stm32_exit_cstop
 .text.stm32_pwr_down_wfi
                0x000000002fff0220       0x38 /home/charles/linux/code/tfa/mp157_alientek/tf-a-stm32mp-2.2.r1-r0/tf-a-stm32mp-2.2.r1/../build/trusted/bl32/stm32mp1_low_power.o
                0x000000002fff0220                stm32_pwr_down_wfi
 .text.stm32_enter_low_power
                0x000000002fff0258      0x198 /home/charles/linux/code/tfa/mp157_alientek/tf-a-stm32mp-2.2.r1-r0/tf-a-stm32mp-2.2.r1/../build/trusted/bl32/stm32mp1_low_power.o
                0x000000002fff0258                stm32_enter_low_power
 .text.stm32_pwr_domain_off
                0x000000002fff03f0        0x2 /home/charles/linux/code/tfa/mp157_alientek/tf-a-stm32mp-2.2.r1-r0/tf-a-stm32mp-2.2.r1/../build/trusted/bl32/stm32mp1_pm.o
 .text.stm32_validate_power_state
                0x000000002fff03f2       0x1c /home/charles/linux/code/tfa/mp157_alientek/tf-a-stm32mp-2.2.r1-r0/tf-a-stm32mp-2.2.r1/../build/trusted/bl32/stm32mp1_pm.o
 *fill*         0x000000002fff040e        0x2 
 .text.stm32_validate_ns_entrypoint
                0x000000002fff0410       0x18 /home/charles/linux/code/tfa/mp157_alientek/tf-a-stm32mp-2.2.r1-r0/tf-a-stm32mp-2.2.r1/../build/trusted/bl32/stm32mp1_pm.o
 .text.stm32_node_hw_state
                0x000000002fff0428        0xc /home/charles/linux/code/tfa/mp157_alientek/tf-a-stm32mp-2.2.r1-r0/tf-a-stm32mp-2.2.r1/../build/trusted/bl32/stm32mp1_pm.o
 .text.stm32_get_sys_suspend_power_state
                0x000000002fff0434        0x8 /home/charles/linux/code/tfa/mp157_alientek/tf-a-stm32mp-2.2.r1-r0/tf-a-stm32mp-2.2.r1/../build/trusted/bl32/stm32mp1_pm.o
 .text.stm32_system_reset
                0x000000002fff043c       0x14 /home/charles/linux/code/tfa/mp157_alientek/tf-a-stm32mp-2.2.r1-r0/tf-a-stm32mp-2.2.r1/../build/trusted/bl32/stm32mp1_pm.o
 .text.stm32_pwr_domain_suspend
                0x000000002fff0450       0x18 /home/charles/linux/code/tfa/mp157_alientek/tf-a-stm32mp-2.2.r1-r0/tf-a-stm32mp-2.2.r1/../build/trusted/bl32/stm32mp1_pm.o
 .text.stm32_system_off
                0x000000002fff0468       0x3c /home/charles/linux/code/tfa/mp157_alientek/tf-a-stm32mp-2.2.r1-r0/tf-a-stm32mp-2.2.r1/../build/trusted/bl32/stm32mp1_pm.o
 .text.stm32_pwr_domain_pwr_down_wfi
                0x000000002fff04a4       0x40 /home/charles/linux/code/tfa/mp157_alientek/tf-a-stm32mp-2.2.r1-r0/tf-a-stm32mp-2.2.r1/../build/trusted/bl32/stm32mp1_pm.o
 .text.stm32_pwr_domain_on_finish
                0x000000002fff04e4       0x14 /home/charles/linux/code/tfa/mp157_alientek/tf-a-stm32mp-2.2.r1-r0/tf-a-stm32mp-2.2.r1/../build/trusted/bl32/stm32mp1_pm.o
 .text.stm32_pwr_domain_on
                0x000000002fff04f8       0x84 /home/charles/linux/code/tfa/mp157_alientek/tf-a-stm32mp-2.2.r1-r0/tf-a-stm32mp-2.2.r1/../build/trusted/bl32/stm32mp1_pm.o
 .text.stm32_cpu_standby
                0x000000002fff057c       0x3c /home/charles/linux/code/tfa/mp157_alientek/tf-a-stm32mp-2.2.r1-r0/tf-a-stm32mp-2.2.r1/../build/trusted/bl32/stm32mp1_pm.o
 .text.stm32_pwr_domain_suspend_finish
                0x000000002fff05b8        0x2 /home/charles/linux/code/tfa/mp157_alientek/tf-a-stm32mp-2.2.r1-r0/tf-a-stm32mp-2.2.r1/../build/trusted/bl32/stm32mp1_pm.o
 *fill*         0x000000002fff05ba        0x2 
 .text.plat_setup_psci_ops
                0x000000002fff05bc       0x14 /home/charles/linux/code/tfa/mp157_alientek/tf-a-stm32mp-2.2.r1-r0/tf-a-stm32mp-2.2.r1/../build/trusted/bl32/stm32mp1_pm.o
                0x000000002fff05bc                plat_setup_psci_ops
 .text.stm32mp1_init_lp_states
                0x000000002fff05d0       0xdc /home/charles/linux/code/tfa/mp157_alientek/tf-a-stm32mp-2.2.r1-r0/tf-a-stm32mp-2.2.r1/../build/trusted/bl32/stm32mp1_power_config.o
                0x000000002fff05d0                stm32mp1_init_lp_states
 .text.stm32mp1_set_pm_domain_state
                0x000000002fff06ac       0x14 /home/charles/linux/code/tfa/mp157_alientek/tf-a-stm32mp-2.2.r1-r0/tf-a-stm32mp-2.2.r1/../build/trusted/bl32/stm32mp1_power_config.o
                0x000000002fff06ac                stm32mp1_set_pm_domain_state
 .text.stm32mp1_get_lp_soc_mode
                0x000000002fff06c0       0x58 /home/charles/linux/code/tfa/mp157_alientek/tf-a-stm32mp-2.2.r1-r0/tf-a-stm32mp-2.2.r1/../build/trusted/bl32/stm32mp1_power_config.o
                0x000000002fff06c0                stm32mp1_get_lp_soc_mode
 .text.decprot2str
                0x000000002fff0718       0x38 /home/charles/linux/code/tfa/mp157_alientek/tf-a-stm32mp-2.2.r1-r0/tf-a-stm32mp-2.2.r1/../build/trusted/bl32/stm32mp1_shared_resources.o
 .text.get_gpioz_nbpin
                0x000000002fff0750       0x34 /home/charles/linux/code/tfa/mp157_alientek/tf-a-stm32mp-2.2.r1-r0/tf-a-stm32mp-2.2.r1/../build/trusted/bl32/stm32mp1_shared_resources.o
 .text.register_periph
                0x000000002fff0784       0xb0 /home/charles/linux/code/tfa/mp157_alientek/tf-a-stm32mp-2.2.r1-r0/tf-a-stm32mp-2.2.r1/../build/trusted/bl32/stm32mp1_shared_resources.o
 .text.register_periph_iomem
                0x000000002fff0834      0x128 /home/charles/linux/code/tfa/mp157_alientek/tf-a-stm32mp-2.2.r1-r0/tf-a-stm32mp-2.2.r1/../build/trusted/bl32/stm32mp1_shared_resources.o
 .text.check_decprot
                0x000000002fff095c       0x54 /home/charles/linux/code/tfa/mp157_alientek/tf-a-stm32mp-2.2.r1-r0/tf-a-stm32mp-2.2.r1/../build/trusted/bl32/stm32mp1_shared_resources.o
 .text.decprot_periph_attr
                0x000000002fff09b0       0x3c /home/charles/linux/code/tfa/mp157_alientek/tf-a-stm32mp-2.2.r1-r0/tf-a-stm32mp-2.2.r1/../build/trusted/bl32/stm32mp1_shared_resources.o
 .text.stm32mp_gpio_bank_is_non_secure.part.0
                0x000000002fff09ec       0x40 /home/charles/linux/code/tfa/mp157_alientek/tf-a-stm32mp-2.2.r1-r0/tf-a-stm32mp-2.2.r1/../build/trusted/bl32/stm32mp1_shared_resources.o
 .text.stm32mp_register_secure_periph
                0x000000002fff0a2c        0x6 /home/charles/linux/code/tfa/mp157_alientek/tf-a-stm32mp-2.2.r1-r0/tf-a-stm32mp-2.2.r1/../build/trusted/bl32/stm32mp1_shared_resources.o
                0x000000002fff0a2c                stm32mp_register_secure_periph
 .text.stm32mp_register_secure_periph_iomem
                0x000000002fff0a32        0x6 /home/charles/linux/code/tfa/mp157_alientek/tf-a-stm32mp-2.2.r1-r0/tf-a-stm32mp-2.2.r1/../build/trusted/bl32/stm32mp1_shared_resources.o
                0x000000002fff0a32                stm32mp_register_secure_periph_iomem
 .text.stm32mp_register_non_secure_periph_iomem
                0x000000002fff0a38        0x6 /home/charles/linux/code/tfa/mp157_alientek/tf-a-stm32mp-2.2.r1-r0/tf-a-stm32mp-2.2.r1/../build/trusted/bl32/stm32mp1_shared_resources.o
                0x000000002fff0a38                stm32mp_register_non_secure_periph_iomem
 *fill*         0x000000002fff0a3e        0x2 
 .text.stm32mp_register_secure_gpio
                0x000000002fff0a40       0x28 /home/charles/linux/code/tfa/mp157_alientek/tf-a-stm32mp-2.2.r1-r0/tf-a-stm32mp-2.2.r1/../build/trusted/bl32/stm32mp1_shared_resources.o
                0x000000002fff0a40                stm32mp_register_secure_gpio
 .text.stm32mp_register_non_secure_gpio
                0x000000002fff0a68       0x10 /home/charles/linux/code/tfa/mp157_alientek/tf-a-stm32mp-2.2.r1-r0/tf-a-stm32mp-2.2.r1/../build/trusted/bl32/stm32mp1_shared_resources.o
                0x000000002fff0a68                stm32mp_register_non_secure_gpio
 .text.stm32mp1_register_etzpc_decprot
                0x000000002fff0a78       0x64 /home/charles/linux/code/tfa/mp157_alientek/tf-a-stm32mp-2.2.r1-r0/tf-a-stm32mp-2.2.r1/../build/trusted/bl32/stm32mp1_shared_resources.o
                0x000000002fff0a78                stm32mp1_register_etzpc_decprot
 .text.stm32mp_gpio_bank_is_non_secure
                0x000000002fff0adc       0x18 /home/charles/linux/code/tfa/mp157_alientek/tf-a-stm32mp-2.2.r1-r0/tf-a-stm32mp-2.2.r1/../build/trusted/bl32/stm32mp1_shared_resources.o
                0x000000002fff0adc                stm32mp_gpio_bank_is_non_secure
 .text.stm32mp_nsec_can_access_clock
                0x000000002fff0af4       0xd0 /home/charles/linux/code/tfa/mp157_alientek/tf-a-stm32mp-2.2.r1-r0/tf-a-stm32mp-2.2.r1/../build/trusted/bl32/stm32mp1_shared_resources.o
                0x000000002fff0af4                stm32mp_nsec_can_access_clock
 .text.stm32mp_nsec_can_access_reset
                0x000000002fff0bc4       0xb8 /home/charles/linux/code/tfa/mp157_alientek/tf-a-stm32mp-2.2.r1-r0/tf-a-stm32mp-2.2.r1/../build/trusted/bl32/stm32mp1_shared_resources.o
                0x000000002fff0bc4                stm32mp_nsec_can_access_reset
 .text.stm32mp_lock_periph_registering
                0x000000002fff0c7c      0x1c0 /home/charles/linux/code/tfa/mp157_alientek/tf-a-stm32mp-2.2.r1-r0/tf-a-stm32mp-2.2.r1/../build/trusted/bl32/stm32mp1_shared_resources.o
                0x000000002fff0c7c                stm32mp_lock_periph_registering
 .text.plat_get_power_domain_tree_desc
                0x000000002fff0e3c        0x8 /home/charles/linux/code/tfa/mp157_alientek/tf-a-stm32mp-2.2.r1-r0/tf-a-stm32mp-2.2.r1/../build/trusted/bl32/stm32mp1_topology.o
                0x000000002fff0e3c                plat_get_power_domain_tree_desc
 .text.plat_core_pos_by_mpidr
                0x000000002fff0e44       0x22 /home/charles/linux/code/tfa/mp157_alientek/tf-a-stm32mp-2.2.r1-r0/tf-a-stm32mp-2.2.r1/../build/trusted/bl32/stm32mp1_topology.o
                0x000000002fff0e44                plat_core_pos_by_mpidr
 .text.gicd_read_igroupr
                0x000000002fff0e66        0xa /home/charles/linux/code/tfa/mp157_alientek/tf-a-stm32mp-2.2.r1-r0/tf-a-stm32mp-2.2.r1/../build/trusted/bl32/gic_common.o
                0x000000002fff0e66                gicd_read_igroupr
 .text.gicd_read_icfgr
                0x000000002fff0e70        0xc /home/charles/linux/code/tfa/mp157_alientek/tf-a-stm32mp-2.2.r1-r0/tf-a-stm32mp-2.2.r1/../build/trusted/bl32/gic_common.o
                0x000000002fff0e70                gicd_read_icfgr
 .text.gicd_write_igroupr
                0x000000002fff0e7c        0xa /home/charles/linux/code/tfa/mp157_alientek/tf-a-stm32mp-2.2.r1-r0/tf-a-stm32mp-2.2.r1/../build/trusted/bl32/gic_common.o
                0x000000002fff0e7c                gicd_write_igroupr
 .text.gicd_write_isenabler
                0x000000002fff0e86        0xc /home/charles/linux/code/tfa/mp157_alientek/tf-a-stm32mp-2.2.r1-r0/tf-a-stm32mp-2.2.r1/../build/trusted/bl32/gic_common.o
                0x000000002fff0e86                gicd_write_isenabler
 .text.gicd_write_icenabler
                0x000000002fff0e92        0xc /home/charles/linux/code/tfa/mp157_alientek/tf-a-stm32mp-2.2.r1-r0/tf-a-stm32mp-2.2.r1/../build/trusted/bl32/gic_common.o
                0x000000002fff0e92                gicd_write_icenabler
 .text.gicd_write_ipriorityr
                0x000000002fff0e9e        0xc /home/charles/linux/code/tfa/mp157_alientek/tf-a-stm32mp-2.2.r1-r0/tf-a-stm32mp-2.2.r1/../build/trusted/bl32/gic_common.o
                0x000000002fff0e9e                gicd_write_ipriorityr
 .text.gicd_write_icfgr
                0x000000002fff0eaa        0xc /home/charles/linux/code/tfa/mp157_alientek/tf-a-stm32mp-2.2.r1-r0/tf-a-stm32mp-2.2.r1/../build/trusted/bl32/gic_common.o
                0x000000002fff0eaa                gicd_write_icfgr
 .text.gicd_set_igroupr
                0x000000002fff0eb6       0x22 /home/charles/linux/code/tfa/mp157_alientek/tf-a-stm32mp-2.2.r1-r0/tf-a-stm32mp-2.2.r1/../build/trusted/bl32/gic_common.o
                0x000000002fff0eb6                gicd_set_igroupr
 .text.gicd_clr_igroupr
                0x000000002fff0ed8       0x24 /home/charles/linux/code/tfa/mp157_alientek/tf-a-stm32mp-2.2.r1-r0/tf-a-stm32mp-2.2.r1/../build/trusted/bl32/gic_common.o
                0x000000002fff0ed8                gicd_clr_igroupr
 .text.gicd_set_isenabler
                0x000000002fff0efc        0xc /home/charles/linux/code/tfa/mp157_alientek/tf-a-stm32mp-2.2.r1-r0/tf-a-stm32mp-2.2.r1/../build/trusted/bl32/gic_common.o
                0x000000002fff0efc                gicd_set_isenabler
 .text.gicd_set_icenabler
                0x000000002fff0f08        0xc /home/charles/linux/code/tfa/mp157_alientek/tf-a-stm32mp-2.2.r1-r0/tf-a-stm32mp-2.2.r1/../build/trusted/bl32/gic_common.o
                0x000000002fff0f08                gicd_set_icenabler
 .text.gicd_set_ipriorityr
                0x000000002fff0f14        0xa /home/charles/linux/code/tfa/mp157_alientek/tf-a-stm32mp-2.2.r1-r0/tf-a-stm32mp-2.2.r1/../build/trusted/bl32/gic_common.o
                0x000000002fff0f14                gicd_set_ipriorityr
 .text.gicd_set_icfgr
                0x000000002fff0f1e       0x2c /home/charles/linux/code/tfa/mp157_alientek/tf-a-stm32mp-2.2.r1-r0/tf-a-stm32mp-2.2.r1/../build/trusted/bl32/gic_common.o
                0x000000002fff0f1e                gicd_set_icfgr
 .text.gicv2_get_cpuif_id
                0x000000002fff0f4a        0x8 /home/charles/linux/code/tfa/mp157_alientek/tf-a-stm32mp-2.2.r1-r0/tf-a-stm32mp-2.2.r1/../build/trusted/bl32/gicv2_helpers.o
                0x000000002fff0f4a                gicv2_get_cpuif_id
 .text.gicv2_spis_configure_defaults
                0x000000002fff0f52       0x50 /home/charles/linux/code/tfa/mp157_alientek/tf-a-stm32mp-2.2.r1-r0/tf-a-stm32mp-2.2.r1/../build/trusted/bl32/gicv2_helpers.o
                0x000000002fff0f52                gicv2_spis_configure_defaults
 *fill*         0x000000002fff0fa2        0x2 
 .text.gicv2_secure_spis_configure_props
                0x000000002fff0fa4       0x94 /home/charles/linux/code/tfa/mp157_alientek/tf-a-stm32mp-2.2.r1-r0/tf-a-stm32mp-2.2.r1/../build/trusted/bl32/gicv2_helpers.o
                0x000000002fff0fa4                gicv2_secure_spis_configure_props
 .text.gicv2_secure_ppi_sgi_setup_props
                0x000000002fff1038       0xb4 /home/charles/linux/code/tfa/mp157_alientek/tf-a-stm32mp-2.2.r1-r0/tf-a-stm32mp-2.2.r1/../build/trusted/bl32/gicv2_helpers.o
                0x000000002fff1038                gicv2_secure_ppi_sgi_setup_props
 .text.gicv2_cpuif_enable
                0x000000002fff10ec       0x2c /home/charles/linux/code/tfa/mp157_alientek/tf-a-stm32mp-2.2.r1-r0/tf-a-stm32mp-2.2.r1/../build/trusted/bl32/gicv2_main.o
                0x000000002fff10ec                gicv2_cpuif_enable
 .text.gicv2_pcpu_distif_init
                0x000000002fff1118       0x3c /home/charles/linux/code/tfa/mp157_alientek/tf-a-stm32mp-2.2.r1-r0/tf-a-stm32mp-2.2.r1/../build/trusted/bl32/gicv2_main.o
                0x000000002fff1118                gicv2_pcpu_distif_init
 .text.gicv2_distif_init
                0x000000002fff1154       0x44 /home/charles/linux/code/tfa/mp157_alientek/tf-a-stm32mp-2.2.r1-r0/tf-a-stm32mp-2.2.r1/../build/trusted/bl32/gicv2_main.o
                0x000000002fff1154                gicv2_distif_init
 .text.gicv2_driver_init
                0x000000002fff1198       0x64 /home/charles/linux/code/tfa/mp157_alientek/tf-a-stm32mp-2.2.r1-r0/tf-a-stm32mp-2.2.r1/../build/trusted/bl32/gicv2_main.o
                0x000000002fff1198                gicv2_driver_init
 .text.gicv2_get_pending_interrupt_id
                0x000000002fff11fc       0x38 /home/charles/linux/code/tfa/mp157_alientek/tf-a-stm32mp-2.2.r1-r0/tf-a-stm32mp-2.2.r1/../build/trusted/bl32/gicv2_main.o
                0x000000002fff11fc                gicv2_get_pending_interrupt_id
 .text.gicv2_acknowledge_interrupt
                0x000000002fff1234       0x24 /home/charles/linux/code/tfa/mp157_alientek/tf-a-stm32mp-2.2.r1-r0/tf-a-stm32mp-2.2.r1/../build/trusted/bl32/gicv2_main.o
                0x000000002fff1234                gicv2_acknowledge_interrupt
 .text.gicv2_end_of_interrupt
                0x000000002fff1258       0x24 /home/charles/linux/code/tfa/mp157_alientek/tf-a-stm32mp-2.2.r1-r0/tf-a-stm32mp-2.2.r1/../build/trusted/bl32/gicv2_main.o
                0x000000002fff1258                gicv2_end_of_interrupt
 .text.gicv2_set_pe_target_mask
                0x000000002fff127c       0x68 /home/charles/linux/code/tfa/mp157_alientek/tf-a-stm32mp-2.2.r1-r0/tf-a-stm32mp-2.2.r1/../build/trusted/bl32/gicv2_main.o
                0x000000002fff127c                gicv2_set_pe_target_mask
 .text.gicv2_enable_interrupt
                0x000000002fff12e4       0x44 /home/charles/linux/code/tfa/mp157_alientek/tf-a-stm32mp-2.2.r1-r0/tf-a-stm32mp-2.2.r1/../build/trusted/bl32/gicv2_main.o
                0x000000002fff12e4                gicv2_enable_interrupt
 .text.gicv2_disable_interrupt
                0x000000002fff1328       0x3c /home/charles/linux/code/tfa/mp157_alientek/tf-a-stm32mp-2.2.r1-r0/tf-a-stm32mp-2.2.r1/../build/trusted/bl32/gicv2_main.o
                0x000000002fff1328                gicv2_disable_interrupt
 .text.gicv2_set_interrupt_priority
                0x000000002fff1364       0x40 /home/charles/linux/code/tfa/mp157_alientek/tf-a-stm32mp-2.2.r1-r0/tf-a-stm32mp-2.2.r1/../build/trusted/bl32/gicv2_main.o
                0x000000002fff1364                gicv2_set_interrupt_priority
 .text.gicv2_set_interrupt_type
                0x000000002fff13a4       0x6c /home/charles/linux/code/tfa/mp157_alientek/tf-a-stm32mp-2.2.r1-r0/tf-a-stm32mp-2.2.r1/../build/trusted/bl32/gicv2_main.o
                0x000000002fff13a4                gicv2_set_interrupt_type
 .text.gicv2_raise_sgi
                0x000000002fff1410       0x6c /home/charles/linux/code/tfa/mp157_alientek/tf-a-stm32mp-2.2.r1-r0/tf-a-stm32mp-2.2.r1/../build/trusted/bl32/gicv2_main.o
                0x000000002fff1410                gicv2_raise_sgi
 .text.gicv2_set_spi_routing
                0x000000002fff147c       0x6c /home/charles/linux/code/tfa/mp157_alientek/tf-a-stm32mp-2.2.r1-r0/tf-a-stm32mp-2.2.r1/../build/trusted/bl32/gicv2_main.o
                0x000000002fff147c                gicv2_set_spi_routing
 .text.gicv2_set_pmr
                0x000000002fff14e8       0x38 /home/charles/linux/code/tfa/mp157_alientek/tf-a-stm32mp-2.2.r1-r0/tf-a-stm32mp-2.2.r1/../build/trusted/bl32/gicv2_main.o
                0x000000002fff14e8                gicv2_set_pmr
 .text.gicv2_interrupt_set_cfg
                0x000000002fff1520       0x14 /home/charles/linux/code/tfa/mp157_alientek/tf-a-stm32mp-2.2.r1-r0/tf-a-stm32mp-2.2.r1/../build/trusted/bl32/gicv2_main.o
                0x000000002fff1520                gicv2_interrupt_set_cfg
 .text.plat_ic_get_pending_interrupt_id
                0x000000002fff1534       0x14 /home/charles/linux/code/tfa/mp157_alientek/tf-a-stm32mp-2.2.r1-r0/tf-a-stm32mp-2.2.r1/../build/trusted/bl32/plat_gicv2.o
                0x000000002fff1534                plat_ic_get_pending_interrupt_id
 .text.plat_ic_acknowledge_interrupt
                0x000000002fff1548        0x4 /home/charles/linux/code/tfa/mp157_alientek/tf-a-stm32mp-2.2.r1-r0/tf-a-stm32mp-2.2.r1/../build/trusted/bl32/plat_gicv2.o
                0x000000002fff1548                plat_ic_acknowledge_interrupt
 .text.plat_ic_end_of_interrupt
                0x000000002fff154c        0x4 /home/charles/linux/code/tfa/mp157_alientek/tf-a-stm32mp-2.2.r1-r0/tf-a-stm32mp-2.2.r1/../build/trusted/bl32/plat_gicv2.o
                0x000000002fff154c                plat_ic_end_of_interrupt
 .text.plat_ic_disable_interrupt
                0x000000002fff1550        0x4 /home/charles/linux/code/tfa/mp157_alientek/tf-a-stm32mp-2.2.r1-r0/tf-a-stm32mp-2.2.r1/../build/trusted/bl32/plat_gicv2.o
                0x000000002fff1550                plat_ic_disable_interrupt
 .text.plat_ic_set_interrupt_priority
                0x000000002fff1554        0x4 /home/charles/linux/code/tfa/mp157_alientek/tf-a-stm32mp-2.2.r1-r0/tf-a-stm32mp-2.2.r1/../build/trusted/bl32/plat_gicv2.o
                0x000000002fff1554                plat_ic_set_interrupt_priority
 .text.plat_ic_set_priority_mask
                0x000000002fff1558        0x4 /home/charles/linux/code/tfa/mp157_alientek/tf-a-stm32mp-2.2.r1-r0/tf-a-stm32mp-2.2.r1/../build/trusted/bl32/plat_gicv2.o
                0x000000002fff1558                plat_ic_set_priority_mask
 .text.fdt32_to_cpu
                0x000000002fff155c        0x4 /home/charles/linux/code/tfa/mp157_alientek/tf-a-stm32mp-2.2.r1-r0/tf-a-stm32mp-2.2.r1/../build/trusted/bl32/stm32_gic.o
 .text.enable_gic_interrupt
                0x000000002fff1560       0x62 /home/charles/linux/code/tfa/mp157_alientek/tf-a-stm32mp-2.2.r1-r0/tf-a-stm32mp-2.2.r1/../build/trusted/bl32/stm32_gic.o
 .text.stm32_gic_pcpu_init
                0x000000002fff15c2       0x16 /home/charles/linux/code/tfa/mp157_alientek/tf-a-stm32mp-2.2.r1-r0/tf-a-stm32mp-2.2.r1/../build/trusted/bl32/stm32_gic.o
                0x000000002fff15c2                stm32_gic_pcpu_init
 .text.stm32_gic_init
                0x000000002fff15d8       0x90 /home/charles/linux/code/tfa/mp157_alientek/tf-a-stm32mp-2.2.r1-r0/tf-a-stm32mp-2.2.r1/../build/trusted/bl32/stm32_gic.o
                0x000000002fff15d8                stm32_gic_init
 .text.stm32_gic_enable_spi
                0x000000002fff1668      0x138 /home/charles/linux/code/tfa/mp157_alientek/tf-a-stm32mp-2.2.r1-r0/tf-a-stm32mp-2.2.r1/../build/trusted/bl32/stm32_gic.o
                0x000000002fff1668                stm32_gic_enable_spi
 .text.plat_get_target_pwr_state
                0x000000002fff17a0       0x24 /home/charles/linux/code/tfa/mp157_alientek/tf-a-stm32mp-2.2.r1-r0/tf-a-stm32mp-2.2.r1/../build/trusted/bl32/plat_psci_common.o
                0x000000002fff17a0                plat_get_target_pwr_state
 .text.bsec_main
                0x000000002fff17c4      0x12c /home/charles/linux/code/tfa/mp157_alientek/tf-a-stm32mp-2.2.r1-r0/tf-a-stm32mp-2.2.r1/../build/trusted/bl32/bsec_svc.o
                0x000000002fff17c4                bsec_main
 .text.pm_domain_scv_handler
                0x000000002fff18f0       0x18 /home/charles/linux/code/tfa/mp157_alientek/tf-a-stm32mp-2.2.r1-r0/tf-a-stm32mp-2.2.r1/../build/trusted/bl32/low_power_svc.o
                0x000000002fff18f0                pm_domain_scv_handler
 .text.pwr_scv_handler
                0x000000002fff1908       0x94 /home/charles/linux/code/tfa/mp157_alientek/tf-a-stm32mp-2.2.r1-r0/tf-a-stm32mp-2.2.r1/../build/trusted/bl32/pwr_svc.o
                0x000000002fff1908                pwr_scv_handler
 .text.rcc_scv_handler
                0x000000002fff199c       0x76 /home/charles/linux/code/tfa/mp157_alientek/tf-a-stm32mp-2.2.r1-r0/tf-a-stm32mp-2.2.r1/../build/trusted/bl32/rcc_svc.o
                0x000000002fff199c                rcc_scv_handler
 .text.rcc_cal_scv_handler
                0x000000002fff1a12       0x26 /home/charles/linux/code/tfa/mp157_alientek/tf-a-stm32mp-2.2.r1-r0/tf-a-stm32mp-2.2.r1/../build/trusted/bl32/rcc_svc.o
                0x000000002fff1a12                rcc_cal_scv_handler
 .text.rcc_opp_scv_handler
                0x000000002fff1a38       0x4c /home/charles/linux/code/tfa/mp157_alientek/tf-a-stm32mp-2.2.r1-r0/tf-a-stm32mp-2.2.r1/../build/trusted/bl32/rcc_svc.o
                0x000000002fff1a38                rcc_opp_scv_handler
 .text.stm32mp1_svc_setup
                0x000000002fff1a84        0x4 /home/charles/linux/code/tfa/mp157_alientek/tf-a-stm32mp-2.2.r1-r0/tf-a-stm32mp-2.2.r1/../build/trusted/bl32/stm32mp1_svc_setup.o
 .text.stm32mp1_svc_smc_handler
                0x000000002fff1a88       0xf0 /home/charles/linux/code/tfa/mp157_alientek/tf-a-stm32mp-2.2.r1-r0/tf-a-stm32mp-2.2.r1/../build/trusted/bl32/stm32mp1_svc_setup.o
 .text.discover_list_protocols
                0x000000002fff1b78       0x8c /home/charles/linux/code/tfa/mp157_alientek/tf-a-stm32mp-2.2.r1-r0/tf-a-stm32mp-2.2.r1/../build/trusted/bl32/base.o
 .text.discover_implementation_version
                0x000000002fff1c04       0x24 /home/charles/linux/code/tfa/mp157_alientek/tf-a-stm32mp-2.2.r1-r0/tf-a-stm32mp-2.2.r1/../build/trusted/bl32/base.o
 .text.report_message_attributes
                0x000000002fff1c28       0x44 /home/charles/linux/code/tfa/mp157_alientek/tf-a-stm32mp-2.2.r1-r0/tf-a-stm32mp-2.2.r1/../build/trusted/bl32/base.o
 .text.report_version
                0x000000002fff1c6c       0x28 /home/charles/linux/code/tfa/mp157_alientek/tf-a-stm32mp-2.2.r1-r0/tf-a-stm32mp-2.2.r1/../build/trusted/bl32/base.o
 .text.report_attributes
                0x000000002fff1c94       0x2e /home/charles/linux/code/tfa/mp157_alientek/tf-a-stm32mp-2.2.r1-r0/tf-a-stm32mp-2.2.r1/../build/trusted/bl32/base.o
 *fill*         0x000000002fff1cc2        0x2 
 .text.discover_sub_vendor
                0x000000002fff1cc4       0x54 /home/charles/linux/code/tfa/mp157_alientek/tf-a-stm32mp-2.2.r1-r0/tf-a-stm32mp-2.2.r1/../build/trusted/bl32/base.o
 .text.discover_vendor
                0x000000002fff1d18       0x54 /home/charles/linux/code/tfa/mp157_alientek/tf-a-stm32mp-2.2.r1-r0/tf-a-stm32mp-2.2.r1/../build/trusted/bl32/base.o
 .text.scmi_msg_get_base_handler
                0x000000002fff1d6c       0x24 /home/charles/linux/code/tfa/mp157_alientek/tf-a-stm32mp-2.2.r1-r0/tf-a-stm32mp-2.2.r1/../build/trusted/bl32/base.o
                0x000000002fff1d6c                scmi_msg_get_base_handler
 .text.confine_array_index
                0x000000002fff1d90        0xc /home/charles/linux/code/tfa/mp157_alientek/tf-a-stm32mp-2.2.r1-r0/tf-a-stm32mp-2.2.r1/../build/trusted/bl32/clock.o
 .text.report_message_attributes
                0x000000002fff1d9c       0x44 /home/charles/linux/code/tfa/mp157_alientek/tf-a-stm32mp-2.2.r1-r0/tf-a-stm32mp-2.2.r1/../build/trusted/bl32/clock.o
 .text.report_version
                0x000000002fff1de0       0x28 /home/charles/linux/code/tfa/mp157_alientek/tf-a-stm32mp-2.2.r1-r0/tf-a-stm32mp-2.2.r1/../build/trusted/bl32/clock.o
 .text.write_rate_desc_array_in_buffer
                0x000000002fff1e08       0x30 /home/charles/linux/code/tfa/mp157_alientek/tf-a-stm32mp-2.2.r1-r0/tf-a-stm32mp-2.2.r1/../build/trusted/bl32/clock.o
 .text.report_attributes
                0x000000002fff1e38       0x34 /home/charles/linux/code/tfa/mp157_alientek/tf-a-stm32mp-2.2.r1-r0/tf-a-stm32mp-2.2.r1/../build/trusted/bl32/clock.o
 .text.scmi_clock_describe_rates
                0x000000002fff1e6c       0xfc /home/charles/linux/code/tfa/mp157_alientek/tf-a-stm32mp-2.2.r1-r0/tf-a-stm32mp-2.2.r1/../build/trusted/bl32/clock.o
 .text.scmi_clock_rate_get
                0x000000002fff1f68       0x60 /home/charles/linux/code/tfa/mp157_alientek/tf-a-stm32mp-2.2.r1-r0/tf-a-stm32mp-2.2.r1/../build/trusted/bl32/clock.o
 .text.scmi_clock_rate_set
                0x000000002fff1fc8       0x4a /home/charles/linux/code/tfa/mp157_alientek/tf-a-stm32mp-2.2.r1-r0/tf-a-stm32mp-2.2.r1/../build/trusted/bl32/clock.o
 *fill*         0x000000002fff2012        0x2 
 .text.scmi_clock_attributes
                0x000000002fff2014       0x90 /home/charles/linux/code/tfa/mp157_alientek/tf-a-stm32mp-2.2.r1-r0/tf-a-stm32mp-2.2.r1/../build/trusted/bl32/clock.o
 .text.scmi_clock_config_set
                0x000000002fff20a4       0x4e /home/charles/linux/code/tfa/mp157_alientek/tf-a-stm32mp-2.2.r1-r0/tf-a-stm32mp-2.2.r1/../build/trusted/bl32/clock.o
 *fill*         0x000000002fff20f2        0x2 
 .text.scmi_msg_get_clock_handler
                0x000000002fff20f4       0x20 /home/charles/linux/code/tfa/mp157_alientek/tf-a-stm32mp-2.2.r1-r0/tf-a-stm32mp-2.2.r1/../build/trusted/bl32/clock.o
                0x000000002fff20f4                scmi_msg_get_clock_handler
 .text.scmi_status_response
                0x000000002fff2114       0x30 /home/charles/linux/code/tfa/mp157_alientek/tf-a-stm32mp-2.2.r1-r0/tf-a-stm32mp-2.2.r1/../build/trusted/bl32/entry.o
                0x000000002fff2114                scmi_status_response
 .text.scmi_write_response
                0x000000002fff2144       0x2c /home/charles/linux/code/tfa/mp157_alientek/tf-a-stm32mp-2.2.r1-r0/tf-a-stm32mp-2.2.r1/../build/trusted/bl32/entry.o
                0x000000002fff2144                scmi_write_response
 .text.scmi_process_message
                0x000000002fff2170       0x4c /home/charles/linux/code/tfa/mp157_alientek/tf-a-stm32mp-2.2.r1-r0/tf-a-stm32mp-2.2.r1/../build/trusted/bl32/entry.o
                0x000000002fff2170                scmi_process_message
 .text.report_message_attributes
                0x000000002fff21bc       0x44 /home/charles/linux/code/tfa/mp157_alientek/tf-a-stm32mp-2.2.r1-r0/tf-a-stm32mp-2.2.r1/../build/trusted/bl32/reset_domain.o
 .text.report_version
                0x000000002fff2200       0x28 /home/charles/linux/code/tfa/mp157_alientek/tf-a-stm32mp-2.2.r1-r0/tf-a-stm32mp-2.2.r1/../build/trusted/bl32/reset_domain.o
 .text.report_attributes
                0x000000002fff2228       0x2e /home/charles/linux/code/tfa/mp157_alientek/tf-a-stm32mp-2.2.r1-r0/tf-a-stm32mp-2.2.r1/../build/trusted/bl32/reset_domain.o
 *fill*         0x000000002fff2256        0x2 
 .text.reset_domain_attributes
                0x000000002fff2258       0x94 /home/charles/linux/code/tfa/mp157_alientek/tf-a-stm32mp-2.2.r1-r0/tf-a-stm32mp-2.2.r1/../build/trusted/bl32/reset_domain.o
 .text.reset_request
                0x000000002fff22ec       0x78 /home/charles/linux/code/tfa/mp157_alientek/tf-a-stm32mp-2.2.r1-r0/tf-a-stm32mp-2.2.r1/../build/trusted/bl32/reset_domain.o
 .text.scmi_msg_get_rd_handler
                0x000000002fff2364       0x24 /home/charles/linux/code/tfa/mp157_alientek/tf-a-stm32mp-2.2.r1-r0/tf-a-stm32mp-2.2.r1/../build/trusted/bl32/reset_domain.o
                0x000000002fff2364                scmi_msg_get_rd_handler
 .text.scmi_proccess_smt
                0x000000002fff2388       0xb0 /home/charles/linux/code/tfa/mp157_alientek/tf-a-stm32mp-2.2.r1-r0/tf-a-stm32mp-2.2.r1/../build/trusted/bl32/smt.o
 .text.scmi_smt_fastcall_smc_entry
                0x000000002fff2438       0x20 /home/charles/linux/code/tfa/mp157_alientek/tf-a-stm32mp-2.2.r1-r0/tf-a-stm32mp-2.2.r1/../build/trusted/bl32/smt.o
                0x000000002fff2438                scmi_smt_fastcall_smc_entry
 .text.scmi_smt_init_agent_channel
                0x000000002fff2458       0x20 /home/charles/linux/code/tfa/mp157_alientek/tf-a-stm32mp-2.2.r1-r0/tf-a-stm32mp-2.2.r1/../build/trusted/bl32/smt.o
                0x000000002fff2458                scmi_smt_init_agent_channel
 .text.find_resource.part.0
                0x000000002fff2478       0x10 /home/charles/linux/code/tfa/mp157_alientek/tf-a-stm32mp-2.2.r1-r0/tf-a-stm32mp-2.2.r1/../build/trusted/bl32/stm32mp1_scmi.o
 .text.find_clock
                0x000000002fff2488       0x34 /home/charles/linux/code/tfa/mp157_alientek/tf-a-stm32mp-2.2.r1-r0/tf-a-stm32mp-2.2.r1/../build/trusted/bl32/stm32mp1_scmi.o
 .text.find_rd  0x000000002fff24bc       0x34 /home/charles/linux/code/tfa/mp157_alientek/tf-a-stm32mp-2.2.r1-r0/tf-a-stm32mp-2.2.r1/../build/trusted/bl32/stm32mp1_scmi.o
 .text.plat_scmi_get_channel
                0x000000002fff24f0       0x20 /home/charles/linux/code/tfa/mp157_alientek/tf-a-stm32mp-2.2.r1-r0/tf-a-stm32mp-2.2.r1/../build/trusted/bl32/stm32mp1_scmi.o
                0x000000002fff24f0                plat_scmi_get_channel
 .text.plat_scmi_vendor_name
                0x000000002fff2510        0x8 /home/charles/linux/code/tfa/mp157_alientek/tf-a-stm32mp-2.2.r1-r0/tf-a-stm32mp-2.2.r1/../build/trusted/bl32/stm32mp1_scmi.o
                0x000000002fff2510                plat_scmi_vendor_name
 .text.plat_scmi_sub_vendor_name
                0x000000002fff2518        0x8 /home/charles/linux/code/tfa/mp157_alientek/tf-a-stm32mp-2.2.r1-r0/tf-a-stm32mp-2.2.r1/../build/trusted/bl32/stm32mp1_scmi.o
                0x000000002fff2518                plat_scmi_sub_vendor_name
 .text.plat_scmi_protocol_count
                0x000000002fff2520        0x4 /home/charles/linux/code/tfa/mp157_alientek/tf-a-stm32mp-2.2.r1-r0/tf-a-stm32mp-2.2.r1/../build/trusted/bl32/stm32mp1_scmi.o
                0x000000002fff2520                plat_scmi_protocol_count
 .text.plat_scmi_protocol_list
                0x000000002fff2524        0x8 /home/charles/linux/code/tfa/mp157_alientek/tf-a-stm32mp-2.2.r1-r0/tf-a-stm32mp-2.2.r1/../build/trusted/bl32/stm32mp1_scmi.o
                0x000000002fff2524                plat_scmi_protocol_list
 .text.plat_scmi_clock_count
                0x000000002fff252c       0x18 /home/charles/linux/code/tfa/mp157_alientek/tf-a-stm32mp-2.2.r1-r0/tf-a-stm32mp-2.2.r1/../build/trusted/bl32/stm32mp1_scmi.o
                0x000000002fff252c                plat_scmi_clock_count
 .text.plat_scmi_clock_get_name
                0x000000002fff2544       0x1c /home/charles/linux/code/tfa/mp157_alientek/tf-a-stm32mp-2.2.r1-r0/tf-a-stm32mp-2.2.r1/../build/trusted/bl32/stm32mp1_scmi.o
                0x000000002fff2544                plat_scmi_clock_get_name
 .text.plat_scmi_clock_rates_array
                0x000000002fff2560        0x6 /home/charles/linux/code/tfa/mp157_alientek/tf-a-stm32mp-2.2.r1-r0/tf-a-stm32mp-2.2.r1/../build/trusted/bl32/stm32mp1_scmi.o
                0x000000002fff2560                plat_scmi_clock_rates_array
 .text.plat_scmi_clock_rates_by_step
                0x000000002fff2566       0x44 /home/charles/linux/code/tfa/mp157_alientek/tf-a-stm32mp-2.2.r1-r0/tf-a-stm32mp-2.2.r1/../build/trusted/bl32/stm32mp1_scmi.o
                0x000000002fff2566                plat_scmi_clock_rates_by_step
 .text.plat_scmi_clock_set_rate
                0x000000002fff25aa       0x48 /home/charles/linux/code/tfa/mp157_alientek/tf-a-stm32mp-2.2.r1-r0/tf-a-stm32mp-2.2.r1/../build/trusted/bl32/stm32mp1_scmi.o
                0x000000002fff25aa                plat_scmi_clock_set_rate
 .text.plat_scmi_clock_get_rate
                0x000000002fff25f2       0x20 /home/charles/linux/code/tfa/mp157_alientek/tf-a-stm32mp-2.2.r1-r0/tf-a-stm32mp-2.2.r1/../build/trusted/bl32/stm32mp1_scmi.o
                0x000000002fff25f2                plat_scmi_clock_get_rate
 .text.plat_scmi_clock_get_state
                0x000000002fff2612       0x1c /home/charles/linux/code/tfa/mp157_alientek/tf-a-stm32mp-2.2.r1-r0/tf-a-stm32mp-2.2.r1/../build/trusted/bl32/stm32mp1_scmi.o
                0x000000002fff2612                plat_scmi_clock_get_state
 .text.plat_scmi_clock_set_state
                0x000000002fff262e       0x44 /home/charles/linux/code/tfa/mp157_alientek/tf-a-stm32mp-2.2.r1-r0/tf-a-stm32mp-2.2.r1/../build/trusted/bl32/stm32mp1_scmi.o
                0x000000002fff262e                plat_scmi_clock_set_state
 *fill*         0x000000002fff2672        0x2 
 .text.plat_scmi_rd_get_name
                0x000000002fff2674       0x3c /home/charles/linux/code/tfa/mp157_alientek/tf-a-stm32mp-2.2.r1-r0/tf-a-stm32mp-2.2.r1/../build/trusted/bl32/stm32mp1_scmi.o
                0x000000002fff2674                plat_scmi_rd_get_name
 .text.plat_scmi_rd_count
                0x000000002fff26b0       0x18 /home/charles/linux/code/tfa/mp157_alientek/tf-a-stm32mp-2.2.r1-r0/tf-a-stm32mp-2.2.r1/../build/trusted/bl32/stm32mp1_scmi.o
                0x000000002fff26b0                plat_scmi_rd_count
 .text.plat_scmi_rd_autonomous
                0x000000002fff26c8       0x46 /home/charles/linux/code/tfa/mp157_alientek/tf-a-stm32mp-2.2.r1-r0/tf-a-stm32mp-2.2.r1/../build/trusted/bl32/stm32mp1_scmi.o
                0x000000002fff26c8                plat_scmi_rd_autonomous
 .text.plat_scmi_rd_set_state
                0x000000002fff270e       0x36 /home/charles/linux/code/tfa/mp157_alientek/tf-a-stm32mp-2.2.r1-r0/tf-a-stm32mp-2.2.r1/../build/trusted/bl32/stm32mp1_scmi.o
                0x000000002fff270e                plat_scmi_rd_set_state
 .text.stm32mp1_init_scmi_server
                0x000000002fff2744       0xa8 /home/charles/linux/code/tfa/mp157_alientek/tf-a-stm32mp-2.2.r1-r0/tf-a-stm32mp-2.2.r1/../build/trusted/bl32/stm32mp1_scmi.o
                0x000000002fff2744                stm32mp1_init_scmi_server
 .text.stm32mp1_pm_save_scmi_state
                0x000000002fff27ec       0x78 /home/charles/linux/code/tfa/mp157_alientek/tf-a-stm32mp-2.2.r1-r0/tf-a-stm32mp-2.2.r1/../build/trusted/bl32/stm32mp1_scmi.o
                0x000000002fff27ec                stm32mp1_pm_save_scmi_state
 .text.stm32mp1_pm_restore_scmi_state
                0x000000002fff2864       0x78 /home/charles/linux/code/tfa/mp157_alientek/tf-a-stm32mp-2.2.r1-r0/tf-a-stm32mp-2.2.r1/../build/trusted/bl32/stm32mp1_scmi.o
                0x000000002fff2864                stm32mp1_pm_restore_scmi_state
 .text.tf_log   0x000000002fff28dc       0x5c /home/charles/linux/code/tfa/mp157_alientek/tf-a-stm32mp-2.2.r1-r0/tf-a-stm32mp-2.2.r1/../build/trusted/bl32/tf_log.o
                0x000000002fff28dc                tf_log
 .text.console_is_registered
                0x000000002fff2938       0x2c /home/charles/linux/code/tfa/mp157_alientek/tf-a-stm32mp-2.2.r1-r0/tf-a-stm32mp-2.2.r1/../build/trusted/bl32/multi_console.o
                0x000000002fff2938                console_is_registered
 .text.console_register
                0x000000002fff2964       0x40 /home/charles/linux/code/tfa/mp157_alientek/tf-a-stm32mp-2.2.r1-r0/tf-a-stm32mp-2.2.r1/../build/trusted/bl32/multi_console.o
                0x000000002fff2964                console_register
 .text.console_switch_state
                0x000000002fff29a4        0xc /home/charles/linux/code/tfa/mp157_alientek/tf-a-stm32mp-2.2.r1-r0/tf-a-stm32mp-2.2.r1/../build/trusted/bl32/multi_console.o
                0x000000002fff29a4                console_switch_state
 .text.console_set_scope
                0x000000002fff29b0       0x1c /home/charles/linux/code/tfa/mp157_alientek/tf-a-stm32mp-2.2.r1-r0/tf-a-stm32mp-2.2.r1/../build/trusted/bl32/multi_console.o
                0x000000002fff29b0                console_set_scope
 .text.console_putc
                0x000000002fff29cc       0x58 /home/charles/linux/code/tfa/mp157_alientek/tf-a-stm32mp-2.2.r1-r0/tf-a-stm32mp-2.2.r1/../build/trusted/bl32/multi_console.o
                0x000000002fff29cc                console_putc
 .text.console_flush
                0x000000002fff2a24       0x40 /home/charles/linux/code/tfa/mp157_alientek/tf-a-stm32mp-2.2.r1-r0/tf-a-stm32mp-2.2.r1/../build/trusted/bl32/multi_console.o
                0x000000002fff2a24                console_flush
 .text.plat_log_get_prefix
                0x000000002fff2a64       0x24 /home/charles/linux/code/tfa/mp157_alientek/tf-a-stm32mp-2.2.r1-r0/tf-a-stm32mp-2.2.r1/../build/trusted/bl32/plat_log_common.o
                0x000000002fff2a64                plat_log_get_prefix
 .text.bl32_plat_enable_mmu
                0x000000002fff2a88        0x4 /home/charles/linux/code/tfa/mp157_alientek/tf-a-stm32mp-2.2.r1-r0/tf-a-stm32mp-2.2.r1/../build/trusted/bl32/plat_common.o
                0x000000002fff2a88                bl32_plat_enable_mmu
 .text.__ctzdi2
                0x000000002fff2a8c       0x20 /home/charles/linux/code/tfa/mp157_alientek/tf-a-stm32mp-2.2.r1-r0/tf-a-stm32mp-2.2.r1/../build/trusted/bl32/ctzdi2.o
                0x000000002fff2a8c                __ctzdi2
 .text.__udivmoddi4
                0x000000002fff2aac      0x19e /home/charles/linux/code/tfa/mp157_alientek/tf-a-stm32mp-2.2.r1-r0/tf-a-stm32mp-2.2.r1/../build/trusted/bl32/udivmoddi4.o
                0x000000002fff2aac                __udivmoddi4
 .text.plat_get_syscnt_freq2
                0x000000002fff2c4a        0x6 /home/charles/linux/code/tfa/mp157_alientek/tf-a-stm32mp-2.2.r1-r0/tf-a-stm32mp-2.2.r1/../build/trusted/bl32/stm32mp_common.o
                0x000000002fff2c4a                plat_get_syscnt_freq2
 .text.stm32mp_ddrctrl_base
                0x000000002fff2c50        0x8 /home/charles/linux/code/tfa/mp157_alientek/tf-a-stm32mp-2.2.r1-r0/tf-a-stm32mp-2.2.r1/../build/trusted/bl32/stm32mp_common.o
                0x000000002fff2c50                stm32mp_ddrctrl_base
 .text.stm32mp_ddrphyc_base
                0x000000002fff2c58        0x8 /home/charles/linux/code/tfa/mp157_alientek/tf-a-stm32mp-2.2.r1-r0/tf-a-stm32mp-2.2.r1/../build/trusted/bl32/stm32mp_common.o
                0x000000002fff2c58                stm32mp_ddrphyc_base
 .text.stm32mp_pwr_base
                0x000000002fff2c60        0x8 /home/charles/linux/code/tfa/mp157_alientek/tf-a-stm32mp-2.2.r1-r0/tf-a-stm32mp-2.2.r1/../build/trusted/bl32/stm32mp_common.o
                0x000000002fff2c60                stm32mp_pwr_base
 .text.stm32mp_rcc_base
                0x000000002fff2c68        0x6 /home/charles/linux/code/tfa/mp157_alientek/tf-a-stm32mp-2.2.r1-r0/tf-a-stm32mp-2.2.r1/../build/trusted/bl32/stm32mp_common.o
                0x000000002fff2c68                stm32mp_rcc_base
 .text.stm32mp_lock_available
                0x000000002fff2c6e       0x10 /home/charles/linux/code/tfa/mp157_alientek/tf-a-stm32mp-2.2.r1-r0/tf-a-stm32mp-2.2.r1/../build/trusted/bl32/stm32mp_common.o
                0x000000002fff2c6e                stm32mp_lock_available
 *fill*         0x000000002fff2c7e        0x2 
 .text.stm32mp_pwr_regs_lock
                0x000000002fff2c80       0x18 /home/charles/linux/code/tfa/mp157_alientek/tf-a-stm32mp-2.2.r1-r0/tf-a-stm32mp-2.2.r1/../build/trusted/bl32/stm32mp_common.o
                0x000000002fff2c80                stm32mp_pwr_regs_lock
 .text.stm32mp_pwr_regs_unlock
                0x000000002fff2c98       0x18 /home/charles/linux/code/tfa/mp157_alientek/tf-a-stm32mp-2.2.r1-r0/tf-a-stm32mp-2.2.r1/../build/trusted/bl32/stm32mp_common.o
                0x000000002fff2c98                stm32mp_pwr_regs_unlock
 .text.stm32_get_gpio_bank_base
                0x000000002fff2cb0       0x28 /home/charles/linux/code/tfa/mp157_alientek/tf-a-stm32mp-2.2.r1-r0/tf-a-stm32mp-2.2.r1/../build/trusted/bl32/stm32mp_common.o
                0x000000002fff2cb0                stm32_get_gpio_bank_base
 .text.stm32_get_gpio_bank_offset
                0x000000002fff2cd8       0x20 /home/charles/linux/code/tfa/mp157_alientek/tf-a-stm32mp-2.2.r1-r0/tf-a-stm32mp-2.2.r1/../build/trusted/bl32/stm32mp_common.o
                0x000000002fff2cd8                stm32_get_gpio_bank_offset
 .text.stm32mp_get_cpu_supply_name
                0x000000002fff2cf8       0x2e /home/charles/linux/code/tfa/mp157_alientek/tf-a-stm32mp-2.2.r1-r0/tf-a-stm32mp-2.2.r1/../build/trusted/bl32/stm32mp_common.o
                0x000000002fff2cf8                stm32mp_get_cpu_supply_name
 *fill*         0x000000002fff2d26        0x2 
 .text.configure_mmu
                0x000000002fff2d28       0x1c /home/charles/linux/code/tfa/mp157_alientek/tf-a-stm32mp-2.2.r1-r0/tf-a-stm32mp-2.2.r1/../build/trusted/bl32/stm32mp1_private.o
                0x000000002fff2d28                configure_mmu
 .text.stm32mp_mask_timer
                0x000000002fff2d44       0x1a /home/charles/linux/code/tfa/mp157_alientek/tf-a-stm32mp-2.2.r1-r0/tf-a-stm32mp-2.2.r1/../build/trusted/bl32/stm32mp1_private.o
                0x000000002fff2d44                stm32mp_mask_timer
 .text.stm32mp_wait_cpu_reset
                0x000000002fff2d5e       0x42 /home/charles/linux/code/tfa/mp157_alientek/tf-a-stm32mp-2.2.r1-r0/tf-a-stm32mp-2.2.r1/../build/trusted/bl32/stm32mp1_private.o
                0x000000002fff2d5e                stm32mp_wait_cpu_reset
 .text.stm32_get_gpio_bank_clock
                0x000000002fff2da0       0x20 /home/charles/linux/code/tfa/mp157_alientek/tf-a-stm32mp-2.2.r1-r0/tf-a-stm32mp-2.2.r1/../build/trusted/bl32/stm32mp1_private.o
                0x000000002fff2da0                stm32_get_gpio_bank_clock
 .text.stm32_get_otp_index
                0x000000002fff2dc0       0x28 /home/charles/linux/code/tfa/mp157_alientek/tf-a-stm32mp-2.2.r1-r0/tf-a-stm32mp-2.2.r1/../build/trusted/bl32/stm32mp1_private.o
                0x000000002fff2dc0                stm32_get_otp_index
 .text.stm32_get_otp_value_from_idx
                0x000000002fff2de8       0x30 /home/charles/linux/code/tfa/mp157_alientek/tf-a-stm32mp-2.2.r1-r0/tf-a-stm32mp-2.2.r1/../build/trusted/bl32/stm32mp1_private.o
                0x000000002fff2de8                stm32_get_otp_value_from_idx
 .text.stm32_get_otp_value
                0x000000002fff2e18       0x48 /home/charles/linux/code/tfa/mp157_alientek/tf-a-stm32mp-2.2.r1-r0/tf-a-stm32mp-2.2.r1/../build/trusted/bl32/stm32mp1_private.o
                0x000000002fff2e18                stm32_get_otp_value
 .text.get_part_number
                0x000000002fff2e60       0x4c /home/charles/linux/code/tfa/mp157_alientek/tf-a-stm32mp-2.2.r1-r0/tf-a-stm32mp-2.2.r1/../build/trusted/bl32/stm32mp1_private.o
 .text.stm32mp_supports_cpu_opp
                0x000000002fff2eac       0x40 /home/charles/linux/code/tfa/mp157_alientek/tf-a-stm32mp-2.2.r1-r0/tf-a-stm32mp-2.2.r1/../build/trusted/bl32/stm32mp1_private.o
                0x000000002fff2eac                stm32mp_supports_cpu_opp
 .text.stm32mp_is_single_core
                0x000000002fff2eec       0x2c /home/charles/linux/code/tfa/mp157_alientek/tf-a-stm32mp-2.2.r1-r0/tf-a-stm32mp-2.2.r1/../build/trusted/bl32/stm32mp1_private.o
                0x000000002fff2eec                stm32mp_is_single_core
 .text.stm32mp_plat_reset
                0x000000002fff2f18       0xac /home/charles/linux/code/tfa/mp157_alientek/tf-a-stm32mp-2.2.r1-r0/tf-a-stm32mp-2.2.r1/../build/trusted/bl32/stm32mp1_private.o
                0x000000002fff2f18                stm32mp_plat_reset
 .text.stm32_iwdg_get_instance
                0x000000002fff2fc4       0x28 /home/charles/linux/code/tfa/mp157_alientek/tf-a-stm32mp-2.2.r1-r0/tf-a-stm32mp-2.2.r1/../build/trusted/bl32/stm32mp1_private.o
                0x000000002fff2fc4                stm32_iwdg_get_instance
 .text.stm32_iwdg_get_otp_config
                0x000000002fff2fec       0x50 /home/charles/linux/code/tfa/mp157_alientek/tf-a-stm32mp-2.2.r1-r0/tf-a-stm32mp-2.2.r1/../build/trusted/bl32/stm32mp1_private.o
                0x000000002fff2fec                stm32_iwdg_get_otp_config
 .text.stm32mp_etzpc_binding2decprot
                0x000000002fff303c       0x10 /home/charles/linux/code/tfa/mp157_alientek/tf-a-stm32mp-2.2.r1-r0/tf-a-stm32mp-2.2.r1/../build/trusted/bl32/stm32mp1_private.o
                0x000000002fff303c                stm32mp_etzpc_binding2decprot
 .text.xlat_arch_get_max_supported_pa
                0x000000002fff304c        0x8 /home/charles/linux/code/tfa/mp157_alientek/tf-a-stm32mp-2.2.r1-r0/tf-a-stm32mp-2.2.r1/../build/trusted/bl32/xlat_tables_arch.o
                0x000000002fff304c                xlat_arch_get_max_supported_pa
 .text.xlat_get_min_virt_addr_space_size
                0x000000002fff3054        0x6 /home/charles/linux/code/tfa/mp157_alientek/tf-a-stm32mp-2.2.r1-r0/tf-a-stm32mp-2.2.r1/../build/trusted/bl32/xlat_tables_arch.o
                0x000000002fff3054                xlat_get_min_virt_addr_space_size
 .text.is_dcache_enabled
                0x000000002fff305a       0x1c /home/charles/linux/code/tfa/mp157_alientek/tf-a-stm32mp-2.2.r1-r0/tf-a-stm32mp-2.2.r1/../build/trusted/bl32/xlat_tables_arch.o
                0x000000002fff305a                is_dcache_enabled
 *fill*         0x000000002fff3076        0x2 
 .text.xlat_arch_regime_get_xn_desc
                0x000000002fff3078       0x28 /home/charles/linux/code/tfa/mp157_alientek/tf-a-stm32mp-2.2.r1-r0/tf-a-stm32mp-2.2.r1/../build/trusted/bl32/xlat_tables_arch.o
                0x000000002fff3078                xlat_arch_regime_get_xn_desc
 .text.xlat_arch_tlbi_va
                0x000000002fff30a0       0x30 /home/charles/linux/code/tfa/mp157_alientek/tf-a-stm32mp-2.2.r1-r0/tf-a-stm32mp-2.2.r1/../build/trusted/bl32/xlat_tables_arch.o
                0x000000002fff30a0                xlat_arch_tlbi_va
 .text.xlat_arch_tlbi_va_sync
                0x000000002fff30d0       0x10 /home/charles/linux/code/tfa/mp157_alientek/tf-a-stm32mp-2.2.r1-r0/tf-a-stm32mp-2.2.r1/../build/trusted/bl32/xlat_tables_arch.o
                0x000000002fff30d0                xlat_arch_tlbi_va_sync
 .text.xlat_arch_current_el
                0x000000002fff30e0       0x3c /home/charles/linux/code/tfa/mp157_alientek/tf-a-stm32mp-2.2.r1-r0/tf-a-stm32mp-2.2.r1/../build/trusted/bl32/xlat_tables_arch.o
                0x000000002fff30e0                xlat_arch_current_el
 .text.is_mmu_enabled_ctx
                0x000000002fff311c       0x40 /home/charles/linux/code/tfa/mp157_alientek/tf-a-stm32mp-2.2.r1-r0/tf-a-stm32mp-2.2.r1/../build/trusted/bl32/xlat_tables_arch.o
                0x000000002fff311c                is_mmu_enabled_ctx
 .text.setup_mmu_cfg
                0x000000002fff315c       0xac /home/charles/linux/code/tfa/mp157_alientek/tf-a-stm32mp-2.2.r1-r0/tf-a-stm32mp-2.2.r1/../build/trusted/bl32/xlat_tables_arch.o
                0x000000002fff315c                setup_mmu_cfg
 .text.mmap_add_region
                0x000000002fff3208       0x28 /home/charles/linux/code/tfa/mp157_alientek/tf-a-stm32mp-2.2.r1-r0/tf-a-stm32mp-2.2.r1/../build/trusted/bl32/xlat_tables_context.o
                0x000000002fff3208                mmap_add_region
 .text.mmap_add
                0x000000002fff3230        0xc /home/charles/linux/code/tfa/mp157_alientek/tf-a-stm32mp-2.2.r1-r0/tf-a-stm32mp-2.2.r1/../build/trusted/bl32/xlat_tables_context.o
                0x000000002fff3230                mmap_add
 .text.mmap_add_dynamic_region
                0x000000002fff323c       0x28 /home/charles/linux/code/tfa/mp157_alientek/tf-a-stm32mp-2.2.r1-r0/tf-a-stm32mp-2.2.r1/../build/trusted/bl32/xlat_tables_context.o
                0x000000002fff323c                mmap_add_dynamic_region
 .text.mmap_remove_dynamic_region
                0x000000002fff3264       0x10 /home/charles/linux/code/tfa/mp157_alientek/tf-a-stm32mp-2.2.r1-r0/tf-a-stm32mp-2.2.r1/../build/trusted/bl32/xlat_tables_context.o
                0x000000002fff3264                mmap_remove_dynamic_region
 .text.init_xlat_tables
                0x000000002fff3274       0x3c /home/charles/linux/code/tfa/mp157_alientek/tf-a-stm32mp-2.2.r1-r0/tf-a-stm32mp-2.2.r1/../build/trusted/bl32/xlat_tables_context.o
                0x000000002fff3274                init_xlat_tables
 .text.enable_mmu_svc_mon
                0x000000002fff32b0       0x34 /home/charles/linux/code/tfa/mp157_alientek/tf-a-stm32mp-2.2.r1-r0/tf-a-stm32mp-2.2.r1/../build/trusted/bl32/xlat_tables_context.o
                0x000000002fff32b0                enable_mmu_svc_mon
 .text.mmap_add_region_check
                0x000000002fff32e4      0x158 /home/charles/linux/code/tfa/mp157_alientek/tf-a-stm32mp-2.2.r1-r0/tf-a-stm32mp-2.2.r1/../build/trusted/bl32/xlat_tables_core.o
 .text.xlat_clean_dcache_range
                0x000000002fff343c       0x1a /home/charles/linux/code/tfa/mp157_alientek/tf-a-stm32mp-2.2.r1-r0/tf-a-stm32mp-2.2.r1/../build/trusted/bl32/xlat_tables_core.o
 *fill*         0x000000002fff3456        0x2 
 .text.xlat_table_get_index
                0x000000002fff3458       0x28 /home/charles/linux/code/tfa/mp157_alientek/tf-a-stm32mp-2.2.r1-r0/tf-a-stm32mp-2.2.r1/../build/trusted/bl32/xlat_tables_core.o
 .text.xlat_tables_unmap_region
                0x000000002fff3480      0x158 /home/charles/linux/code/tfa/mp157_alientek/tf-a-stm32mp-2.2.r1-r0/tf-a-stm32mp-2.2.r1/../build/trusted/bl32/xlat_tables_core.o
 .text.xlat_desc
                0x000000002fff35d8       0xb4 /home/charles/linux/code/tfa/mp157_alientek/tf-a-stm32mp-2.2.r1-r0/tf-a-stm32mp-2.2.r1/../build/trusted/bl32/xlat_tables_core.o
                0x000000002fff35d8                xlat_desc
 .text.xlat_tables_map_region
                0x000000002fff368c      0x1b4 /home/charles/linux/code/tfa/mp157_alientek/tf-a-stm32mp-2.2.r1-r0/tf-a-stm32mp-2.2.r1/../build/trusted/bl32/xlat_tables_core.o
 .text.mmap_add_region_ctx
                0x000000002fff3840       0xf0 /home/charles/linux/code/tfa/mp157_alientek/tf-a-stm32mp-2.2.r1-r0/tf-a-stm32mp-2.2.r1/../build/trusted/bl32/xlat_tables_core.o
                0x000000002fff3840                mmap_add_region_ctx
 .text.mmap_add_ctx
                0x000000002fff3930       0x18 /home/charles/linux/code/tfa/mp157_alientek/tf-a-stm32mp-2.2.r1-r0/tf-a-stm32mp-2.2.r1/../build/trusted/bl32/xlat_tables_core.o
                0x000000002fff3930                mmap_add_ctx
 .text.mmap_add_dynamic_region_ctx
                0x000000002fff3948      0x168 /home/charles/linux/code/tfa/mp157_alientek/tf-a-stm32mp-2.2.r1-r0/tf-a-stm32mp-2.2.r1/../build/trusted/bl32/xlat_tables_core.o
                0x000000002fff3948                mmap_add_dynamic_region_ctx
 .text.mmap_remove_dynamic_region_ctx
                0x000000002fff3ab0      0x10c /home/charles/linux/code/tfa/mp157_alientek/tf-a-stm32mp-2.2.r1-r0/tf-a-stm32mp-2.2.r1/../build/trusted/bl32/xlat_tables_core.o
                0x000000002fff3ab0                mmap_remove_dynamic_region_ctx
 .text.init_xlat_tables_ctx
                0x000000002fff3bbc      0x154 /home/charles/linux/code/tfa/mp157_alientek/tf-a-stm32mp-2.2.r1-r0/tf-a-stm32mp-2.2.r1/../build/trusted/bl32/xlat_tables_core.o
                0x000000002fff3bbc                init_xlat_tables_ctx
 .text.xlat_mmap_print
                0x000000002fff3d10        0x2 /home/charles/linux/code/tfa/mp157_alientek/tf-a-stm32mp-2.2.r1-r0/tf-a-stm32mp-2.2.r1/../build/trusted/bl32/xlat_tables_utils.o
                0x000000002fff3d10                xlat_mmap_print
 .text.xlat_tables_print
                0x000000002fff3d12        0x2 /home/charles/linux/code/tfa/mp157_alientek/tf-a-stm32mp-2.2.r1-r0/tf-a-stm32mp-2.2.r1/../build/trusted/bl32/xlat_tables_utils.o
                0x000000002fff3d12                xlat_tables_print
 .text.tzc400_set_action
                0x000000002fff3d14       0x24 /home/charles/linux/code/tfa/mp157_alientek/tf-a-stm32mp-2.2.r1-r0/tf-a-stm32mp-2.2.r1/../build/trusted/bl32/tzc400.o
                0x000000002fff3d14                tzc400_set_action
 .text.tzc400_init
                0x000000002fff3d38       0x5c /home/charles/linux/code/tfa/mp157_alientek/tf-a-stm32mp-2.2.r1-r0/tf-a-stm32mp-2.2.r1/../build/trusted/bl32/tzc400.o
                0x000000002fff3d38                tzc400_init
 .text.tzc400_configure_region
                0x000000002fff3d94       0xbc /home/charles/linux/code/tfa/mp157_alientek/tf-a-stm32mp-2.2.r1-r0/tf-a-stm32mp-2.2.r1/../build/trusted/bl32/tzc400.o
                0x000000002fff3d94                tzc400_configure_region
 .text.tzc400_enable_filters
                0x000000002fff3e50       0x68 /home/charles/linux/code/tfa/mp157_alientek/tf-a-stm32mp-2.2.r1-r0/tf-a-stm32mp-2.2.r1/../build/trusted/bl32/tzc400.o
                0x000000002fff3e50                tzc400_enable_filters
 .text.tzc400_disable_filters
                0x000000002fff3eb8       0x4c /home/charles/linux/code/tfa/mp157_alientek/tf-a-stm32mp-2.2.r1-r0/tf-a-stm32mp-2.2.r1/../build/trusted/bl32/tzc400.o
                0x000000002fff3eb8                tzc400_disable_filters
 .text.tzc400_is_pending_interrupt
                0x000000002fff3f04       0x3c /home/charles/linux/code/tfa/mp157_alientek/tf-a-stm32mp-2.2.r1-r0/tf-a-stm32mp-2.2.r1/../build/trusted/bl32/tzc400.o
                0x000000002fff3f04                tzc400_is_pending_interrupt
 .text.tzc400_it_handler
                0x000000002fff3f40       0xbc /home/charles/linux/code/tfa/mp157_alientek/tf-a-stm32mp-2.2.r1-r0/tf-a-stm32mp-2.2.r1/../build/trusted/bl32/tzc400.o
                0x000000002fff3f40                tzc400_it_handler
 .text.udelay   0x000000002fff3ffc       0x5c /home/charles/linux/code/tfa/mp157_alientek/tf-a-stm32mp-2.2.r1-r0/tf-a-stm32mp-2.2.r1/../build/trusted/bl32/delay_timer.o
                0x000000002fff3ffc                udelay
 .text.mdelay   0x000000002fff4058        0xa /home/charles/linux/code/tfa/mp157_alientek/tf-a-stm32mp-2.2.r1-r0/tf-a-stm32mp-2.2.r1/../build/trusted/bl32/delay_timer.o
                0x000000002fff4058                mdelay
 *fill*         0x000000002fff4062        0x2 
 .text.timer_init
                0x000000002fff4064       0x28 /home/charles/linux/code/tfa/mp157_alientek/tf-a-stm32mp-2.2.r1-r0/tf-a-stm32mp-2.2.r1/../build/trusted/bl32/delay_timer.o
                0x000000002fff4064                timer_init
 .text.get_timer_value
                0x000000002fff408c        0x8 /home/charles/linux/code/tfa/mp157_alientek/tf-a-stm32mp-2.2.r1-r0/tf-a-stm32mp-2.2.r1/../build/trusted/bl32/generic_delay_timer.o
 .text.generic_delay_timer_init_args
                0x000000002fff4094       0x18 /home/charles/linux/code/tfa/mp157_alientek/tf-a-stm32mp-2.2.r1-r0/tf-a-stm32mp-2.2.r1/../build/trusted/bl32/generic_delay_timer.o
                0x000000002fff4094                generic_delay_timer_init_args
 .text.generic_delay_timer_init
                0x000000002fff40ac       0x44 /home/charles/linux/code/tfa/mp157_alientek/tf-a-stm32mp-2.2.r1-r0/tf-a-stm32mp-2.2.r1/../build/trusted/bl32/generic_delay_timer.o
                0x000000002fff40ac                generic_delay_timer_init
 .text.fdt32_to_cpu
                0x000000002fff40f0        0x4 /home/charles/linux/code/tfa/mp157_alientek/tf-a-stm32mp-2.2.r1-r0/tf-a-stm32mp-2.2.r1/../build/trusted/bl32/bsec2.o
 .text.bsec_lock
                0x000000002fff40f4       0x18 /home/charles/linux/code/tfa/mp157_alientek/tf-a-stm32mp-2.2.r1-r0/tf-a-stm32mp-2.2.r1/../build/trusted/bl32/bsec2.o
 .text.bsec_unlock
                0x000000002fff410c       0x18 /home/charles/linux/code/tfa/mp157_alientek/tf-a-stm32mp-2.2.r1-r0/tf-a-stm32mp-2.2.r1/../build/trusted/bl32/bsec2.o
 .text.otp_bank_offset
                0x000000002fff4124       0x18 /home/charles/linux/code/tfa/mp157_alientek/tf-a-stm32mp-2.2.r1-r0/tf-a-stm32mp-2.2.r1/../build/trusted/bl32/bsec2.o
 .text.bsec_check_error
                0x000000002fff413c       0x34 /home/charles/linux/code/tfa/mp157_alientek/tf-a-stm32mp-2.2.r1-r0/tf-a-stm32mp-2.2.r1/../build/trusted/bl32/bsec2.o
 .text.bsec_find_otp_name_in_dt
                0x000000002fff4170       0xd0 /home/charles/linux/code/tfa/mp157_alientek/tf-a-stm32mp-2.2.r1-r0/tf-a-stm32mp-2.2.r1/../build/trusted/bl32/bsec2.o
                0x000000002fff4170                bsec_find_otp_name_in_dt
 .text.bsec_read_otp
                0x000000002fff4240       0x20 /home/charles/linux/code/tfa/mp157_alientek/tf-a-stm32mp-2.2.r1-r0/tf-a-stm32mp-2.2.r1/../build/trusted/bl32/bsec2.o
                0x000000002fff4240                bsec_read_otp
 .text.bsec_read_debug_conf
                0x000000002fff4260        0xc /home/charles/linux/code/tfa/mp157_alientek/tf-a-stm32mp-2.2.r1-r0/tf-a-stm32mp-2.2.r1/../build/trusted/bl32/bsec2.o
                0x000000002fff4260                bsec_read_debug_conf
 .text.bsec_get_status
                0x000000002fff426c        0xc /home/charles/linux/code/tfa/mp157_alientek/tf-a-stm32mp-2.2.r1-r0/tf-a-stm32mp-2.2.r1/../build/trusted/bl32/bsec2.o
                0x000000002fff426c                bsec_get_status
 .text.bsec_power_safmem
                0x000000002fff4278       0x64 /home/charles/linux/code/tfa/mp157_alientek/tf-a-stm32mp-2.2.r1-r0/tf-a-stm32mp-2.2.r1/../build/trusted/bl32/bsec2.o
 .text.bsec_permanent_lock_otp
                0x000000002fff42dc       0x90 /home/charles/linux/code/tfa/mp157_alientek/tf-a-stm32mp-2.2.r1-r0/tf-a-stm32mp-2.2.r1/../build/trusted/bl32/bsec2.o
                0x000000002fff42dc                bsec_permanent_lock_otp
 .text.bsec_get_version
                0x000000002fff436c       0x10 /home/charles/linux/code/tfa/mp157_alientek/tf-a-stm32mp-2.2.r1-r0/tf-a-stm32mp-2.2.r1/../build/trusted/bl32/bsec2.o
                0x000000002fff436c                bsec_get_version
 .text.bsec_get_id
                0x000000002fff437c       0x10 /home/charles/linux/code/tfa/mp157_alientek/tf-a-stm32mp-2.2.r1-r0/tf-a-stm32mp-2.2.r1/../build/trusted/bl32/bsec2.o
                0x000000002fff437c                bsec_get_id
 .text.bsec_read_sr_lock
                0x000000002fff438c       0x38 /home/charles/linux/code/tfa/mp157_alientek/tf-a-stm32mp-2.2.r1-r0/tf-a-stm32mp-2.2.r1/../build/trusted/bl32/bsec2.o
                0x000000002fff438c                bsec_read_sr_lock
 .text.bsec_shadow_register
                0x000000002fff43c4       0x7c /home/charles/linux/code/tfa/mp157_alientek/tf-a-stm32mp-2.2.r1-r0/tf-a-stm32mp-2.2.r1/../build/trusted/bl32/bsec2.o
                0x000000002fff43c4                bsec_shadow_register
 .text.bsec_probe
                0x000000002fff4440      0x11c /home/charles/linux/code/tfa/mp157_alientek/tf-a-stm32mp-2.2.r1-r0/tf-a-stm32mp-2.2.r1/../build/trusted/bl32/bsec2.o
                0x000000002fff4440                bsec_probe
 .text.bsec_read_sw_lock
                0x000000002fff455c       0x38 /home/charles/linux/code/tfa/mp157_alientek/tf-a-stm32mp-2.2.r1-r0/tf-a-stm32mp-2.2.r1/../build/trusted/bl32/bsec2.o
                0x000000002fff455c                bsec_read_sw_lock
 .text.bsec_write_otp
                0x000000002fff4594       0x44 /home/charles/linux/code/tfa/mp157_alientek/tf-a-stm32mp-2.2.r1-r0/tf-a-stm32mp-2.2.r1/../build/trusted/bl32/bsec2.o
                0x000000002fff4594                bsec_write_otp
 .text.bsec_read_sp_lock
                0x000000002fff45d8       0x38 /home/charles/linux/code/tfa/mp157_alientek/tf-a-stm32mp-2.2.r1-r0/tf-a-stm32mp-2.2.r1/../build/trusted/bl32/bsec2.o
                0x000000002fff45d8                bsec_read_sp_lock
 .text.bsec_read_permanent_lock
                0x000000002fff4610       0x38 /home/charles/linux/code/tfa/mp157_alientek/tf-a-stm32mp-2.2.r1-r0/tf-a-stm32mp-2.2.r1/../build/trusted/bl32/bsec2.o
                0x000000002fff4610                bsec_read_permanent_lock
 .text.bsec_program_otp
                0x000000002fff4648       0xe0 /home/charles/linux/code/tfa/mp157_alientek/tf-a-stm32mp-2.2.r1-r0/tf-a-stm32mp-2.2.r1/../build/trusted/bl32/bsec2.o
                0x000000002fff4648                bsec_program_otp
 .text.bsec_check_nsec_access_rights
                0x000000002fff4728       0x34 /home/charles/linux/code/tfa/mp157_alientek/tf-a-stm32mp-2.2.r1-r0/tf-a-stm32mp-2.2.r1/../build/trusted/bl32/bsec2.o
                0x000000002fff4728                bsec_check_nsec_access_rights
 .text.fdt_osc_read_freq
                0x000000002fff475c       0xa0 /home/charles/linux/code/tfa/mp157_alientek/tf-a-stm32mp-2.2.r1-r0/tf-a-stm32mp-2.2.r1/../build/trusted/bl32/stm32mp_clkfunc.o
                0x000000002fff475c                fdt_osc_read_freq
 .text.fdt_get_rcc_node
                0x000000002fff47fc        0xc /home/charles/linux/code/tfa/mp157_alientek/tf-a-stm32mp-2.2.r1-r0/tf-a-stm32mp-2.2.r1/../build/trusted/bl32/stm32mp_clkfunc.o
                0x000000002fff47fc                fdt_get_rcc_node
 .text.fdt_rcc_read_uint32_default
                0x000000002fff4808       0x1e /home/charles/linux/code/tfa/mp157_alientek/tf-a-stm32mp-2.2.r1-r0/tf-a-stm32mp-2.2.r1/../build/trusted/bl32/stm32mp_clkfunc.o
                0x000000002fff4808                fdt_rcc_read_uint32_default
 .text.fdt_rcc_read_prop
                0x000000002fff4826       0x30 /home/charles/linux/code/tfa/mp157_alientek/tf-a-stm32mp-2.2.r1-r0/tf-a-stm32mp-2.2.r1/../build/trusted/bl32/stm32mp_clkfunc.o
                0x000000002fff4826                fdt_rcc_read_prop