Archive member included to satisfy reference by file (symbol)

/home/charles/linux/code/tfa/mp157_alientek/tf-a-stm32mp-2.2.r1-r0/tf-a-stm32mp-2.2.r1/../build/serialboot/lib/libfdt.a(fdt.o)
                              /home/charles/linux/code/tfa/mp157_alientek/tf-a-stm32mp-2.2.r1-r0/tf-a-stm32mp-2.2.r1/../build/serialboot/bl2/stm32mp_dt.o (fdt_check_header)
/home/charles/linux/code/tfa/mp157_alientek/tf-a-stm32mp-2.2.r1-r0/tf-a-stm32mp-2.2.r1/../build/serialboot/lib/libfdt.a(fdt_addresses.o)
                              /home/charles/linux/code/tfa/mp157_alientek/tf-a-stm32mp-2.2.r1-r0/tf-a-stm32mp-2.2.r1/../build/serialboot/bl2/stm32mp_dt.o (fdt_address_cells)
/home/charles/linux/code/tfa/mp157_alientek/tf-a-stm32mp-2.2.r1-r0/tf-a-stm32mp-2.2.r1/../build/serialboot/lib/libfdt.a(fdt_ro.o)
                              /home/charles/linux/code/tfa/mp157_alientek/tf-a-stm32mp-2.2.r1-r0/tf-a-stm32mp-2.2.r1/../build/serialboot/bl2/stm32mp_clkfunc.o (fdt_get_name)
/home/charles/linux/code/tfa/mp157_alientek/tf-a-stm32mp-2.2.r1-r0/tf-a-stm32mp-2.2.r1/../build/serialboot/lib/libc.a(assert.o)
                              /home/charles/linux/code/tfa/mp157_alientek/tf-a-stm32mp-2.2.r1-r0/tf-a-stm32mp-2.2.r1/../build/serialboot/bl2/io_block.o (__assert)
/home/charles/linux/code/tfa/mp157_alientek/tf-a-stm32mp-2.2.r1-r0/tf-a-stm32mp-2.2.r1/../build/serialboot/lib/libc.a(memchr.o)
                              /home/charles/linux/code/tfa/mp157_alientek/tf-a-stm32mp-2.2.r1-r0/tf-a-stm32mp-2.2.r1/../build/serialboot/lib/libfdt.a(fdt_ro.o) (memchr)
/home/charles/linux/code/tfa/mp157_alientek/tf-a-stm32mp-2.2.r1-r0/tf-a-stm32mp-2.2.r1/../build/serialboot/lib/libc.a(memcmp.o)
                              /home/charles/linux/code/tfa/mp157_alientek/tf-a-stm32mp-2.2.r1-r0/tf-a-stm32mp-2.2.r1/../build/serialboot/bl2/stm32mp_crypto_lib.o (memcmp)
/home/charles/linux/code/tfa/mp157_alientek/tf-a-stm32mp-2.2.r1-r0/tf-a-stm32mp-2.2.r1/../build/serialboot/lib/libc.a(memcpy.o)
                              /home/charles/linux/code/tfa/mp157_alientek/tf-a-stm32mp-2.2.r1-r0/tf-a-stm32mp-2.2.r1/../build/serialboot/bl2/io_block.o (memcpy)
/home/charles/linux/code/tfa/mp157_alientek/tf-a-stm32mp-2.2.r1-r0/tf-a-stm32mp-2.2.r1/../build/serialboot/lib/libc.a(memmove.o)
                              /home/charles/linux/code/tfa/mp157_alientek/tf-a-stm32mp-2.2.r1-r0/tf-a-stm32mp-2.2.r1/../build/serialboot/bl2/xlat_tables_core.o (memmove)
/home/charles/linux/code/tfa/mp157_alientek/tf-a-stm32mp-2.2.r1-r0/tf-a-stm32mp-2.2.r1/../build/serialboot/lib/libc.a(memset.o)
                              /home/charles/linux/code/tfa/mp157_alientek/tf-a-stm32mp-2.2.r1-r0/tf-a-stm32mp-2.2.r1/../build/serialboot/bl2/xlat_tables_core.o (memset)
/home/charles/linux/code/tfa/mp157_alientek/tf-a-stm32mp-2.2.r1-r0/tf-a-stm32mp-2.2.r1/../build/serialboot/lib/libc.a(printf.o)
                              /home/charles/linux/code/tfa/mp157_alientek/tf-a-stm32mp-2.2.r1-r0/tf-a-stm32mp-2.2.r1/../build/serialboot/bl2/tf_log.o (vprintf)
/home/charles/linux/code/tfa/mp157_alientek/tf-a-stm32mp-2.2.r1-r0/tf-a-stm32mp-2.2.r1/../build/serialboot/lib/libc.a(putchar.o)
                              /home/charles/linux/code/tfa/mp157_alientek/tf-a-stm32mp-2.2.r1-r0/tf-a-stm32mp-2.2.r1/../build/serialboot/bl2/tf_log.o (putchar)
/home/charles/linux/code/tfa/mp157_alientek/tf-a-stm32mp-2.2.r1-r0/tf-a-stm32mp-2.2.r1/../build/serialboot/lib/libc.a(snprintf.o)
                              /home/charles/linux/code/tfa/mp157_alientek/tf-a-stm32mp-2.2.r1-r0/tf-a-stm32mp-2.2.r1/../build/serialboot/bl2/stm32mp1_clk.o (snprintf)
/home/charles/linux/code/tfa/mp157_alientek/tf-a-stm32mp-2.2.r1-r0/tf-a-stm32mp-2.2.r1/../build/serialboot/lib/libc.a(strchr.o)
                              /home/charles/linux/code/tfa/mp157_alientek/tf-a-stm32mp-2.2.r1-r0/tf-a-stm32mp-2.2.r1/../build/serialboot/bl2/stm32mp_dt.o (strchr)
/home/charles/linux/code/tfa/mp157_alientek/tf-a-stm32mp-2.2.r1-r0/tf-a-stm32mp-2.2.r1/../build/serialboot/lib/libc.a(strcmp.o)
                              /home/charles/linux/code/tfa/mp157_alientek/tf-a-stm32mp-2.2.r1-r0/tf-a-stm32mp-2.2.r1/../build/serialboot/bl2/partition.o (strcmp)
/home/charles/linux/code/tfa/mp157_alientek/tf-a-stm32mp-2.2.r1-r0/tf-a-stm32mp-2.2.r1/../build/serialboot/lib/libc.a(strlen.o)
                              /home/charles/linux/code/tfa/mp157_alientek/tf-a-stm32mp-2.2.r1-r0/tf-a-stm32mp-2.2.r1/../build/serialboot/bl2/stpmic1.o (strlen)
/home/charles/linux/code/tfa/mp157_alientek/tf-a-stm32mp-2.2.r1-r0/tf-a-stm32mp-2.2.r1/../build/serialboot/lib/libc.a(strncmp.o)
                              /home/charles/linux/code/tfa/mp157_alientek/tf-a-stm32mp-2.2.r1-r0/tf-a-stm32mp-2.2.r1/../build/serialboot/bl2/raw_nand.o (strncmp)
/home/charles/linux/code/tfa/mp157_alientek/tf-a-stm32mp-2.2.r1-r0/tf-a-stm32mp-2.2.r1/../build/serialboot/lib/libc.a(strnlen.o)
[...]
Memory Configuration

Name             Origin             Length             Attributes
RAM              0x000000002ffd6000 0x0000000000017000 xrw
*default*        0x0000000000000000 0xffffffffffffffff

Linker script and memory map

                0x000000002ffd6000                . = 0x2ffd6000
                0x0000000000000001                ASSERT ((. == ALIGN (0x1000)), BL2_BASE address is not aligned on a page boundary.)

ro              0x000000002ffd6000    0x11000
                0x000000002ffd6000                __RO_START__ = .
                0x000000002ffd6000                __TEXT_RESIDENT_START__ = .
 *bl2_el3_entrypoint.o(.text*)
 .text.asm.bl2_entrypoint
                0x000000002ffd6000      0x158 /home/charles/linux/code/tfa/mp157_alientek/tf-a-stm32mp-2.2.r1-r0/tf-a-stm32mp-2.2.r1/../build/serialboot/bl2/bl2_el3_entrypoint.o
                0x000000002ffd6000                bl2_entrypoint
 .text.asm.bl2_run_next_image
                0x000000002ffd6158       0x40 /home/charles/linux/code/tfa/mp157_alientek/tf-a-stm32mp-2.2.r1-r0/tf-a-stm32mp-2.2.r1/../build/serialboot/bl2/bl2_el3_entrypoint.o
                0x000000002ffd6158                bl2_run_next_image
 *(.text.asm.*)
 .text.asm.spin_lock
                0x000000002ffd6198       0x24 /home/charles/linux/code/tfa/mp157_alientek/tf-a-stm32mp-2.2.r1-r0/tf-a-stm32mp-2.2.r1/../build/serialboot/bl2/spinlock.o
                0x000000002ffd6198                spin_lock
 .text.asm.spin_unlock
                0x000000002ffd61bc       0x18 /home/charles/linux/code/tfa/mp157_alientek/tf-a-stm32mp-2.2.r1-r0/tf-a-stm32mp-2.2.r1/../build/serialboot/bl2/spinlock.o
                0x000000002ffd61bc                spin_unlock
 .text.asm.plat_set_my_stack
                0x000000002ffd61d4       0x10 /home/charles/linux/code/tfa/mp157_alientek/tf-a-stm32mp-2.2.r1-r0/tf-a-stm32mp-2.2.r1/../build/serialboot/bl2/platform_up_stack.o
                0x000000002ffd61d4                plat_set_my_stack
 .text.asm.reset_handler
                0x000000002ffd61e4       0x38 /home/charles/linux/code/tfa/mp157_alientek/tf-a-stm32mp-2.2.r1-r0/tf-a-stm32mp-2.2.r1/../build/serialboot/bl2/cpu_helpers.o
                0x000000002ffd61e4                reset_handler
 .text.asm.get_cpu_ops_ptr
                0x000000002ffd621c       0x44 /home/charles/linux/code/tfa/mp157_alientek/tf-a-stm32mp-2.2.r1-r0/tf-a-stm32mp-2.2.r1/../build/serialboot/bl2/cpu_helpers.o
                0x000000002ffd621c                get_cpu_ops_ptr
 .text.asm.do_panic
                0x000000002ffd6260       0x3c /home/charles/linux/code/tfa/mp157_alientek/tf-a-stm32mp-2.2.r1-r0/tf-a-stm32mp-2.2.r1/../build/serialboot/bl2/debug.o
                0x000000002ffd6260                do_panic
 .text.asm.report_exception
                0x000000002ffd629c       0x14 /home/charles/linux/code/tfa/mp157_alientek/tf-a-stm32mp-2.2.r1-r0/tf-a-stm32mp-2.2.r1/../build/serialboot/bl2/debug.o
                0x000000002ffd629c                report_exception
 .text.asm.report_undef_inst
                0x000000002ffd62b0       0x10 /home/charles/linux/code/tfa/mp157_alientek/tf-a-stm32mp-2.2.r1-r0/tf-a-stm32mp-2.2.r1/../build/serialboot/bl2/debug.o
                0x000000002ffd62b0                report_undef_inst
 .text.asm.report_prefetch_abort
                0x000000002ffd62c0       0x10 /home/charles/linux/code/tfa/mp157_alientek/tf-a-stm32mp-2.2.r1-r0/tf-a-stm32mp-2.2.r1/../build/serialboot/bl2/debug.o
                0x000000002ffd62c0                report_prefetch_abort
 .text.asm.report_data_abort
                0x000000002ffd62d0       0x10 /home/charles/linux/code/tfa/mp157_alientek/tf-a-stm32mp-2.2.r1-r0/tf-a-stm32mp-2.2.r1/../build/serialboot/bl2/debug.o
                0x000000002ffd62d0                report_data_abort
 .text.asm.asm_assert
                0x000000002ffd62e0       0x7c /home/charles/linux/code/tfa/mp157_alientek/tf-a-stm32mp-2.2.r1-r0/tf-a-stm32mp-2.2.r1/../build/serialboot/bl2/debug.o
                0x000000002ffd62e0                asm_assert
 .text.asm.asm_print_str
                0x000000002ffd635c       0x1c /home/charles/linux/code/tfa/mp157_alientek/tf-a-stm32mp-2.2.r1-r0/tf-a-stm32mp-2.2.r1/../build/serialboot/bl2/debug.o
                0x000000002ffd635c                asm_print_str
 .text.asm.asm_print_hex
                0x000000002ffd6378       0x34 /home/charles/linux/code/tfa/mp157_alientek/tf-a-stm32mp-2.2.r1-r0/tf-a-stm32mp-2.2.r1/../build/serialboot/bl2/debug.o
                0x000000002ffd6378                asm_print_hex
 .text.asm.flush_dcache_range
                0x000000002ffd63ac       0x3c /home/charles/linux/code/tfa/mp157_alientek/tf-a-stm32mp-2.2.r1-r0/tf-a-stm32mp-2.2.r1/../build/serialboot/bl2/cache_helpers.o
                0x000000002ffd63ac                flush_dcache_range
 .text.asm.clean_dcache_range
                0x000000002ffd63e8       0x3c /home/charles/linux/code/tfa/mp157_alientek/tf-a-stm32mp-2.2.r1-r0/tf-a-stm32mp-2.2.r1/../build/serialboot/bl2/cache_helpers.o
                0x000000002ffd63e8                clean_dcache_range
 .text.asm.inv_dcache_range
                0x000000002ffd6424       0x3c /home/charles/linux/code/tfa/mp157_alientek/tf-a-stm32mp-2.2.r1-r0/tf-a-stm32mp-2.2.r1/../build/serialboot/bl2/cache_helpers.o
                0x000000002ffd6424                inv_dcache_range
 .text.asm.zeromem
                0x000000002ffd6460       0x64 /home/charles/linux/code/tfa/mp157_alientek/tf-a-stm32mp-2.2.r1-r0/tf-a-stm32mp-2.2.r1/../build/serialboot/bl2/misc_helpers.o
                0x000000002ffd6460                zeromem
                0x000000002ffd6460                zero_normalmem
 .text.asm.disable_mmu_secure
                0x000000002ffd64c4       0x1c /home/charles/linux/code/tfa/mp157_alientek/tf-a-stm32mp-2.2.r1-r0/tf-a-stm32mp-2.2.r1/../build/serialboot/bl2/misc_helpers.o
                0x000000002ffd64c4                disable_mmu_secure
 .text.asm.disable_mmu_icache_secure
                0x000000002ffd64e0        0xc /home/charles/linux/code/tfa/mp157_alientek/tf-a-stm32mp-2.2.r1-r0/tf-a-stm32mp-2.2.r1/../build/serialboot/bl2/misc_helpers.o
                0x000000002ffd64e0                disable_mmu_icache_secure
 .text.asm.console_stm32_core_init
                0x000000002ffd64ec       0x7c /home/charles/linux/code/tfa/mp157_alientek/tf-a-stm32mp-2.2.r1-r0/tf-a-stm32mp-2.2.r1/../build/serialboot/bl2/stm32_console.o
                0x000000002ffd64ec                console_stm32_core_init
 .text.asm.console_stm32_register
                0x000000002ffd6568       0x58 /home/charles/linux/code/tfa/mp157_alientek/tf-a-stm32mp-2.2.r1-r0/tf-a-stm32mp-2.2.r1/../build/serialboot/bl2/stm32_console.o
                0x000000002ffd6568                console_stm32_register
 .text.asm.console_stm32_core_putc
                0x000000002ffd65c0       0x48 /home/charles/linux/code/tfa/mp157_alientek/tf-a-stm32mp-2.2.r1-r0/tf-a-stm32mp-2.2.r1/../build/serialboot/bl2/stm32_console.o
                0x000000002ffd65c0                console_stm32_core_putc
 .text.asm.console_stm32_putc
                0x000000002ffd6608       0x20 /home/charles/linux/code/tfa/mp157_alientek/tf-a-stm32mp-2.2.r1-r0/tf-a-stm32mp-2.2.r1/../build/serialboot/bl2/stm32_console.o
                0x000000002ffd6608                console_stm32_putc
 .text.asm.console_stm32_core_flush
                0x000000002ffd6628       0x30 /home/charles/linux/code/tfa/mp157_alientek/tf-a-stm32mp-2.2.r1-r0/tf-a-stm32mp-2.2.r1/../build/serialboot/bl2/stm32_console.o
                0x000000002ffd6628                console_stm32_core_flush
 .text.asm.console_stm32_flush
                0x000000002ffd6658       0x20 /home/charles/linux/code/tfa/mp157_alientek/tf-a-stm32mp-2.2.r1-r0/tf-a-stm32mp-2.2.r1/../build/serialboot/bl2/stm32_console.o
                0x000000002ffd6658                console_stm32_flush
 .text.asm.enable_mmu_direct_svc_mon
                0x000000002ffd6678       0x80 /home/charles/linux/code/tfa/mp157_alientek/tf-a-stm32mp-2.2.r1-r0/tf-a-stm32mp-2.2.r1/../build/serialboot/bl2/enable_mmu.o
                0x000000002ffd6678                enable_mmu_direct_svc_mon
 .text.asm.cortex_a7_enable_smp
                0x000000002ffd66f8       0x14 /home/charles/linux/code/tfa/mp157_alientek/tf-a-stm32mp-2.2.r1-r0/tf-a-stm32mp-2.2.r1/../build/serialboot/bl2/cortex_a7.o
 .text.asm.cortex_a7_reset_func
                0x000000002ffd670c        0x4 /home/charles/linux/code/tfa/mp157_alientek/tf-a-stm32mp-2.2.r1-r0/tf-a-stm32mp-2.2.r1/../build/serialboot/bl2/cortex_a7.o
 .text.asm.platform_mem_init
                0x000000002ffd6710        0x4 /home/charles/linux/code/tfa/mp157_alientek/tf-a-stm32mp-2.2.r1-r0/tf-a-stm32mp-2.2.r1/../build/serialboot/bl2/stm32mp1_helper.o
                0x000000002ffd6710                platform_mem_init
 .text.asm.plat_report_exception
                0x000000002ffd6714       0x74 /home/charles/linux/code/tfa/mp157_alientek/tf-a-stm32mp-2.2.r1-r0/tf-a-stm32mp-2.2.r1/../build/serialboot/bl2/stm32mp1_helper.o
                0x000000002ffd6714                plat_report_exception
 .text.asm.plat_report_undef_inst
                0x000000002ffd6788       0x30 /home/charles/linux/code/tfa/mp157_alientek/tf-a-stm32mp-2.2.r1-r0/tf-a-stm32mp-2.2.r1/../build/serialboot/bl2/stm32mp1_helper.o
                0x000000002ffd6788                plat_report_undef_inst
 .text.asm.plat_report_prefetch_abort
                0x000000002ffd67b8       0x58 /home/charles/linux/code/tfa/mp157_alientek/tf-a-stm32mp-2.2.r1-r0/tf-a-stm32mp-2.2.r1/../build/serialboot/bl2/stm32mp1_helper.o
                0x000000002ffd67b8                plat_report_prefetch_abort
 .text.asm.plat_report_data_abort
                0x000000002ffd6810       0x58 /home/charles/linux/code/tfa/mp157_alientek/tf-a-stm32mp-2.2.r1-r0/tf-a-stm32mp-2.2.r1/../build/serialboot/bl2/stm32mp1_helper.o
                0x000000002ffd6810                plat_report_data_abort
 .text.asm.plat_reset_handler
                0x000000002ffd6868        0x4 /home/charles/linux/code/tfa/mp157_alientek/tf-a-stm32mp-2.2.r1-r0/tf-a-stm32mp-2.2.r1/../build/serialboot/bl2/stm32mp1_helper.o
                0x000000002ffd6868                plat_reset_handler
 .text.asm.plat_get_my_entrypoint
                0x000000002ffd686c        0x8 /home/charles/linux/code/tfa/mp157_alientek/tf-a-stm32mp-2.2.r1-r0/tf-a-stm32mp-2.2.r1/../build/serialboot/bl2/stm32mp1_helper.o
                0x000000002ffd686c                plat_get_my_entrypoint
 .text.asm.plat_secondary_cold_boot_setup
                0x000000002ffd6874        0x4 /home/charles/linux/code/tfa/mp157_alientek/tf-a-stm32mp-2.2.r1-r0/tf-a-stm32mp-2.2.r1/../build/serialboot/bl2/stm32mp1_helper.o
                0x000000002ffd6874                plat_secondary_cold_boot_setup
 .text.asm.plat_is_my_cpu_primary
                0x000000002ffd6878       0x20 /home/charles/linux/code/tfa/mp157_alientek/tf-a-stm32mp-2.2.r1-r0/tf-a-stm32mp-2.2.r1/../build/serialboot/bl2/stm32mp1_helper.o
                0x000000002ffd6878                plat_is_my_cpu_primary
 .text.asm.plat_crash_console_init
                0x000000002ffd6898       0xac /home/charles/linux/code/tfa/mp157_alientek/tf-a-stm32mp-2.2.r1-r0/tf-a-stm32mp-2.2.r1/../build/serialboot/bl2/stm32mp1_helper.o
                0x000000002ffd6898                plat_crash_console_init
 .text.asm.plat_crash_console_flush
                0x000000002ffd6944        0xc /home/charles/linux/code/tfa/mp157_alientek/tf-a-stm32mp-2.2.r1-r0/tf-a-stm32mp-2.2.r1/../build/serialboot/bl2/stm32mp1_helper.o
                0x000000002ffd6944                plat_crash_console_flush
 .text.asm.plat_crash_console_putc
                0x000000002ffd6950        0xc /home/charles/linux/code/tfa/mp157_alientek/tf-a-stm32mp-2.2.r1-r0/tf-a-stm32mp-2.2.r1/../build/serialboot/bl2/stm32mp1_helper.o
                0x000000002ffd6950                plat_crash_console_putc
 .text.asm.plat_panic_handler
                0x000000002ffd695c       0x14 /home/charles/linux/code/tfa/mp157_alientek/tf-a-stm32mp-2.2.r1-r0/tf-a-stm32mp-2.2.r1/../build/serialboot/bl2/stm32mp1_helper.o
                0x000000002ffd695c                plat_panic_handler
                0x000000002ffd6970                __TEXT_RESIDENT_END__ = .
 *(.text*)
 .text.device_type_block
                0x000000002ffd6970        0x4 /home/charles/linux/code/tfa/mp157_alientek/tf-a-stm32mp-2.2.r1-r0/tf-a-stm32mp-2.2.r1/../build/serialboot/bl2/io_block.o
                0x000000002ffd6970                device_type_block
 .text.block_close
                0x000000002ffd6974        0x8 /home/charles/linux/code/tfa/mp157_alientek/tf-a-stm32mp-2.2.r1-r0/tf-a-stm32mp-2.2.r1/../build/serialboot/bl2/io_block.o
 .text.block_write
                0x000000002ffd697c      0x120 /home/charles/linux/code/tfa/mp157_alientek/tf-a-stm32mp-2.2.r1-r0/tf-a-stm32mp-2.2.r1/../build/serialboot/bl2/io_block.o
 .text.block_read
                0x000000002ffd6a9c       0xf4 /home/charles/linux/code/tfa/mp157_alientek/tf-a-stm32mp-2.2.r1-r0/tf-a-stm32mp-2.2.r1/../build/serialboot/bl2/io_block.o
 .text.block_dev_open
                0x000000002ffd6b90       0x78 /home/charles/linux/code/tfa/mp157_alientek/tf-a-stm32mp-2.2.r1-r0/tf-a-stm32mp-2.2.r1/../build/serialboot/bl2/io_block.o
 .text.block_seek
                0x000000002ffd6c08       0x60 /home/charles/linux/code/tfa/mp157_alientek/tf-a-stm32mp-2.2.r1-r0/tf-a-stm32mp-2.2.r1/../build/serialboot/bl2/io_block.o
 .text.block_open
                0x000000002ffd6c68       0x4c /home/charles/linux/code/tfa/mp157_alientek/tf-a-stm32mp-2.2.r1-r0/tf-a-stm32mp-2.2.r1/../build/serialboot/bl2/io_block.o
 .text.block_dev_close
                0x000000002ffd6cb4       0x48 /home/charles/linux/code/tfa/mp157_alientek/tf-a-stm32mp-2.2.r1-r0/tf-a-stm32mp-2.2.r1/../build/serialboot/bl2/io_block.o
 .text.register_io_dev_block
                0x000000002ffd6cfc       0x2c /home/charles/linux/code/tfa/mp157_alientek/tf-a-stm32mp-2.2.r1-r0/tf-a-stm32mp-2.2.r1/../build/serialboot/bl2/io_block.o
                0x000000002ffd6cfc                register_io_dev_block
 .text.device_type_dummy
                0x000000002ffd6d28        0x4 /home/charles/linux/code/tfa/mp157_alientek/tf-a-stm32mp-2.2.r1-r0/tf-a-stm32mp-2.2.r1/../build/serialboot/bl2/io_dummy.o
 .text.dummy_dev_close
                0x000000002ffd6d2c        0x4 /home/charles/linux/code/tfa/mp157_alientek/tf-a-stm32mp-2.2.r1-r0/tf-a-stm32mp-2.2.r1/../build/serialboot/bl2/io_dummy.o
 .text.dummy_dev_open
                0x000000002ffd6d30       0x1c /home/charles/linux/code/tfa/mp157_alientek/tf-a-stm32mp-2.2.r1-r0/tf-a-stm32mp-2.2.r1/../build/serialboot/bl2/io_dummy.o
 .text.dummy_block_close
                0x000000002ffd6d4c       0x20 /home/charles/linux/code/tfa/mp157_alientek/tf-a-stm32mp-2.2.r1-r0/tf-a-stm32mp-2.2.r1/../build/serialboot/bl2/io_dummy.o
 .text.dummy_block_read
                0x000000002ffd6d6c       0x18 /home/charles/linux/code/tfa/mp157_alientek/tf-a-stm32mp-2.2.r1-r0/tf-a-stm32mp-2.2.r1/../build/serialboot/bl2/io_dummy.o
 .text.dummy_block_len
                0x000000002ffd6d84       0x20 /home/charles/linux/code/tfa/mp157_alientek/tf-a-stm32mp-2.2.r1-r0/tf-a-stm32mp-2.2.r1/../build/serialboot/bl2/io_dummy.o
 .text.dummy_block_open
                0x000000002ffd6da4       0x3c /home/charles/linux/code/tfa/mp157_alientek/tf-a-stm32mp-2.2.r1-r0/tf-a-stm32mp-2.2.r1/../build/serialboot/bl2/io_dummy.o
 .text.register_io_dev_dummy
                0x000000002ffd6de0       0x28 /home/charles/linux/code/tfa/mp157_alientek/tf-a-stm32mp-2.2.r1-r0/tf-a-stm32mp-2.2.r1/../build/serialboot/bl2/io_dummy.o
                0x000000002ffd6de0                register_io_dev_dummy
 .text.device_type_mtd
                0x000000002ffd6e08        0x4 /home/charles/linux/code/tfa/mp157_alientek/tf-a-stm32mp-2.2.r1-r0/tf-a-stm32mp-2.2.r1/../build/serialboot/bl2/io_mtd.o
                0x000000002ffd6e08                device_type_mtd
 .text.mtd_close
                0x000000002ffd6e0c        0x8 /home/charles/linux/code/tfa/mp157_alientek/tf-a-stm32mp-2.2.r1-r0/tf-a-stm32mp-2.2.r1/../build/serialboot/bl2/io_mtd.o
 .text.mtd_read
                0x000000002ffd6e14       0x84 /home/charles/linux/code/tfa/mp157_alientek/tf-a-stm32mp-2.2.r1-r0/tf-a-stm32mp-2.2.r1/../build/serialboot/bl2/io_mtd.o
 .text.mtd_seek
                0x000000002ffd6e98       0x74 /home/charles/linux/code/tfa/mp157_alientek/tf-a-stm32mp-2.2.r1-r0/tf-a-stm32mp-2.2.r1/../build/serialboot/bl2/io_mtd.o
 .text.mtd_open
                0x000000002ffd6f0c       0x24 /home/charles/linux/code/tfa/mp157_alientek/tf-a-stm32mp-2.2.r1-r0/tf-a-stm32mp-2.2.r1/../build/serialboot/bl2/io_mtd.o
 .text.mtd_dev_close
                0x000000002ffd6f30       0x2c /home/charles/linux/code/tfa/mp157_alientek/tf-a-stm32mp-2.2.r1-r0/tf-a-stm32mp-2.2.r1/../build/serialboot/bl2/io_mtd.o
 .text.mtd_dev_open
                0x000000002ffd6f5c       0x50 /home/charles/linux/code/tfa/mp157_alientek/tf-a-stm32mp-2.2.r1-r0/tf-a-stm32mp-2.2.r1/../build/serialboot/bl2/io_mtd.o
 .text.register_io_dev_mtd
                0x000000002ffd6fac       0x1c /home/charles/linux/code/tfa/mp157_alientek/tf-a-stm32mp-2.2.r1-r0/tf-a-stm32mp-2.2.r1/../build/serialboot/bl2/io_mtd.o
                0x000000002ffd6fac                register_io_dev_mtd
 .text.is_valid_dev
                0x000000002ffd6fc8       0x18 /home/charles/linux/code/tfa/mp157_alientek/tf-a-stm32mp-2.2.r1-r0/tf-a-stm32mp-2.2.r1/../build/serialboot/bl2/io_storage.o
 .text.is_valid_entity
                0x000000002ffd6fe0       0x12 /home/charles/linux/code/tfa/mp157_alientek/tf-a-stm32mp-2.2.r1-r0/tf-a-stm32mp-2.2.r1/../build/serialboot/bl2/io_storage.o
 *fill*         0x000000002ffd6ff2        0x2 
 .text.free_entity
                0x000000002ffd6ff4       0x44 /home/charles/linux/code/tfa/mp157_alientek/tf-a-stm32mp-2.2.r1-r0/tf-a-stm32mp-2.2.r1/../build/serialboot/bl2/io_storage.o
 .text.io_register_device
                0x000000002ffd7038       0x28 /home/charles/linux/code/tfa/mp157_alientek/tf-a-stm32mp-2.2.r1-r0/tf-a-stm32mp-2.2.r1/../build/serialboot/bl2/io_storage.o
                0x000000002ffd7038                io_register_device
 .text.io_dev_open
                0x000000002ffd7060       0x28 /home/charles/linux/code/tfa/mp157_alientek/tf-a-stm32mp-2.2.r1-r0/tf-a-stm32mp-2.2.r1/../build/serialboot/bl2/io_storage.o
                0x000000002ffd7060                io_dev_open
 .text.io_dev_init
                0x000000002ffd7088       0x34 /home/charles/linux/code/tfa/mp157_alientek/tf-a-stm32mp-2.2.r1-r0/tf-a-stm32mp-2.2.r1/../build/serialboot/bl2/io_storage.o
                0x000000002ffd7088                io_dev_init
 .text.io_dev_close
                0x000000002ffd70bc       0x30 /home/charles/linux/code/tfa/mp157_alientek/tf-a-stm32mp-2.2.r1-r0/tf-a-stm32mp-2.2.r1/../build/serialboot/bl2/io_storage.o
                0x000000002ffd70bc                io_dev_close
 .text.io_open  0x000000002ffd70ec       0x98 /home/charles/linux/code/tfa/mp157_alientek/tf-a-stm32mp-2.2.r1-r0/tf-a-stm32mp-2.2.r1/../build/serialboot/bl2/io_storage.o
                0x000000002ffd70ec                io_open
 .text.io_seek  0x000000002ffd7184       0x4c /home/charles/linux/code/tfa/mp157_alientek/tf-a-stm32mp-2.2.r1-r0/tf-a-stm32mp-2.2.r1/../build/serialboot/bl2/io_storage.o
                0x000000002ffd7184                io_seek
 .text.io_size  0x000000002ffd71d0       0x34 /home/charles/linux/code/tfa/mp157_alientek/tf-a-stm32mp-2.2.r1-r0/tf-a-stm32mp-2.2.r1/../build/serialboot/bl2/io_storage.o
                0x000000002ffd71d0                io_size
 .text.io_read  0x000000002ffd7204       0x48 /home/charles/linux/code/tfa/mp157_alientek/tf-a-stm32mp-2.2.r1-r0/tf-a-stm32mp-2.2.r1/../build/serialboot/bl2/io_storage.o
                0x000000002ffd7204                io_read
 .text.io_close
                0x000000002ffd724c       0x30 /home/charles/linux/code/tfa/mp157_alientek/tf-a-stm32mp-2.2.r1-r0/tf-a-stm32mp-2.2.r1/../build/serialboot/bl2/io_storage.o
                0x000000002ffd724c                io_close
 .text.hash_write_data
                0x000000002ffd727c       0x68 /home/charles/linux/code/tfa/mp157_alientek/tf-a-stm32mp-2.2.r1-r0/tf-a-stm32mp-2.2.r1/../build/serialboot/bl2/stm32_hash.o
 .text.stm32_hash_update
                0x000000002ffd72e4       0xb0 /home/charles/linux/code/tfa/mp157_alientek/tf-a-stm32mp-2.2.r1-r0/tf-a-stm32mp-2.2.r1/../build/serialboot/bl2/stm32_hash.o
                0x000000002ffd72e4                stm32_hash_update
 .text.stm32_hash_final
                0x000000002ffd7394      0x100 /home/charles/linux/code/tfa/mp157_alientek/tf-a-stm32mp-2.2.r1-r0/tf-a-stm32mp-2.2.r1/../build/serialboot/bl2/stm32_hash.o
                0x000000002ffd7394                stm32_hash_final
 .text.stm32_hash_final_update
                0x000000002ffd7494       0x16 /home/charles/linux/code/tfa/mp157_alientek/tf-a-stm32mp-2.2.r1-r0/tf-a-stm32mp-2.2.r1/../build/serialboot/bl2/stm32_hash.o
                0x000000002ffd7494                stm32_hash_final_update
 *fill*         0x000000002ffd74aa        0x2 
 .text.stm32_hash_init
                0x000000002ffd74ac       0x5c /home/charles/linux/code/tfa/mp157_alientek/tf-a-stm32mp-2.2.r1-r0/tf-a-stm32mp-2.2.r1/../build/serialboot/bl2/stm32_hash.o
                0x000000002ffd74ac                stm32_hash_init
 .text.stm32_hash_register
                0x000000002ffd7508       0x88 /home/charles/linux/code/tfa/mp157_alientek/tf-a-stm32mp-2.2.r1-r0/tf-a-stm32mp-2.2.r1/../build/serialboot/bl2/stm32_hash.o
                0x000000002ffd7508                stm32_hash_register
 .text.device_type_stm32image
                0x000000002ffd7590        0x4 /home/charles/linux/code/tfa/mp157_alientek/tf-a-stm32mp-2.2.r1-r0/tf-a-stm32mp-2.2.r1/../build/serialboot/bl2/io_stm32image.o
 .text.stm32image_dev_close
                0x000000002ffd7594       0x1c /home/charles/linux/code/tfa/mp157_alientek/tf-a-stm32mp-2.2.r1-r0/tf-a-stm32mp-2.2.r1/../build/serialboot/bl2/io_stm32image.o
 .text.stm32image_partition_close
                0x000000002ffd75b0        0xc /home/charles/linux/code/tfa/mp157_alientek/tf-a-stm32mp-2.2.r1-r0/tf-a-stm32mp-2.2.r1/../build/serialboot/bl2/io_stm32image.o
 .text.stm32image_dev_init
                0x000000002ffd75bc       0x44 /home/charles/linux/code/tfa/mp157_alientek/tf-a-stm32mp-2.2.r1-r0/tf-a-stm32mp-2.2.r1/../build/serialboot/bl2/io_stm32image.o
 .text.stm32image_partition_read
                0x000000002ffd7600       0xfc /home/charles/linux/code/tfa/mp157_alientek/tf-a-stm32mp-2.2.r1-r0/tf-a-stm32mp-2.2.r1/../build/serialboot/bl2/io_stm32image.o
 .text.stm32image_partition_size
                0x000000002ffd76fc       0xec /home/charles/linux/code/tfa/mp157_alientek/tf-a-stm32mp-2.2.r1-r0/tf-a-stm32mp-2.2.r1/../build/serialboot/bl2/io_stm32image.o
 .text.stm32image_dev_open
                0x000000002ffd77e8       0x48 /home/charles/linux/code/tfa/mp157_alientek/tf-a-stm32mp-2.2.r1-r0/tf-a-stm32mp-2.2.r1/../build/serialboot/bl2/io_stm32image.o
 .text.stm32image_partition_open
                0x000000002ffd7830       0x50 /home/charles/linux/code/tfa/mp157_alientek/tf-a-stm32mp-2.2.r1-r0/tf-a-stm32mp-2.2.r1/../build/serialboot/bl2/io_stm32image.o
 .text.register_io_dev_stm32image
                0x000000002ffd7880       0x2c /home/charles/linux/code/tfa/mp157_alientek/tf-a-stm32mp-2.2.r1-r0/tf-a-stm32mp-2.2.r1/../build/serialboot/bl2/io_stm32image.o
                0x000000002ffd7880                register_io_dev_stm32image
 .text.boot_mmc
                0x000000002ffd78ac      0x140 /home/charles/linux/code/tfa/mp157_alientek/tf-a-stm32mp-2.2.r1-r0/tf-a-stm32mp-2.2.r1/../build/serialboot/bl2/bl2_io_storage.o
 .text.open_storage
                0x000000002ffd79ec       0x10 /home/charles/linux/code/tfa/mp157_alientek/tf-a-stm32mp-2.2.r1-r0/tf-a-stm32mp-2.2.r1/../build/serialboot/bl2/bl2_io_storage.o
 .text.open_image
                0x000000002ffd79fc       0x10 /home/charles/linux/code/tfa/mp157_alientek/tf-a-stm32mp-2.2.r1-r0/tf-a-stm32mp-2.2.r1/../build/serialboot/bl2/bl2_io_storage.o
 .text.open_dummy
                0x000000002ffd7a0c       0x10 /home/charles/linux/code/tfa/mp157_alientek/tf-a-stm32mp-2.2.r1-r0/tf-a-stm32mp-2.2.r1/../build/serialboot/bl2/bl2_io_storage.o
 .text.stm32mp_io_setup
                0x000000002ffd7a1c      0x290 /home/charles/linux/code/tfa/mp157_alientek/tf-a-stm32mp-2.2.r1-r0/tf-a-stm32mp-2.2.r1/../build/serialboot/bl2/bl2_io_storage.o
                0x000000002ffd7a1c                stm32mp_io_setup
 .text.plat_get_image_source
                0x000000002ffd7cac       0x40 /home/charles/linux/code/tfa/mp157_alientek/tf-a-stm32mp-2.2.r1-r0/tf-a-stm32mp-2.2.r1/../build/serialboot/bl2/bl2_io_storage.o
                0x000000002ffd7cac                plat_get_image_source
 .text.plat_try_next_boot_source
                0x000000002ffd7cec       0x84 /home/charles/linux/code/tfa/mp157_alientek/tf-a-stm32mp-2.2.r1-r0/tf-a-stm32mp-2.2.r1/../build/serialboot/bl2/bl2_io_storage.o
                0x000000002ffd7cec                plat_try_next_boot_source
 .text.get_boot_device
                0x000000002ffd7d70        0x4 /home/charles/linux/code/tfa/mp157_alientek/tf-a-stm32mp-2.2.r1-r0/tf-a-stm32mp-2.2.r1/../build/serialboot/bl2/bl2_plat_setup.o
                0x000000002ffd7d70                get_boot_device
 .text.bl2_el3_early_platform_setup
                0x000000002ffd7d74        0x4 /home/charles/linux/code/tfa/mp157_alientek/tf-a-stm32mp-2.2.r1-r0/tf-a-stm32mp-2.2.r1/../build/serialboot/bl2/bl2_plat_setup.o
                0x000000002ffd7d74                bl2_el3_early_platform_setup
 .text.bl2_platform_setup
                0x000000002ffd7d78       0x9c /home/charles/linux/code/tfa/mp157_alientek/tf-a-stm32mp-2.2.r1-r0/tf-a-stm32mp-2.2.r1/../build/serialboot/bl2/bl2_plat_setup.o
                0x000000002ffd7d78                bl2_platform_setup
 .text.bl2_el3_plat_arch_setup
                0x000000002ffd7e14      0x434 /home/charles/linux/code/tfa/mp157_alientek/tf-a-stm32mp-2.2.r1-r0/tf-a-stm32mp-2.2.r1/../build/serialboot/bl2/bl2_plat_setup.o
                0x000000002ffd7e14                bl2_el3_plat_arch_setup
 .text.bl2_plat_handle_post_image_load
                0x000000002ffd8248       0x30 /home/charles/linux/code/tfa/mp157_alientek/tf-a-stm32mp-2.2.r1-r0/tf-a-stm32mp-2.2.r1/../build/serialboot/bl2/bl2_plat_setup.o
                0x000000002ffd8248                bl2_plat_handle_post_image_load
 .text.auth_get_param.isra.0
                0x000000002ffd8278       0x3e /home/charles/linux/code/tfa/mp157_alientek/tf-a-stm32mp-2.2.r1-r0/tf-a-stm32mp-2.2.r1/../build/serialboot/bl2/auth_mod.o
 .text.plat_set_nv_ctr2
                0x000000002ffd82b6        0x6 /home/charles/linux/code/tfa/mp157_alientek/tf-a-stm32mp-2.2.r1-r0/tf-a-stm32mp-2.2.r1/../build/serialboot/bl2/auth_mod.o
                0x000000002ffd82b6                plat_set_nv_ctr2
 .text.auth_mod_get_parent_id
                0x000000002ffd82bc       0x40 /home/charles/linux/code/tfa/mp157_alientek/tf-a-stm32mp-2.2.r1-r0/tf-a-stm32mp-2.2.r1/../build/serialboot/bl2/auth_mod.o
                0x000000002ffd82bc                auth_mod_get_parent_id
 .text.auth_mod_init
                0x000000002ffd82fc       0x28 /home/charles/linux/code/tfa/mp157_alientek/tf-a-stm32mp-2.2.r1-r0/tf-a-stm32mp-2.2.r1/../build/serialboot/bl2/auth_mod.o
                0x000000002ffd82fc                auth_mod_init
 .text.auth_mod_verify_img
                0x000000002ffd8324      0x284 /home/charles/linux/code/tfa/mp157_alientek/tf-a-stm32mp-2.2.r1-r0/tf-a-stm32mp-2.2.r1/../build/serialboot/bl2/auth_mod.o
                0x000000002ffd8324                auth_mod_verify_img
 .text.crypto_mod_init
                0x000000002ffd85a8       0x44 /home/charles/linux/code/tfa/mp157_alientek/tf-a-stm32mp-2.2.r1-r0/tf-a-stm32mp-2.2.r1/../build/serialboot/bl2/crypto_mod.o
                0x000000002ffd85a8                crypto_mod_init
 .text.crypto_mod_verify_signature
                0x000000002ffd85ec       0x6c /home/charles/linux/code/tfa/mp157_alientek/tf-a-stm32mp-2.2.r1-r0/tf-a-stm32mp-2.2.r1/../build/serialboot/bl2/crypto_mod.o
                0x000000002ffd85ec                crypto_mod_verify_signature
 .text.crypto_mod_verify_hash
                0x000000002ffd8658       0x38 /home/charles/linux/code/tfa/mp157_alientek/tf-a-stm32mp-2.2.r1-r0/tf-a-stm32mp-2.2.r1/../build/serialboot/bl2/crypto_mod.o
                0x000000002ffd8658                crypto_mod_verify_hash
 .text.img_parser_init
                0x000000002ffd8690       0x94 /home/charles/linux/code/tfa/mp157_alientek/tf-a-stm32mp-2.2.r1-r0/tf-a-stm32mp-2.2.r1/../build/serialboot/bl2/img_parser_mod.o
                0x000000002ffd8690                img_parser_init
 .text.img_parser_check_integrity
                0x000000002ffd8724       0x48 /home/charles/linux/code/tfa/mp157_alientek/tf-a-stm32mp-2.2.r1-r0/tf-a-stm32mp-2.2.r1/../build/serialboot/bl2/img_parser_mod.o
                0x000000002ffd8724                img_parser_check_integrity
 .text.img_parser_get_auth_param
                0x000000002ffd876c       0x78 /home/charles/linux/code/tfa/mp157_alientek/tf-a-stm32mp-2.2.r1-r0/tf-a-stm32mp-2.2.r1/../build/serialboot/bl2/img_parser_mod.o
                0x000000002ffd876c                img_parser_get_auth_param
 .text.crypto_verify_hash
                0x000000002ffd87e4       0x46 /home/charles/linux/code/tfa/mp157_alientek/tf-a-stm32mp-2.2.r1-r0/tf-a-stm32mp-2.2.r1/../build/serialboot/bl2/stm32mp_crypto_lib.o
 *fill*         0x000000002ffd882a        0x2 
 .text.crypto_verify_signature
                0x000000002ffd882c      0x100 /home/charles/linux/code/tfa/mp157_alientek/tf-a-stm32mp-2.2.r1-r0/tf-a-stm32mp-2.2.r1/../build/serialboot/bl2/stm32mp_crypto_lib.o
 .text.crypto_lib_init
                0x000000002ffd892c       0x60 /home/charles/linux/code/tfa/mp157_alientek/tf-a-stm32mp-2.2.r1-r0/tf-a-stm32mp-2.2.r1/../build/serialboot/bl2/stm32mp_crypto_lib.o
 .text.img_lib_init
                0x000000002ffd898c        0x2 /home/charles/linux/code/tfa/mp157_alientek/tf-a-stm32mp-2.2.r1-r0/tf-a-stm32mp-2.2.r1/../build/serialboot/bl2/stm32mp_img_parser_lib.o
 .text.img_get_auth_param
                0x000000002ffd898e       0x74 /home/charles/linux/code/tfa/mp157_alientek/tf-a-stm32mp-2.2.r1-r0/tf-a-stm32mp-2.2.r1/../build/serialboot/bl2/stm32mp_img_parser_lib.o
 .text.img_check_integrity
                0x000000002ffd8a02       0x12 /home/charles/linux/code/tfa/mp157_alientek/tf-a-stm32mp-2.2.r1-r0/tf-a-stm32mp-2.2.r1/../build/serialboot/bl2/stm32mp_img_parser_lib.o
 .text.plat_get_rotpk_info
                0x000000002ffd8a14       0x8c /home/charles/linux/code/tfa/mp157_alientek/tf-a-stm32mp-2.2.r1-r0/tf-a-stm32mp-2.2.r1/../build/serialboot/bl2/stm32mp_trusted_boot.o
                0x000000002ffd8a14                plat_get_rotpk_info
 .text.plat_get_nv_ctr
                0x000000002ffd8aa0       0x1c /home/charles/linux/code/tfa/mp157_alientek/tf-a-stm32mp-2.2.r1-r0/tf-a-stm32mp-2.2.r1/../build/serialboot/bl2/stm32mp_trusted_boot.o
                0x000000002ffd8aa0                plat_get_nv_ctr
 .text.plat_set_nv_ctr
                0x000000002ffd8abc        0x6 /home/charles/linux/code/tfa/mp157_alientek/tf-a-stm32mp-2.2.r1-r0/tf-a-stm32mp-2.2.r1/../build/serialboot/bl2/stm32mp_trusted_boot.o
                0x000000002ffd8abc                plat_set_nv_ctr
 *fill*         0x000000002ffd8ac2        0x2 
 .text.mmc_send_cmd
                0x000000002ffd8ac4       0x44 /home/charles/linux/code/tfa/mp157_alientek/tf-a-stm32mp-2.2.r1-r0/tf-a-stm32mp-2.2.r1/../build/serialboot/bl2/mmc.o
 .text.mmc_device_state
                0x000000002ffd8b08       0x44 /home/charles/linux/code/tfa/mp157_alientek/tf-a-stm32mp-2.2.r1-r0/tf-a-stm32mp-2.2.r1/../build/serialboot/bl2/mmc.o
 .text.mmc_reset_to_idle
                0x000000002ffd8b4c       0x1c /home/charles/linux/code/tfa/mp157_alientek/tf-a-stm32mp-2.2.r1-r0/tf-a-stm32mp-2.2.r1/../build/serialboot/bl2/mmc.o
 .text.mmc_set_ext_csd
                0x000000002ffd8b68       0x34 /home/charles/linux/code/tfa/mp157_alientek/tf-a-stm32mp-2.2.r1-r0/tf-a-stm32mp-2.2.r1/../build/serialboot/bl2/mmc.o
 .text.sd_switch.constprop.0
                0x000000002ffd8b9c       0x48 /home/charles/linux/code/tfa/mp157_alientek/tf-a-stm32mp-2.2.r1-r0/tf-a-stm32mp-2.2.r1/../build/serialboot/bl2/mmc.o
 .text.mmc_read_blocks
                0x000000002ffd8be4       0xc8 /home/charles/linux/code/tfa/mp157_alientek/tf-a-stm32mp-2.2.r1-r0/tf-a-stm32mp-2.2.r1/../build/serialboot/bl2/mmc.o
                0x000000002ffd8be4                mmc_read_blocks
 .text.mmc_init
                0x000000002ffd8cac      0x4fc /home/charles/linux/code/tfa/mp157_alientek/tf-a-stm32mp-2.2.r1-r0/tf-a-stm32mp-2.2.r1/../build/serialboot/bl2/mmc.o
                0x000000002ffd8cac                mmc_init
 .text.parse_gpt_entry
                0x000000002ffd91a8       0x9c /home/charles/linux/code/tfa/mp157_alientek/tf-a-stm32mp-2.2.r1-r0/tf-a-stm32mp-2.2.r1/../build/serialboot/bl2/gpt.o
                0x000000002ffd91a8                parse_gpt_entry
 .text.load_partition_table
                0x000000002ffd9244      0x1f0 /home/charles/linux/code/tfa/mp157_alientek/tf-a-stm32mp-2.2.r1-r0/tf-a-stm32mp-2.2.r1/../build/serialboot/bl2/partition.o
                0x000000002ffd9244                load_partition_table
 .text.get_partition_entry
                0x000000002ffd9434       0x40 /home/charles/linux/code/tfa/mp157_alientek/tf-a-stm32mp-2.2.r1-r0/tf-a-stm32mp-2.2.r1/../build/serialboot/bl2/partition.o
                0x000000002ffd9434                get_partition_entry
 .text.partition_init
                0x000000002ffd9474        0x4 /home/charles/linux/code/tfa/mp157_alientek/tf-a-stm32mp-2.2.r1-r0/tf-a-stm32mp-2.2.r1/../build/serialboot/bl2/partition.o
                0x000000002ffd9474                partition_init
 .text.device_type_mmc
                0x000000002ffd9478        0x4 /home/charles/linux/code/tfa/mp157_alientek/tf-a-stm32mp-2.2.r1-r0/tf-a-stm32mp-2.2.r1/../build/serialboot/bl2/io_mmc.o
 .text.mmc_dev_init
                0x000000002ffd947c        0x4 /home/charles/linux/code/tfa/mp157_alientek/tf-a-stm32mp-2.2.r1-r0/tf-a-stm32mp-2.2.r1/../build/serialboot/bl2/io_mmc.o
 .text.mmc_block_open
                0x000000002ffd9480       0x10 /home/charles/linux/code/tfa/mp157_alientek/tf-a-stm32mp-2.2.r1-r0/tf-a-stm32mp-2.2.r1/../build/serialboot/bl2/io_mmc.o
 .text.mmc_block_seek
                0x000000002ffd9490       0x14 /home/charles/linux/code/tfa/mp157_alientek/tf-a-stm32mp-2.2.r1-r0/tf-a-stm32mp-2.2.r1/../build/serialboot/bl2/io_mmc.o
 .text.mmc_block_close
                0x000000002ffd94a4        0x4 /home/charles/linux/code/tfa/mp157_alientek/tf-a-stm32mp-2.2.r1-r0/tf-a-stm32mp-2.2.r1/../build/serialboot/bl2/io_mmc.o
 .text.mmc_block_read
                0x000000002ffd94a8       0x7c /home/charles/linux/code/tfa/mp157_alientek/tf-a-stm32mp-2.2.r1-r0/tf-a-stm32mp-2.2.r1/../build/serialboot/bl2/io_mmc.o
 .text.mmc_dev_open
                0x000000002ffd9524       0x1c /home/charles/linux/code/tfa/mp157_alientek/tf-a-stm32mp-2.2.r1-r0/tf-a-stm32mp-2.2.r1/../build/serialboot/bl2/io_mmc.o
 .text.mmc_dev_close
                0x000000002ffd9540        0x4 /home/charles/linux/code/tfa/mp157_alientek/tf-a-stm32mp-2.2.r1-r0/tf-a-stm32mp-2.2.r1/../build/serialboot/bl2/io_mmc.o
 .text.register_io_dev_mmc
                0x000000002ffd9544       0x28 /home/charles/linux/code/tfa/mp157_alientek/tf-a-stm32mp-2.2.r1-r0/tf-a-stm32mp-2.2.r1/../build/serialboot/bl2/io_mmc.o
                0x000000002ffd9544                register_io_dev_mmc
 .text.stm32_sdmmc2_write
                0x000000002ffd956c        0x4 /home/charles/linux/code/tfa/mp157_alientek/tf-a-stm32mp-2.2.r1-r0/tf-a-stm32mp-2.2.r1/../build/serialboot/bl2/stm32_sdmmc2.o
 .text.dump_registers
                0x000000002ffd9570       0xc4 /home/charles/linux/code/tfa/mp157_alientek/tf-a-stm32mp-2.2.r1-r0/tf-a-stm32mp-2.2.r1/../build/serialboot/bl2/stm32_sdmmc2.o
 .text.stm32_sdmmc2_set_ios
                0x000000002ffd9634       0x7c /home/charles/linux/code/tfa/mp157_alientek/tf-a-stm32mp-2.2.r1-r0/tf-a-stm32mp-2.2.r1/../build/serialboot/bl2/stm32_sdmmc2.o
 .text.stm32_sdmmc2_init
                0x000000002ffd96b0       0x94 /home/charles/linux/code/tfa/mp157_alientek/tf-a-stm32mp-2.2.r1-r0/tf-a-stm32mp-2.2.r1/../build/serialboot/bl2/stm32_sdmmc2.o
 .text.stm32_sdmmc2_send_cmd
                0x000000002ffd9744      0x2b4 /home/charles/linux/code/tfa/mp157_alientek/tf-a-stm32mp-2.2.r1-r0/tf-a-stm32mp-2.2.r1/../build/serialboot/bl2/stm32_sdmmc2.o
 .text.stm32_sdmmc2_stop_transfer
                0x000000002ffd99f8       0x20 /home/charles/linux/code/tfa/mp157_alientek/tf-a-stm32mp-2.2.r1-r0/tf-a-stm32mp-2.2.r1/../build/serialboot/bl2/stm32_sdmmc2.o
 .text.stm32_sdmmc2_read
                0x000000002ffd9a18      0x12c /home/charles/linux/code/tfa/mp157_alientek/tf-a-stm32mp-2.2.r1-r0/tf-a-stm32mp-2.2.r1/../build/serialboot/bl2/stm32_sdmmc2.o
 .text.plat_sdmmc2_use_dma
                0x000000002ffd9b44        0x4 /home/charles/linux/code/tfa/mp157_alientek/tf-a-stm32mp-2.2.r1-r0/tf-a-stm32mp-2.2.r1/../build/serialboot/bl2/stm32_sdmmc2.o
                0x000000002ffd9b44                plat_sdmmc2_use_dma
 .text.stm32_sdmmc2_prepare
                0x000000002ffd9b48       0xb4 /home/charles/linux/code/tfa/mp157_alientek/tf-a-stm32mp-2.2.r1-r0/tf-a-stm32mp-2.2.r1/../build/serialboot/bl2/stm32_sdmmc2.o
 .text.stm32_sdmmc2_mmc_get_device_size
                0x000000002ffd9bfc       0x10 /home/charles/linux/code/tfa/mp157_alientek/tf-a-stm32mp-2.2.r1-r0/tf-a-stm32mp-2.2.r1/../build/serialboot/bl2/stm32_sdmmc2.o
                0x000000002ffd9bfc                stm32_sdmmc2_mmc_get_device_size
 .text.stm32_sdmmc2_mmc_init
                0x000000002ffd9c0c      0x1c4 /home/charles/linux/code/tfa/mp157_alientek/tf-a-stm32mp-2.2.r1-r0/tf-a-stm32mp-2.2.r1/../build/serialboot/bl2/stm32_sdmmc2.o
                0x000000002ffd9c0c                stm32_sdmmc2_mmc_init
 .text.nand_send_addr
                0x000000002ffd9dd0       0x38 /home/charles/linux/code/tfa/mp157_alientek/tf-a-stm32mp-2.2.r1-r0/tf-a-stm32mp-2.2.r1/../build/serialboot/bl2/raw_nand.o
 .text.nand_send_cmd
                0x000000002ffd9e08       0x2c /home/charles/linux/code/tfa/mp157_alientek/tf-a-stm32mp-2.2.r1-r0/tf-a-stm32mp-2.2.r1/../build/serialboot/bl2/raw_nand.o
 .text.nand_read_data
                0x000000002ffd9e34       0x40 /home/charles/linux/code/tfa/mp157_alientek/tf-a-stm32mp-2.2.r1-r0/tf-a-stm32mp-2.2.r1/../build/serialboot/bl2/raw_nand.o
 .text.nand_send_wait
                0x000000002ffd9e74       0x34 /home/charles/linux/code/tfa/mp157_alientek/tf-a-stm32mp-2.2.r1-r0/tf-a-stm32mp-2.2.r1/../build/serialboot/bl2/raw_nand.o
 .text.nand_read_param_page
                0x000000002ffd9ea8       0xf8 /home/charles/linux/code/tfa/mp157_alientek/tf-a-stm32mp-2.2.r1-r0/tf-a-stm32mp-2.2.r1/../build/serialboot/bl2/raw_nand.o
 .text.nand_change_read_column_cmd
                0x000000002ffd9fa0       0x58 /home/charles/linux/code/tfa/mp157_alientek/tf-a-stm32mp-2.2.r1-r0/tf-a-stm32mp-2.2.r1/../build/serialboot/bl2/raw_nand.o
                0x000000002ffd9fa0                nand_change_read_column_cmd
 .text.nand_read_page_cmd
                0x000000002ffd9ff8       0x98 /home/charles/linux/code/tfa/mp157_alientek/tf-a-stm32mp-2.2.r1-r0/tf-a-stm32mp-2.2.r1/../build/serialboot/bl2/raw_nand.o
                0x000000002ffd9ff8                nand_read_page_cmd
 .text.nand_mtd_read_page_raw
                0x000000002ffda090       0x14 /home/charles/linux/code/tfa/mp157_alientek/tf-a-stm32mp-2.2.r1-r0/tf-a-stm32mp-2.2.r1/../build/serialboot/bl2/raw_nand.o
 .text.nand_mtd_block_is_bad
                0x000000002ffda0a4       0x60 /home/charles/linux/code/tfa/mp157_alientek/tf-a-stm32mp-2.2.r1-r0/tf-a-stm32mp-2.2.r1/../build/serialboot/bl2/raw_nand.o
 .text.nand_wait_ready
                0x000000002ffda104       0x7c /home/charles/linux/code/tfa/mp157_alientek/tf-a-stm32mp-2.2.r1-r0/tf-a-stm32mp-2.2.r1/../build/serialboot/bl2/raw_nand.o
                0x000000002ffda104                nand_wait_ready
 .text.nand_raw_ctrl_init
                0x000000002ffda180        0xc /home/charles/linux/code/tfa/mp157_alientek/tf-a-stm32mp-2.2.r1-r0/tf-a-stm32mp-2.2.r1/../build/serialboot/bl2/raw_nand.o
                0x000000002ffda180                nand_raw_ctrl_init
 .text.nand_raw_init
                0x000000002ffda18c       0xf0 /home/charles/linux/code/tfa/mp157_alientek/tf-a-stm32mp-2.2.r1-r0/tf-a-stm32mp-2.2.r1/../build/serialboot/bl2/raw_nand.o
                0x000000002ffda18c                nand_raw_init
 .text.fdt32_to_cpu
                0x000000002ffda27c        0x4 /home/charles/linux/code/tfa/mp157_alientek/tf-a-stm32mp-2.2.r1-r0/tf-a-stm32mp-2.2.r1/../build/serialboot/bl2/stm32_fmc2_nand.o
 .text.stm32_fmc2_set_buswidth_16
                0x000000002ffda280       0x20 /home/charles/linux/code/tfa/mp157_alientek/tf-a-stm32mp-2.2.r1-r0/tf-a-stm32mp-2.2.r1/../build/serialboot/bl2/stm32_fmc2_nand.o
 .text.stm32_fmc2_set_ecc
                0x000000002ffda2a0       0x20 /home/charles/linux/code/tfa/mp157_alientek/tf-a-stm32mp-2.2.r1-r0/tf-a-stm32mp-2.2.r1/../build/serialboot/bl2/stm32_fmc2_nand.o
 .text.stm32_fmc2_setup
                0x000000002ffda2c0       0x6c /home/charles/linux/code/tfa/mp157_alientek/tf-a-stm32mp-2.2.r1-r0/tf-a-stm32mp-2.2.r1/../build/serialboot/bl2/stm32_fmc2_nand.o
 .text.stm32_fmc2_exec
                0x000000002ffda32c      0x170 /home/charles/linux/code/tfa/mp157_alientek/tf-a-stm32mp-2.2.r1-r0/tf-a-stm32mp-2.2.r1/../build/serialboot/bl2/stm32_fmc2_nand.o
 .text.stm32_fmc2_read_page
                0x000000002ffda49c      0x2f4 /home/charles/linux/code/tfa/mp157_alientek/tf-a-stm32mp-2.2.r1-r0/tf-a-stm32mp-2.2.r1/../build/serialboot/bl2/stm32_fmc2_nand.o
 .text.stm32_fmc2_init
                0x000000002ffda790      0x3d8 /home/charles/linux/code/tfa/mp157_alientek/tf-a-stm32mp-2.2.r1-r0/tf-a-stm32mp-2.2.r1/../build/serialboot/bl2/stm32_fmc2_nand.o
                0x000000002ffda790                stm32_fmc2_init
 .text.spi_nand_reg
                0x000000002ffdab68       0x4a /home/charles/linux/code/tfa/mp157_alientek/tf-a-stm32mp-2.2.r1-r0/tf-a-stm32mp-2.2.r1/../build/serialboot/bl2/spi_nand.o
 *fill*         0x000000002ffdabb2        0x2 
 .text.spi_nand_load_page
                0x000000002ffdabb4       0x54 /home/charles/linux/code/tfa/mp157_alientek/tf-a-stm32mp-2.2.r1-r0/tf-a-stm32mp-2.2.r1/../build/serialboot/bl2/spi_nand.o
 .text.spi_nand_read_from_cache
                0x000000002ffdac08       0x50 /home/charles/linux/code/tfa/mp157_alientek/tf-a-stm32mp-2.2.r1-r0/tf-a-stm32mp-2.2.r1/../build/serialboot/bl2/spi_nand.o
 .text.spi_nand_update_cfg
                0x000000002ffdac58       0x38 /home/charles/linux/code/tfa/mp157_alientek/tf-a-stm32mp-2.2.r1-r0/tf-a-stm32mp-2.2.r1/../build/serialboot/bl2/spi_nand.o
 .text.spi_nand_wait_ready
                0x000000002ffdac90       0x58 /home/charles/linux/code/tfa/mp157_alientek/tf-a-stm32mp-2.2.r1-r0/tf-a-stm32mp-2.2.r1/../build/serialboot/bl2/spi_nand.o
 .text.spi_nand_mtd_read_page
                0x000000002ffdace8       0x4c /home/charles/linux/code/tfa/mp157_alientek/tf-a-stm32mp-2.2.r1-r0/tf-a-stm32mp-2.2.r1/../build/serialboot/bl2/spi_nand.o
 .text.spi_nand_mtd_block_is_bad
                0x000000002ffdad34       0x60 /home/charles/linux/code/tfa/mp157_alientek/tf-a-stm32mp-2.2.r1-r0/tf-a-stm32mp-2.2.r1/../build/serialboot/bl2/spi_nand.o
 .text.spi_nand_init
                0x000000002ffdad94       0xf8 /home/charles/linux/code/tfa/mp157_alientek/tf-a-stm32mp-2.2.r1-r0/tf-a-stm32mp-2.2.r1/../build/serialboot/bl2/spi_nand.o
                0x000000002ffdad94                spi_nand_init
 .text.spi_nor_reg
                0x000000002ffdae8c       0x32 /home/charles/linux/code/tfa/mp157_alientek/tf-a-stm32mp-2.2.r1-r0/tf-a-stm32mp-2.2.r1/../build/serialboot/bl2/spi_nor.o
 .text.spi_nor_write_en
                0x000000002ffdaebe        0xc /home/charles/linux/code/tfa/mp157_alientek/tf-a-stm32mp-2.2.r1-r0/tf-a-stm32mp-2.2.r1/../build/serialboot/bl2/spi_nor.o
 .text.spi_nor_read_sr
                0x000000002ffdaeca        0xc /home/charles/linux/code/tfa/mp157_alientek/tf-a-stm32mp-2.2.r1-r0/tf-a-stm32mp-2.2.r1/../build/serialboot/bl2/spi_nor.o
 *fill*         0x000000002ffdaed6        0x2 
 .text.spi_nor_clean_bar
                0x000000002ffdaed8       0x30 /home/charles/linux/code/tfa/mp157_alientek/tf-a-stm32mp-2.2.r1-r0/tf-a-stm32mp-2.2.r1/../build/serialboot/bl2/spi_nor.o
 .text.spi_nor_wait_ready
                0x000000002ffdaf08       0x74 /home/charles/linux/code/tfa/mp157_alientek/tf-a-stm32mp-2.2.r1-r0/tf-a-stm32mp-2.2.r1/../build/serialboot/bl2/spi_nor.o
 .text.spi_nor_read
                0x000000002ffdaf7c       0xb4 /home/charles/linux/code/tfa/mp157_alientek/tf-a-stm32mp-2.2.r1-r0/tf-a-stm32mp-2.2.r1/../build/serialboot/bl2/spi_nor.o
                0x000000002ffdaf7c                spi_nor_read
 .text.spi_nor_init
                0x000000002ffdb030      0x18c /home/charles/linux/code/tfa/mp157_alientek/tf-a-stm32mp-2.2.r1-r0/tf-a-stm32mp-2.2.r1/../build/serialboot/bl2/spi_nor.o
                0x000000002ffdb030                spi_nor_init
 .text.fdt32_to_cpu
                0x000000002ffdb1bc        0x4 /home/charles/linux/code/tfa/mp157_alientek/tf-a-stm32mp-2.2.r1-r0/tf-a-stm32mp-2.2.r1/../build/serialboot/bl2/spi_mem.o
 .text.spi_mem_check_buswidth_req
                0x000000002ffdb1c0       0x40 /home/charles/linux/code/tfa/mp157_alientek/tf-a-stm32mp-2.2.r1-r0/tf-a-stm32mp-2.2.r1/../build/serialboot/bl2/spi_mem.o
 .text.spi_mem_exec_op
                0x000000002ffdb200       0x7c /home/charles/linux/code/tfa/mp157_alientek/tf-a-stm32mp-2.2.r1-r0/tf-a-stm32mp-2.2.r1/../build/serialboot/bl2/spi_mem.o
                0x000000002ffdb200                spi_mem_exec_op
 .text.spi_mem_init_slave
                0x000000002ffdb27c      0x1d8 /home/charles/linux/code/tfa/mp157_alientek/tf-a-stm32mp-2.2.r1-r0/tf-a-stm32mp-2.2.r1/../build/serialboot/bl2/spi_mem.o
                0x000000002ffdb27c                spi_mem_init_slave
 .text.stm32_qspi_read_fifo
                0x000000002ffdb454        0x6 /home/charles/linux/code/tfa/mp157_alientek/tf-a-stm32mp-2.2.r1-r0/tf-a-stm32mp-2.2.r1/../build/serialboot/bl2/stm32_qspi.o
 .text.stm32_qspi_write_fifo
                0x000000002ffdb45a        0x6 /home/charles/linux/code/tfa/mp157_alientek/tf-a-stm32mp-2.2.r1-r0/tf-a-stm32mp-2.2.r1/../build/serialboot/bl2/stm32_qspi.o
 .text.stm32_qspi_claim_bus
                0x000000002ffdb460       0x28 /home/charles/linux/code/tfa/mp157_alientek/tf-a-stm32mp-2.2.r1-r0/tf-a-stm32mp-2.2.r1/../build/serialboot/bl2/stm32_qspi.o
 .text.stm32_qspi_release_bus
                0x000000002ffdb488       0x14 /home/charles/linux/code/tfa/mp157_alientek/tf-a-stm32mp-2.2.r1-r0/tf-a-stm32mp-2.2.r1/../build/serialboot/bl2/stm32_qspi.o
 .text.stm32_qspi_wait_for_not_busy
                0x000000002ffdb49c       0x58 /home/charles/linux/code/tfa/mp157_alientek/tf-a-stm32mp-2.2.r1-r0/tf-a-stm32mp-2.2.r1/../build/serialboot/bl2/stm32_qspi.o
 .text.stm32_qspi_set_mode
                0x000000002ffdb4f4       0x3c /home/charles/linux/code/tfa/mp157_alientek/tf-a-stm32mp-2.2.r1-r0/tf-a-stm32mp-2.2.r1/../build/serialboot/bl2/stm32_qspi.o
 .text.stm32_qspi_set_speed
                0x000000002ffdb530       0x74 /home/charles/linux/code/tfa/mp157_alientek/tf-a-stm32mp-2.2.r1-r0/tf-a-stm32mp-2.2.r1/../build/serialboot/bl2/stm32_qspi.o
 .text.stm32_qspi_exec_op
                0x000000002ffdb5a4      0x240 /home/charles/linux/code/tfa/mp157_alientek/tf-a-stm32mp-2.2.r1-r0/tf-a-stm32mp-2.2.r1/../build/serialboot/bl2/stm32_qspi.o
 .text.stm32_qspi_init
                0x000000002ffdb7e4       0xcc /home/charles/linux/code/tfa/mp157_alientek/tf-a-stm32mp-2.2.r1-r0/tf-a-stm32mp-2.2.r1/../build/serialboot/bl2/stm32_qspi.o
                0x000000002ffdb7e4                stm32_qspi_init
 .text.nand_read
                0x000000002ffdb8b0      0x118 /home/charles/linux/code/tfa/mp157_alientek/tf-a-stm32mp-2.2.r1-r0/tf-a-stm32mp-2.2.r1/../build/serialboot/bl2/core.o
                0x000000002ffdb8b0                nand_read
 .text.get_nand_device
                0x000000002ffdb9c8        0x8 /home/charles/linux/code/tfa/mp157_alientek/tf-a-stm32mp-2.2.r1-r0/tf-a-stm32mp-2.2.r1/../build/serialboot/bl2/core.o
                0x000000002ffdb9c8                get_nand_device
 .text.get_data_from_otp
                0x000000002ffdb9d0       0xe0 /home/charles/linux/code/tfa/mp157_alientek/tf-a-stm32mp-2.2.r1-r0/tf-a-stm32mp-2.2.r1/../build/serialboot/bl2/stm32mp1_boot_device.o
 .text.plat_get_raw_nand_data
                0x000000002ffdbab0       0x10 /home/charles/linux/code/tfa/mp157_alientek/tf-a-stm32mp-2.2.r1-r0/tf-a-stm32mp-2.2.r1/../build/serialboot/bl2/stm32mp1_boot_device.o
                0x000000002ffdbab0                plat_get_raw_nand_data
 .text.plat_get_spi_nand_data
                0x000000002ffdbac0       0x32 /home/charles/linux/code/tfa/mp157_alientek/tf-a-stm32mp-2.2.r1-r0/tf-a-stm32mp-2.2.r1/../build/serialboot/bl2/stm32mp1_boot_device.o
                0x000000002ffdbac0                plat_get_spi_nand_data
 .text.plat_get_nor_data
                0x000000002ffdbaf2       0x2c /home/charles/linux/code/tfa/mp157_alientek/tf-a-stm32mp-2.2.r1-r0/tf-a-stm32mp-2.2.r1/../build/serialboot/bl2/stm32mp1_boot_device.o
                0x000000002ffdbaf2                plat_get_nor_data
 *fill*         0x000000002ffdbb1e        0x2 
 .text.set_reg  0x000000002ffdbb20       0x54 /home/charles/linux/code/tfa/mp157_alientek/tf-a-stm32mp-2.2.r1-r0/tf-a-stm32mp-2.2.r1/../build/serialboot/bl2/stm32mp1_ddr.o
 .text.board_ddr_power_init
                0x000000002ffdbb74       0x1a /home/charles/linux/code/tfa/mp157_alientek/tf-a-stm32mp-2.2.r1-r0/tf-a-stm32mp-2.2.r1/../build/serialboot/bl2/stm32mp1_ddr.o
 .text.stm32mp1_mode_register_write.isra.0
                0x000000002ffdbb8e       0x22 /home/charles/linux/code/tfa/mp157_alientek/tf-a-stm32mp-2.2.r1-r0/tf-a-stm32mp-2.2.r1/../build/serialboot/bl2/stm32mp1_ddr.o
 .text.stm32mp1_wait_sw_done_ack
                0x000000002ffdbbb0       0x54 /home/charles/linux/code/tfa/mp157_alientek/tf-a-stm32mp-2.2.r1-r0/tf-a-stm32mp-2.2.r1/../build/serialboot/bl2/stm32mp1_ddr.o
 .text.stm32mp1_wait_operating_mode.isra.0
                0x000000002ffdbc04       0x6c /home/charles/linux/code/tfa/mp157_alientek/tf-a-stm32mp-2.2.r1-r0/tf-a-stm32mp-2.2.r1/../build/serialboot/bl2/stm32mp1_ddr.o
 .text.stm32mp1_ddrphy_idone_wait
                0x000000002ffdbc70       0x64 /home/charles/linux/code/tfa/mp157_alientek/tf-a-stm32mp-2.2.r1-r0/tf-a-stm32mp-2.2.r1/../build/serialboot/bl2/stm32mp1_ddr.o
 .text.stm32mp1_ddr_init
                0x000000002ffdbcd4      0x4e0 /home/charles/linux/code/tfa/mp157_alientek/tf-a-stm32mp-2.2.r1-r0/tf-a-stm32mp-2.2.r1/../build/serialboot/bl2/stm32mp1_ddr.o
                0x000000002ffdbcd4                stm32mp1_ddr_init
 .text.stm32mp1_ddr_setup
                0x000000002ffdc1b4      0x36c /home/charles/linux/code/tfa/mp157_alientek/tf-a-stm32mp-2.2.r1-r0/tf-a-stm32mp-2.2.r1/../build/serialboot/bl2/stm32mp1_ram.o
 .text.stm32mp1_ddr_clk_enable
                0x000000002ffdc520       0x44 /home/charles/linux/code/tfa/mp157_alientek/tf-a-stm32mp-2.2.r1-r0/tf-a-stm32mp-2.2.r1/../build/serialboot/bl2/stm32mp1_ram.o
                0x000000002ffdc520                stm32mp1_ddr_clk_enable
 .text.stm32mp1_ddr_probe
                0x000000002ffdc564       0x3c /home/charles/linux/code/tfa/mp157_alientek/tf-a-stm32mp-2.2.r1-r0/tf-a-stm32mp-2.2.r1/../build/serialboot/bl2/stm32mp1_ram.o
                0x000000002ffdc564                stm32mp1_ddr_probe
 .text.flush_bl_params_desc_args
                0x000000002ffdc5a0       0x34 /home/charles/linux/code/tfa/mp157_alientek/tf-a-stm32mp-2.2.r1-r0/tf-a-stm32mp-2.2.r1/../build/serialboot/bl2/desc_image_load.o
                0x000000002ffdc5a0                flush_bl_params_desc_args
 .text.flush_bl_params_desc
                0x000000002ffdc5d4       0x1c /home/charles/linux/code/tfa/mp157_alientek/tf-a-stm32mp-2.2.r1-r0/tf-a-stm32mp-2.2.r1/../build/serialboot/bl2/desc_image_load.o
                0x000000002ffdc5d4                flush_bl_params_desc
 .text.get_bl_params_node_index
                0x000000002ffdc5f0       0x40 /home/charles/linux/code/tfa/mp157_alientek/tf-a-stm32mp-2.2.r1-r0/tf-a-stm32mp-2.2.r1/../build/serialboot/bl2/desc_image_load.o
                0x000000002ffdc5f0                get_bl_params_node_index
 .text.get_bl_mem_params_node
                0x000000002ffdc630       0x30 /home/charles/linux/code/tfa/mp157_alientek/tf-a-stm32mp-2.2.r1-r0/tf-a-stm32mp-2.2.r1/../build/serialboot/bl2/desc_image_load.o
                0x000000002ffdc630                get_bl_mem_params_node
 .text.get_bl_load_info_from_mem_params_desc
                0x000000002ffdc660       0x54 /home/charles/linux/code/tfa/mp157_alientek/tf-a-stm32mp-2.2.r1-r0/tf-a-stm32mp-2.2.r1/../build/serialboot/bl2/desc_image_load.o
                0x000000002ffdc660                get_bl_load_info_from_mem_params_desc
 .text.get_next_bl_params_from_mem_params_desc
                0x000000002ffdc6b4       0xc0 /home/charles/linux/code/tfa/mp157_alientek/tf-a-stm32mp-2.2.r1-r0/tf-a-stm32mp-2.2.r1/../build/serialboot/bl2/desc_image_load.o
                0x000000002ffdc6b4                get_next_bl_params_from_mem_params_desc
 .text.plat_flush_next_bl_params
                0x000000002ffdc774        0x4 /home/charles/linux/code/tfa/mp157_alientek/tf-a-stm32mp-2.2.r1-r0/tf-a-stm32mp-2.2.r1/../build/serialboot/bl2/plat_image_load.o
                0x000000002ffdc774                plat_flush_next_bl_params
 .text.plat_get_bl_image_load_info
                0x000000002ffdc778       0x80 /home/charles/linux/code/tfa/mp157_alientek/tf-a-stm32mp-2.2.r1-r0/tf-a-stm32mp-2.2.r1/../build/serialboot/bl2/plat_image_load.o
                0x000000002ffdc778                plat_get_bl_image_load_info
 .text.plat_get_next_bl_params
                0x000000002ffdc7f8        0x4 /home/charles/linux/code/tfa/mp157_alientek/tf-a-stm32mp-2.2.r1-r0/tf-a-stm32mp-2.2.r1/../build/serialboot/bl2/plat_image_load.o
                0x000000002ffdc7f8                plat_get_next_bl_params
 .text.bl2_load_images
                0x000000002ffdc7fc      0x110 /home/charles/linux/code/tfa/mp157_alientek/tf-a-stm32mp-2.2.r1-r0/tf-a-stm32mp-2.2.r1/../build/serialboot/bl2/bl2_image_load_v2.o
                0x000000002ffdc7fc                bl2_load_images
 .text.bl2_el3_setup
                0x000000002ffdc90c        0xe /home/charles/linux/code/tfa/mp157_alientek/tf-a-stm32mp-2.2.r1-r0/tf-a-stm32mp-2.2.r1/../build/serialboot/bl2/bl2_main.o
                0x000000002ffdc90c                bl2_el3_setup
 *fill*         0x000000002ffdc91a        0x2 
 .text.bl2_main
                0x000000002ffdc91c       0x50 /home/charles/linux/code/tfa/mp157_alientek/tf-a-stm32mp-2.2.r1-r0/tf-a-stm32mp-2.2.r1/../build/serialboot/bl2/bl2_main.o
                0x000000002ffdc91c                bl2_main
 .text.bl2_arch_setup
                0x000000002ffdc96c        0x2 /home/charles/linux/code/tfa/mp157_alientek/tf-a-stm32mp-2.2.r1-r0/tf-a-stm32mp-2.2.r1/../build/serialboot/bl2/bl2_arch_setup.o
                0x000000002ffdc96c                bl2_arch_setup
 *fill*         0x000000002ffdc96e        0x2 
 .text.load_auth_image_internal
                0x000000002ffdc970      0x138 /home/charles/linux/code/tfa/mp157_alientek/tf-a-stm32mp-2.2.r1-r0/tf-a-stm32mp-2.2.r1/../build/serialboot/bl2/bl_common.o
 .text.load_auth_image
                0x000000002ffdcaa8       0x22 /home/charles/linux/code/tfa/mp157_alientek/tf-a-stm32mp-2.2.r1-r0/tf-a-stm32mp-2.2.r1/../build/serialboot/bl2/bl_common.o
                0x000000002ffdcaa8                load_auth_image
 *fill*         0x000000002ffdcaca        0x2 
 .text.print_entry_point_info
                0x000000002ffdcacc       0x20 /home/charles/linux/code/tfa/mp157_alientek/tf-a-stm32mp-2.2.r1-r0/tf-a-stm32mp-2.2.r1/../build/serialboot/bl2/bl_common.o
                0x000000002ffdcacc                print_entry_point_info
 .text.tf_log   0x000000002ffdcaec       0x5c /home/charles/linux/code/tfa/mp157_alientek/tf-a-stm32mp-2.2.r1-r0/tf-a-stm32mp-2.2.r1/../build/serialboot/bl2/tf_log.o
                0x000000002ffdcaec                tf_log
 .text.console_is_registered
                0x000000002ffdcb48       0x2c /home/charles/linux/code/tfa/mp157_alientek/tf-a-stm32mp-2.2.r1-r0/tf-a-stm32mp-2.2.r1/../build/serialboot/bl2/multi_console.o
                0x000000002ffdcb48                console_is_registered
 .text.console_register
                0x000000002ffdcb74       0x40 /home/charles/linux/code/tfa/mp157_alientek/tf-a-stm32mp-2.2.r1-r0/tf-a-stm32mp-2.2.r1/../build/serialboot/bl2/multi_console.o
                0x000000002ffdcb74                console_register
 .text.console_set_scope
                0x000000002ffdcbb4       0x1c /home/charles/linux/code/tfa/mp157_alientek/tf-a-stm32mp-2.2.r1-r0/tf-a-stm32mp-2.2.r1/../build/serialboot/bl2/multi_console.o
                0x000000002ffdcbb4                console_set_scope
 .text.console_putc
                0x000000002ffdcbd0       0x58 /home/charles/linux/code/tfa/mp157_alientek/tf-a-stm32mp-2.2.r1-r0/tf-a-stm32mp-2.2.r1/../build/serialboot/bl2/multi_console.o
                0x000000002ffdcbd0                console_putc
 .text.console_flush
                0x000000002ffdcc28       0x40 /home/charles/linux/code/tfa/mp157_alientek/tf-a-stm32mp-2.2.r1-r0/tf-a-stm32mp-2.2.r1/../build/serialboot/bl2/multi_console.o
                0x000000002ffdcc28                console_flush
 .text.bl2_el3_plat_prepare_exit
                0x000000002ffdcc68        0x2 /home/charles/linux/code/tfa/mp157_alientek/tf-a-stm32mp-2.2.r1-r0/tf-a-stm32mp-2.2.r1/../build/serialboot/bl2/plat_bl_common.o
                0x000000002ffdcc68                bl2_el3_plat_prepare_exit
 .text.plat_error_handler
                0x000000002ffdcc6a        0x4 /home/charles/linux/code/tfa/mp157_alientek/tf-a-stm32mp-2.2.r1-r0/tf-a-stm32mp-2.2.r1/../build/serialboot/bl2/plat_bl_common.o
                0x000000002ffdcc6a                plat_error_handler
 .text.bl2_plat_preload_setup
                0x000000002ffdcc6e        0x2 /home/charles/linux/code/tfa/mp157_alientek/tf-a-stm32mp-2.2.r1-r0/tf-a-stm32mp-2.2.r1/../build/serialboot/bl2/plat_bl_common.o
                0x000000002ffdcc6e                bl2_plat_preload_setup
 .text.bl2_plat_handle_pre_image_load
                0x000000002ffdcc70        0x4 /home/charles/linux/code/tfa/mp157_alientek/tf-a-stm32mp-2.2.r1-r0/tf-a-stm32mp-2.2.r1/../build/serialboot/bl2/plat_bl_common.o
                0x000000002ffdcc70                bl2_plat_handle_pre_image_load
 .text.plat_log_get_prefix
                0x000000002ffdcc74       0x24 /home/charles/linux/code/tfa/mp157_alientek/tf-a-stm32mp-2.2.r1-r0/tf-a-stm32mp-2.2.r1/../build/serialboot/bl2/plat_log_common.o
                0x000000002ffdcc74                plat_log_get_prefix
 .text.__popcountsi2
                0x000000002ffdcc98       0x2a /home/charles/linux/code/tfa/mp157_alientek/tf-a-stm32mp-2.2.r1-r0/tf-a-stm32mp-2.2.r1/../build/serialboot/bl2/popcountsi2.o
                0x000000002ffdcc98                __popcountsi2
 .text.__ctzdi2
                0x000000002ffdccc2       0x20 /home/charles/linux/code/tfa/mp157_alientek/tf-a-stm32mp-2.2.r1-r0/tf-a-stm32mp-2.2.r1/../build/serialboot/bl2/ctzdi2.o
                0x000000002ffdccc2                __ctzdi2
 .text.__udivmoddi4
                0x000000002ffdcce2      0x19e /home/charles/linux/code/tfa/mp157_alientek/tf-a-stm32mp-2.2.r1-r0/tf-a-stm32mp-2.2.r1/../build/serialboot/bl2/udivmoddi4.o
                0x000000002ffdcce2                __udivmoddi4
 .text.plat_get_syscnt_freq2
                0x000000002ffdce80        0x6 /home/charles/linux/code/tfa/mp157_alientek/tf-a-stm32mp-2.2.r1-r0/tf-a-stm32mp-2.2.r1/../build/serialboot/bl2/stm32mp_common.o
                0x000000002ffdce80                plat_get_syscnt_freq2
 *fill*         0x000000002ffdce86        0x2 
 .text.stm32mp_save_boot_ctx_address
                0x000000002ffdce88        0xc /home/charles/linux/code/tfa/mp157_alientek/tf-a-stm32mp-2.2.r1-r0/tf-a-stm32mp-2.2.r1/../build/serialboot/bl2/stm32mp_common.o
                0x000000002ffdce88                stm32mp_save_boot_ctx_address
 .text.stm32mp_get_boot_ctx_address
                0x000000002ffdce94        0xc /home/charles/linux/code/tfa/mp157_alientek/tf-a-stm32mp-2.2.r1-r0/tf-a-stm32mp-2.2.r1/../build/serialboot/bl2/stm32mp_common.o
                0x000000002ffdce94                stm32mp_get_boot_ctx_address
 .text.stm32mp_ddrctrl_base
                0x000000002ffdcea0        0x8 /home/charles/linux/code/tfa/mp157_alientek/tf-a-stm32mp-2.2.r1-r0/tf-a-stm32mp-2.2.r1/../build/serialboot/bl2/stm32mp_common.o
                0x000000002ffdcea0                stm32mp_ddrctrl_base
 .text.stm32mp_ddrphyc_base
                0x000000002ffdcea8        0x8 /home/charles/linux/code/tfa/mp157_alientek/tf-a-stm32mp-2.2.r1-r0/tf-a-stm32mp-2.2.r1/../build/serialboot/bl2/stm32mp_common.o
                0x000000002ffdcea8                stm32mp_ddrphyc_base
 .text.stm32mp_pwr_base
                0x000000002ffdceb0        0x8 /home/charles/linux/code/tfa/mp157_alientek/tf-a-stm32mp-2.2.r1-r0/tf-a-stm32mp-2.2.r1/../build/serialboot/bl2/stm32mp_common.o
                0x000000002ffdceb0                stm32mp_pwr_base
 .text.stm32mp_rcc_base
                0x000000002ffdceb8        0x6 /home/charles/linux/code/tfa/mp157_alientek/tf-a-stm32mp-2.2.r1-r0/tf-a-stm32mp-2.2.r1/../build/serialboot/bl2/stm32mp_common.o
                0x000000002ffdceb8                stm32mp_rcc_base
 .text.stm32mp_lock_available
                0x000000002ffdcebe       0x10 /home/charles/linux/code/tfa/mp157_alientek/tf-a-stm32mp-2.2.r1-r0/tf-a-stm32mp-2.2.r1/../build/serialboot/bl2/stm32mp_common.o
                0x000000002ffdcebe                stm32mp_lock_available
 *fill*         0x000000002ffdcece        0x2 
 .text.stm32_get_gpio_bank_base
                0x000000002ffdced0       0x28 /home/charles/linux/code/tfa/mp157_alientek/tf-a-stm32mp-2.2.r1-r0/tf-a-stm32mp-2.2.r1/../build/serialboot/bl2/stm32mp_common.o
                0x000000002ffdced0                stm32_get_gpio_bank_base
 .text.stm32_get_gpio_bank_offset
                0x000000002ffdcef8       0x20 /home/charles/linux/code/tfa/mp157_alientek/tf-a-stm32mp-2.2.r1-r0/tf-a-stm32mp-2.2.r1/../build/serialboot/bl2/stm32mp_common.o
                0x000000002ffdcef8                stm32_get_gpio_bank_offset
 .text.stm32mp_check_header
                0x000000002ffdcf18       0xc0 /home/charles/linux/code/tfa/mp157_alientek/tf-a-stm32mp-2.2.r1-r0/tf-a-stm32mp-2.2.r1/../build/serialboot/bl2/stm32mp_common.o
                0x000000002ffdcf18                stm32mp_check_header
 .text.stm32mp_get_cpu_supply_name
                0x000000002ffdcfd8       0x2e /home/charles/linux/code/tfa/mp157_alientek/tf-a-stm32mp-2.2.r1-r0/tf-a-stm32mp-2.2.r1/../build/serialboot/bl2/stm32mp_common.o
                0x000000002ffdcfd8                stm32mp_get_cpu_supply_name
 *fill*         0x000000002ffdd006        0x2 
 .text.stm32mp_save_loaded_header
                0x000000002ffdd008       0x1c /home/charles/linux/code/tfa/mp157_alientek/tf-a-stm32mp-2.2.r1-r0/tf-a-stm32mp-2.2.r1/../build/serialboot/bl2/stm32mp_common.o
                0x000000002ffdd008                stm32mp_save_loaded_header
 .text.stm32mp_delete_loaded_header
                0x000000002ffdd024       0x1c /home/charles/linux/code/tfa/mp157_alientek/tf-a-stm32mp-2.2.r1-r0/tf-a-stm32mp-2.2.r1/../build/serialboot/bl2/stm32mp_common.o
                0x000000002ffdd024                stm32mp_delete_loaded_header
 .text.stm32mp_get_loaded_header
                0x000000002ffdd040       0x1c /home/charles/linux/code/tfa/mp157_alientek/tf-a-stm32mp-2.2.r1-r0/tf-a-stm32mp-2.2.r1/../build/serialboot/bl2/stm32mp_common.o
                0x000000002ffdd040                stm32mp_get_loaded_header
 .text.configure_mmu
                0x000000002ffdd05c       0x1c /home/charles/linux/code/tfa/mp157_alientek/tf-a-stm32mp-2.2.r1-r0/tf-a-stm32mp-2.2.r1/../build/serialboot/bl2/stm32mp1_private.o
                0x000000002ffdd05c                configure_mmu
 .text.stm32_get_gpio_bank_clock
                0x000000002ffdd078       0x20 /home/charles/linux/code/tfa/mp157_alientek/tf-a-stm32mp-2.2.r1-r0/tf-a-stm32mp-2.2.r1/../build/serialboot/bl2/stm32mp1_private.o
                0x000000002ffdd078                stm32_get_gpio_bank_clock
 .text.stm32_get_otp_index
                0x000000002ffdd098       0x28 /home/charles/linux/code/tfa/mp157_alientek/tf-a-stm32mp-2.2.r1-r0/tf-a-stm32mp-2.2.r1/../build/serialboot/bl2/stm32mp1_private.o
                0x000000002ffdd098                stm32_get_otp_index
 .text.stm32_get_otp_value_from_idx
                0x000000002ffdd0c0       0x30 /home/charles/linux/code/tfa/mp157_alientek/tf-a-stm32mp-2.2.r1-r0/tf-a-stm32mp-2.2.r1/../build/serialboot/bl2/stm32mp1_private.o
                0x000000002ffdd0c0                stm32_get_otp_value_from_idx
 .text.stm32_get_otp_value
                0x000000002ffdd0f0       0x48 /home/charles/linux/code/tfa/mp157_alientek/tf-a-stm32mp-2.2.r1-r0/tf-a-stm32mp-2.2.r1/../build/serialboot/bl2/stm32mp1_private.o
                0x000000002ffdd0f0                stm32_get_otp_value
 .text.get_part_number
                0x000000002ffdd138       0x4c /home/charles/linux/code/tfa/mp157_alientek/tf-a-stm32mp-2.2.r1-r0/tf-a-stm32mp-2.2.r1/../build/serialboot/bl2/stm32mp1_private.o
 .text.stm32mp_supports_cpu_opp
                0x000000002ffdd184       0x40 /home/charles/linux/code/tfa/mp157_alientek/tf-a-stm32mp-2.2.r1-r0/tf-a-stm32mp-2.2.r1/../build/serialboot/bl2/stm32mp1_private.o
                0x000000002ffdd184                stm32mp_supports_cpu_opp
 .text.stm32mp_print_cpuinfo
                0x000000002ffdd1c4      0x15c /home/charles/linux/code/tfa/mp157_alientek/tf-a-stm32mp-2.2.r1-r0/tf-a-stm32mp-2.2.r1/../build/serialboot/bl2/stm32mp1_private.o
                0x000000002ffdd1c4                stm32mp_print_cpuinfo
 .text.stm32mp_print_boardinfo
                0x000000002ffdd320       0x4c /home/charles/linux/code/tfa/mp157_alientek/tf-a-stm32mp-2.2.r1-r0/tf-a-stm32mp-2.2.r1/../build/serialboot/bl2/stm32mp1_private.o
                0x000000002ffdd320                stm32mp_print_boardinfo
 .text.stm32mp_is_closed_device
                0x000000002ffdd36c       0x24 /home/charles/linux/code/tfa/mp157_alientek/tf-a-stm32mp-2.2.r1-r0/tf-a-stm32mp-2.2.r1/../build/serialboot/bl2/stm32mp1_private.o
                0x000000002ffdd36c                stm32mp_is_closed_device
 .text.stm32mp_is_auth_supported
                0x000000002ffdd390       0x40 /home/charles/linux/code/tfa/mp157_alientek/tf-a-stm32mp-2.2.r1-r0/tf-a-stm32mp-2.2.r1/../build/serialboot/bl2/stm32mp1_private.o
                0x000000002ffdd390                stm32mp_is_auth_supported
 .text.stm32_iwdg_get_instance
                0x000000002ffdd3d0       0x28 /home/charles/linux/code/tfa/mp157_alientek/tf-a-stm32mp-2.2.r1-r0/tf-a-stm32mp-2.2.r1/../build/serialboot/bl2/stm32mp1_private.o
                0x000000002ffdd3d0                stm32_iwdg_get_instance
 .text.stm32_iwdg_get_otp_config
                0x000000002ffdd3f8       0x50 /home/charles/linux/code/tfa/mp157_alientek/tf-a-stm32mp-2.2.r1-r0/tf-a-stm32mp-2.2.r1/../build/serialboot/bl2/stm32mp1_private.o
                0x000000002ffdd3f8                stm32_iwdg_get_otp_config
 .text.stm32_iwdg_shadow_update
                0x000000002ffdd448       0x74 /home/charles/linux/code/tfa/mp157_alientek/tf-a-stm32mp-2.2.r1-r0/tf-a-stm32mp-2.2.r1/../build/serialboot/bl2/stm32mp1_private.o
                0x000000002ffdd448                stm32_iwdg_shadow_update
 .text.plat_bind_regulator
                0x000000002ffdd4bc       0x50 /home/charles/linux/code/tfa/mp157_alientek/tf-a-stm32mp-2.2.r1-r0/tf-a-stm32mp-2.2.r1/../build/serialboot/bl2/stm32mp1_private.o
                0x000000002ffdd4bc                plat_bind_regulator
 .text.xlat_arch_get_max_supported_pa
                0x000000002ffdd50c        0x8 /home/charles/linux/code/tfa/mp157_alientek/tf-a-stm32mp-2.2.r1-r0/tf-a-stm32mp-2.2.r1/../build/serialboot/bl2/xlat_tables_arch.o
                0x000000002ffdd50c                xlat_arch_get_max_supported_pa
 .text.xlat_get_min_virt_addr_space_size
                0x000000002ffdd514        0x6 /home/charles/linux/code/tfa/mp157_alientek/tf-a-stm32mp-2.2.r1-r0/tf-a-stm32mp-2.2.r1/../build/serialboot/bl2/xlat_tables_arch.o
                0x000000002ffdd514                xlat_get_min_virt_addr_space_size
 .text.is_dcache_enabled
                0x000000002ffdd51a       0x1c /home/charles/linux/code/tfa/mp157_alientek/tf-a-stm32mp-2.2.r1-r0/tf-a-stm32mp-2.2.r1/../build/serialboot/bl2/xlat_tables_arch.o
                0x000000002ffdd51a                is_dcache_enabled
 *fill*         0x000000002ffdd536        0x2 
 .text.xlat_arch_regime_get_xn_desc
                0x000000002ffdd538       0x28 /home/charles/linux/code/tfa/mp157_alientek/tf-a-stm32mp-2.2.r1-r0/tf-a-stm32mp-2.2.r1/../build/serialboot/bl2/xlat_tables_arch.o
                0x000000002ffdd538                xlat_arch_regime_get_xn_desc
 .text.xlat_arch_tlbi_va
                0x000000002ffdd560       0x30 /home/charles/linux/code/tfa/mp157_alientek/tf-a-stm32mp-2.2.r1-r0/tf-a-stm32mp-2.2.r1/../build/serialboot/bl2/xlat_tables_arch.o
                0x000000002ffdd560                xlat_arch_tlbi_va
 .text.xlat_arch_tlbi_va_sync
                0x000000002ffdd590       0x10 /home/charles/linux/code/tfa/mp157_alientek/tf-a-stm32mp-2.2.r1-r0/tf-a-stm32mp-2.2.r1/../build/serialboot/bl2/xlat_tables_arch.o
                0x000000002ffdd590                xlat_arch_tlbi_va_sync
 .text.xlat_arch_current_el
                0x000000002ffdd5a0       0x3c /home/charles/linux/code/tfa/mp157_alientek/tf-a-stm32mp-2.2.r1-r0/tf-a-stm32mp-2.2.r1/../build/serialboot/bl2/xlat_tables_arch.o
                0x000000002ffdd5a0                xlat_arch_current_el
 .text.is_mmu_enabled_ctx
                0x000000002ffdd5dc       0x40 /home/charles/linux/code/tfa/mp157_alientek/tf-a-stm32mp-2.2.r1-r0/tf-a-stm32mp-2.2.r1/../build/serialboot/bl2/xlat_tables_arch.o
                0x000000002ffdd5dc                is_mmu_enabled_ctx
 .text.setup_mmu_cfg
                0x000000002ffdd61c       0xac /home/charles/linux/code/tfa/mp157_alientek/tf-a-stm32mp-2.2.r1-r0/tf-a-stm32mp-2.2.r1/../build/serialboot/bl2/xlat_tables_arch.o
                0x000000002ffdd61c                setup_mmu_cfg
 .text.mmap_add_region
                0x000000002ffdd6c8       0x28 /home/charles/linux/code/tfa/mp157_alientek/tf-a-stm32mp-2.2.r1-r0/tf-a-stm32mp-2.2.r1/../build/serialboot/bl2/xlat_tables_context.o
                0x000000002ffdd6c8                mmap_add_region
 .text.mmap_add
                0x000000002ffdd6f0        0xc /home/charles/linux/code/tfa/mp157_alientek/tf-a-stm32mp-2.2.r1-r0/tf-a-stm32mp-2.2.r1/../build/serialboot/bl2/xlat_tables_context.o
                0x000000002ffdd6f0                mmap_add
 .text.mmap_add_dynamic_region
                0x000000002ffdd6fc       0x28 /home/charles/linux/code/tfa/mp157_alientek/tf-a-stm32mp-2.2.r1-r0/tf-a-stm32mp-2.2.r1/../build/serialboot/bl2/xlat_tables_context.o
                0x000000002ffdd6fc                mmap_add_dynamic_region
 .text.mmap_remove_dynamic_region
                0x000000002ffdd724       0x10 /home/charles/linux/code/tfa/mp157_alientek/tf-a-stm32mp-2.2.r1-r0/tf-a-stm32mp-2.2.r1/../build/serialboot/bl2/xlat_tables_context.o
                0x000000002ffdd724                mmap_remove_dynamic_region
 .text.init_xlat_tables
                0x000000002ffdd734       0x3c /home/charles/linux/code/tfa/mp157_alientek/tf-a-stm32mp-2.2.r1-r0/tf-a-stm32mp-2.2.r1/../build/serialboot/bl2/xlat_tables_context.o
                0x000000002ffdd734                init_xlat_tables
 .text.enable_mmu_svc_mon
                0x000000002ffdd770       0x34 /home/charles/linux/code/tfa/mp157_alientek/tf-a-stm32mp-2.2.r1-r0/tf-a-stm32mp-2.2.r1/../build/serialboot/bl2/xlat_tables_context.o
                0x000000002ffdd770                enable_mmu_svc_mon
 .text.mmap_add_region_check
                0x000000002ffdd7a4      0x158 /home/charles/linux/code/tfa/mp157_alientek/tf-a-stm32mp-2.2.r1-r0/tf-a-stm32mp-2.2.r1/../build/serialboot/bl2/xlat_tables_core.o
 .text.xlat_clean_dcache_range
                0x000000002ffdd8fc       0x1a /home/charles/linux/code/tfa/mp157_alientek/tf-a-stm32mp-2.2.r1-r0/tf-a-stm32mp-2.2.r1/../build/serialboot/bl2/xlat_tables_core.o
 *fill*         0x000000002ffdd916        0x2 
 .text.xlat_table_get_index
                0x000000002ffdd918       0x28 /home/charles/linux/code/tfa/mp157_alientek/tf-a-stm32mp-2.2.r1-r0/tf-a-stm32mp-2.2.r1/../build/serialboot/bl2/xlat_tables_core.o
 .text.xlat_tables_unmap_region
                0x000000002ffdd940      0x158 /home/charles/linux/code/tfa/mp157_alientek/tf-a-stm32mp-2.2.r1-r0/tf-a-stm32mp-2.2.r1/../build/serialboot/bl2/xlat_tables_core.o
 .text.xlat_desc
                0x000000002ffdda98       0xb4 /home/charles/linux/code/tfa/mp157_alientek/tf-a-stm32mp-2.2.r1-r0/tf-a-stm32mp-2.2.r1/../build/serialboot/bl2/xlat_tables_core.o
                0x000000002ffdda98                xlat_desc
 .text.xlat_tables_map_region
                0x000000002ffddb4c      0x1b4 /home/charles/linux/code/tfa/mp157_alientek/tf-a-stm32mp-2.2.r1-r0/tf-a-stm32mp-2.2.r1/../build/serialboot/bl2/xlat_tables_core.o
 .text.mmap_add_region_ctx
                0x000000002ffddd00       0xf0 /home/charles/linux/code/tfa/mp157_alientek/tf-a-stm32mp-2.2.r1-r0/tf-a-stm32mp-2.2.r1/../build/serialboot/bl2/xlat_tables_core.o
                0x000000002ffddd00                mmap_add_region_ctx
 .text.mmap_add_ctx
                0x000000002ffdddf0       0x18 /home/charles/linux/code/tfa/mp157_alientek/tf-a-stm32mp-2.2.r1-r0/tf-a-stm32mp-2.2.r1/../build/serialboot/bl2/xlat_tables_core.o
                0x000000002ffdddf0                mmap_add_ctx
 .text.mmap_add_dynamic_region_ctx
                0x000000002ffdde08      0x168 /home/charles/linux/code/tfa/mp157_alientek/tf-a-stm32mp-2.2.r1-r0/tf-a-stm32mp-2.2.r1/../build/serialboot/bl2/xlat_tables_core.o
                0x000000002ffdde08                mmap_add_dynamic_region_ctx
 .text.mmap_remove_dynamic_region_ctx
                0x000000002ffddf70      0x10c /home/charles/linux/code/tfa/mp157_alientek/tf-a-stm32mp-2.2.r1-r0/tf-a-stm32mp-2.2.r1/../build/serialboot/bl2/xlat_tables_core.o
                0x000000002ffddf70                mmap_remove_dynamic_region_ctx
 .text.init_xlat_tables_ctx
                0x000000002ffde07c      0x154 /home/charles/linux/code/tfa/mp157_alientek/tf-a-stm32mp-2.2.r1-r0/tf-a-stm32mp-2.2.r1/../build/serialboot/bl2/xlat_tables_core.o
                0x000000002ffde07c                init_xlat_tables_ctx
 .text.xlat_mmap_print
                0x000000002ffde1d0        0x2 /home/charles/linux/code/tfa/mp157_alientek/tf-a-stm32mp-2.2.r1-r0/tf-a-stm32mp-2.2.r1/../build/serialboot/bl2/xlat_tables_utils.o
                0x000000002ffde1d0                xlat_mmap_print
 .text.xlat_tables_print
                0x000000002ffde1d2        0x2 /home/charles/linux/code/tfa/mp157_alientek/tf-a-stm32mp-2.2.r1-r0/tf-a-stm32mp-2.2.r1/../build/serialboot/bl2/xlat_tables_utils.o
                0x000000002ffde1d2                xlat_tables_print
 .text.tzc400_set_action
                0x000000002ffde1d4       0x24 /home/charles/linux/code/tfa/mp157_alientek/tf-a-stm32mp-2.2.r1-r0/tf-a-stm32mp-2.2.r1/../build/serialboot/bl2/tzc400.o
                0x000000002ffde1d4                tzc400_set_action
 .text.tzc400_init
                0x000000002ffde1f8       0x5c /home/charles/linux/code/tfa/mp157_alientek/tf-a-stm32mp-2.2.r1-r0/tf-a-stm32mp-2.2.r1/../build/serialboot/bl2/tzc400.o
                0x000000002ffde1f8                tzc400_init
 .text.tzc400_configure_region
                0x000000002ffde254       0xbc /home/charles/linux/code/tfa/mp157_alientek/tf-a-stm32mp-2.2.r1-r0/tf-a-stm32mp-2.2.r1/../build/serialboot/bl2/tzc400.o
                0x000000002ffde254                tzc400_configure_region
 .text.tzc400_enable_filters
                0x000000002ffde310       0x68 /home/charles/linux/code/tfa/mp157_alientek/tf-a-stm32mp-2.2.r1-r0/tf-a-stm32mp-2.2.r1/../build/serialboot/bl2/tzc400.o
                0x000000002ffde310                tzc400_enable_filters
 .text.tzc400_disable_filters
                0x000000002ffde378       0x4c /home/charles/linux/code/tfa/mp157_alientek/tf-a-stm32mp-2.2.r1-r0/tf-a-stm32mp-2.2.r1/../build/serialboot/bl2/tzc400.o
                0x000000002ffde378                tzc400_disable_filters
 .text.udelay   0x000000002ffde3c4       0x5c /home/charles/linux/code/tfa/mp157_alientek/tf-a-stm32mp-2.2.r1-r0/tf-a-stm32mp-2.2.r1/../build/serialboot/bl2/delay_timer.o
                0x000000002ffde3c4                udelay
 .text.mdelay   0x000000002ffde420        0xa /home/charles/linux/code/tfa/mp157_alientek/tf-a-stm32mp-2.2.r1-r0/tf-a-stm32mp-2.2.r1/../build/serialboot/bl2/delay_timer.o
                0x000000002ffde420                mdelay
 *fill*         0x000000002ffde42a        0x2 
 .text.timer_init
                0x000000002ffde42c       0x28 /home/charles/linux/code/tfa/mp157_alientek/tf-a-stm32mp-2.2.r1-r0/tf-a-stm32mp-2.2.r1/../build/serialboot/bl2/delay_timer.o
                0x000000002ffde42c                timer_init
 .text.get_timer_value
                0x000000002ffde454        0x8 /home/charles/linux/code/tfa/mp157_alientek/tf-a-stm32mp-2.2.r1-r0/tf-a-stm32mp-2.2.r1/../build/serialboot/bl2/generic_delay_timer.o
 .text.generic_delay_timer_init_args
                0x000000002ffde45c       0x18 /home/charles/linux/code/tfa/mp157_alientek/tf-a-stm32mp-2.2.r1-r0/tf-a-stm32mp-2.2.r1/../build/serialboot/bl2/generic_delay_timer.o
                0x000000002ffde45c                generic_delay_timer_init_args
 .text.generic_delay_timer_init
                0x000000002ffde474       0x44 /home/charles/linux/code/tfa/mp157_alientek/tf-a-stm32mp-2.2.r1-r0/tf-a-stm32mp-2.2.r1/../build/serialboot/bl2/generic_delay_timer.o
                0x000000002ffde474                generic_delay_timer_init
 .text.bsec_lock
                0x000000002ffde4b8       0x18 /home/charles/linux/code/tfa/mp157_alientek/tf-a-stm32mp-2.2.r1-r0/tf-a-stm32mp-2.2.r1/../build/serialboot/bl2/bsec2.o
 .text.bsec_unlock
                0x000000002ffde4d0       0x18 /home/charles/linux/code/tfa/mp157_alientek/tf-a-stm32mp-2.2.r1-r0/tf-a-stm32mp-2.2.r1/../build/serialboot/bl2/bsec2.o
 .text.otp_bank_offset
                0x000000002ffde4e8       0x18 /home/charles/linux/code/tfa/mp157_alientek/tf-a-stm32mp-2.2.r1-r0/tf-a-stm32mp-2.2.r1/../build/serialboot/bl2/bsec2.o
 .text.bsec_check_error
                0x000000002ffde500       0x34 /home/charles/linux/code/tfa/mp157_alientek/tf-a-stm32mp-2.2.r1-r0/tf-a-stm32mp-2.2.r1/../build/serialboot/bl2/bsec2.o
 .text.bsec_find_otp_name_in_dt
                0x000000002ffde534      0x104 /home/charles/linux/code/tfa/mp157_alientek/tf-a-stm32mp-2.2.r1-r0/tf-a-stm32mp-2.2.r1/../build/serialboot/bl2/bsec2.o
                0x000000002ffde534                bsec_find_otp_name_in_dt
 .text.bsec_read_otp
                0x000000002ffde638       0x20 /home/charles/linux/code/tfa/mp157_alientek/tf-a-stm32mp-2.2.r1-r0/tf-a-stm32mp-2.2.r1/../build/serialboot/bl2/bsec2.o
                0x000000002ffde638                bsec_read_otp
 .text.bsec_read_debug_conf
                0x000000002ffde658        0xc /home/charles/linux/code/tfa/mp157_alientek/tf-a-stm32mp-2.2.r1-r0/tf-a-stm32mp-2.2.r1/../build/serialboot/bl2/bsec2.o
                0x000000002ffde658                bsec_read_debug_conf
 .text.bsec_get_status
                0x000000002ffde664        0xc /home/charles/linux/code/tfa/mp157_alientek/tf-a-stm32mp-2.2.r1-r0/tf-a-stm32mp-2.2.r1/../build/serialboot/bl2/bsec2.o
                0x000000002ffde664                bsec_get_status
 .text.bsec_power_safmem
                0x000000002ffde670       0x64 /home/charles/linux/code/tfa/mp157_alientek/tf-a-stm32mp-2.2.r1-r0/tf-a-stm32mp-2.2.r1/../build/serialboot/bl2/bsec2.o
 .text.bsec_get_version
                0x000000002ffde6d4       0x10 /home/charles/linux/code/tfa/mp157_alientek/tf-a-stm32mp-2.2.r1-r0/tf-a-stm32mp-2.2.r1/../build/serialboot/bl2/bsec2.o
                0x000000002ffde6d4                bsec_get_version
 .text.bsec_get_id
                0x000000002ffde6e4       0x10 /home/charles/linux/code/tfa/mp157_alientek/tf-a-stm32mp-2.2.r1-r0/tf-a-stm32mp-2.2.r1/../build/serialboot/bl2/bsec2.o
                0x000000002ffde6e4                bsec_get_id
 .text.bsec_probe
                0x000000002ffde6f4       0x50 /home/charles/linux/code/tfa/mp157_alientek/tf-a-stm32mp-2.2.r1-r0/tf-a-stm32mp-2.2.r1/../build/serialboot/bl2/bsec2.o
                0x000000002ffde6f4                bsec_probe
 .text.bsec_set_sr_lock
                0x000000002ffde744       0x38 /home/charles/linux/code/tfa/mp157_alientek/tf-a-stm32mp-2.2.r1-r0/tf-a-stm32mp-2.2.r1/../build/serialboot/bl2/bsec2.o
                0x000000002ffde744                bsec_set_sr_lock
 .text.bsec_read_sr_lock
                0x000000002ffde77c       0x38 /home/charles/linux/code/tfa/mp157_alientek/tf-a-stm32mp-2.2.r1-r0/tf-a-stm32mp-2.2.r1/../build/serialboot/bl2/bsec2.o
                0x000000002ffde77c                bsec_read_sr_lock
 .text.bsec_shadow_register
                0x000000002ffde7b4       0x7c /home/charles/linux/code/tfa/mp157_alientek/tf-a-stm32mp-2.2.r1-r0/tf-a-stm32mp-2.2.r1/../build/serialboot/bl2/bsec2.o
                0x000000002ffde7b4                bsec_shadow_register
 .text.bsec_set_sw_lock
                0x000000002ffde830       0x38 /home/charles/linux/code/tfa/mp157_alientek/tf-a-stm32mp-2.2.r1-r0/tf-a-stm32mp-2.2.r1/../build/serialboot/bl2/bsec2.o
                0x000000002ffde830                bsec_set_sw_lock
 .text.bsec_read_sw_lock
                0x000000002ffde868       0x38 /home/charles/linux/code/tfa/mp157_alientek/tf-a-stm32mp-2.2.r1-r0/tf-a-stm32mp-2.2.r1/../build/serialboot/bl2/bsec2.o
                0x000000002ffde868                bsec_read_sw_lock
 .text.bsec_write_otp
                0x000000002ffde8a0       0x44 /home/charles/linux/code/tfa/mp157_alientek/tf-a-stm32mp-2.2.r1-r0/tf-a-stm32mp-2.2.r1/../build/serialboot/bl2/bsec2.o
                0x000000002ffde8a0                bsec_write_otp
 .text.bsec_read_sp_lock
                0x000000002ffde8e4       0x38 /home/charles/linux/code/tfa/mp157_alientek/tf-a-stm32mp-2.2.r1-r0/tf-a-stm32mp-2.2.r1/../build/serialboot/bl2/bsec2.o
                0x000000002ffde8e4                bsec_read_sp_lock
 .text.bsec_read_permanent_lock
                0x000000002ffde91c       0x38 /home/charles/linux/code/tfa/mp157_alientek/tf-a-stm32mp-2.2.r1-r0/tf-a-stm32mp-2.2.r1/../build/serialboot/bl2/bsec2.o
                0x000000002ffde91c                bsec_read_permanent_lock
 .text.bsec_program_otp
                0x000000002ffde954       0xe0 /home/charles/linux/code/tfa/mp157_alientek/tf-a-stm32mp-2.2.r1-r0/tf-a-stm32mp-2.2.r1/../build/serialboot/bl2/bsec2.o
                0x000000002ffde954                bsec_program_otp
 .text.bsec_shadow_read_otp
                0x000000002ffdea34       0x3c /home/charles/linux/code/tfa/mp157_alientek/tf-a-stm32mp-2.2.r1-r0/tf-a-stm32mp-2.2.r1/../build/serialboot/bl2/bsec2.o
                0x000000002ffdea34                bsec_shadow_read_otp
 .text.fdt_osc_read_freq
                0x000000002ffdea70       0xa0 /home/charles/linux/code/tfa/mp157_alientek/tf-a-stm32mp-2.2.r1-r0/tf-a-stm32mp-2.2.r1/../build/serialboot/bl2/stm32mp_clkfunc.o
                0x000000002ffdea70                fdt_osc_read_freq
 .text.fdt_osc_read_bool
                0x000000002ffdeb10       0x74 /home/charles/linux/code/tfa/mp157_alientek/tf-a-stm32mp-2.2.r1-r0/tf-a-stm32mp-2.2.r1/../build/serialboot/bl2/stm32mp_clkfunc.o
                0x000000002ffdeb10                fdt_osc_read_bool
 .text.fdt_osc_read_uint32_default
                0x000000002ffdeb84       0x74 /home/charles/linux/code/tfa/mp157_alientek/tf-a-stm32mp-2.2.r1-r0/tf-a-stm32mp-2.2.r1/../build/serialboot/bl2/stm32mp_clkfunc.o
                0x000000002ffdeb84                fdt_osc_read_uint32_default
 .text.fdt_get_rcc_node
                0x000000002ffdebf8        0xc /home/charles/linux/code/tfa/mp157_alientek/tf-a-stm32mp-2.2.r1-r0/tf-a-stm32mp-2.2.r1/../build/serialboot/bl2/stm32mp_clkfunc.o
                0x000000002ffdebf8                fdt_get_rcc_node
 .text.fdt_rcc_read_uint32_array
                0x000000002ffdec04       0x24 /home/charles/linux/code/tfa/mp157_alientek/tf-a-stm32mp-2.2.r1-r0/tf-a-stm32mp-2.2.r1/../build/serialboot/bl2/stm32mp_clkfunc.o
                0x000000002ffdec04                fdt_rcc_read_uint32_array
 .text.fdt_rcc_subnode_offset
                0x000000002ffdec28       0x30 /home/charles/linux/code/tfa/mp157_alientek/tf-a-stm32mp-2.2.r1-r0/tf-a-stm32mp-2.2.r1/../build/serialboot/bl2/stm32mp_clkfunc.o
                0x000000002ffdec28                fdt_rcc_subnode_offset
 .text.fdt_rcc_read_prop
                0x000000002ffdec58       0x30 /home/charles/linux/code/tfa/mp157_alientek/tf-a-stm32mp-2.2.r1-r0/tf-a-stm32mp-2.2.r1/../build/serialboot/bl2/stm32mp_clkfunc.o
                0x000000002ffdec58                fdt_rcc_read_prop
 .text.fdt_get_rcc_secure_status
                0x000000002ffdec88       0x18 /home/charles/linux/code/tfa/mp157_alientek/tf-a-stm32mp-2.2.r1-r0/tf-a-stm32mp-2.2.r1/../build/serialboot/bl2/stm32mp_clkfunc.o
                0x000000002ffdec88                fdt_get_rcc_secure_status
 .text.fdt_get_clock_id
                0x000000002ffdeca0       0x48 /home/charles/linux/code/tfa/mp157_alientek/tf-a-stm32mp-2.2.r1-r0/tf-a-stm32mp-2.2.r1/../build/serialboot/bl2/stm32mp_clkfunc.o
                0x000000002ffdeca0                fdt_get_clock_id
 .text.fdt_is_pll1_predefined
                0x000000002ffdece8       0x14 /home/charles/linux/code/tfa/mp157_alientek/tf-a-stm32mp-2.2.r1-r0/tf-a-stm32mp-2.2.r1/../build/serialboot/bl2/stm32mp_clkfunc.o
                0x000000002ffdece8                fdt_is_pll1_predefined
 .text.stm32mp_stgen_get_counter
                0x000000002ffdecfc       0x10 /home/charles/linux/code/tfa/mp157_alientek/tf-a-stm32mp-2.2.r1-r0/tf-a-stm32mp-2.2.r1/../build/serialboot/bl2/stm32mp_clkfunc.o
                0x000000002ffdecfc                stm32mp_stgen_get_counter
 .text.stm32mp_stgen_config
                0x000000002ffded0c       0x54 /home/charles/linux/code/tfa/mp157_alientek/tf-a-stm32mp-2.2.r1-r0/tf-a-stm32mp-2.2.r1/../build/serialboot/bl2/stm32mp_clkfunc.o
                0x000000002ffded0c                stm32mp_stgen_config
 .text.clock_is_always_on
                0x000000002ffded60       0x1c /home/charles/linux/code/tfa/mp157_alientek/tf-a-stm32mp-2.2.r1-r0/tf-a-stm32mp-2.2.r1/../build/serialboot/bl2/stm32mp1_clk.o
 .text.stm32mp1_read_pll_freq
                0x000000002ffded7c       0xb8 /home/charles/linux/code/tfa/mp157_alientek/tf-a-stm32mp-2.2.r1-r0/tf-a-stm32mp-2.2.r1/../build/serialboot/bl2/stm32mp1_clk.o
 .text.get_clock_rate
                0x000000002ffdee34      0x198 /home/charles/linux/code/tfa/mp157_alientek/tf-a-stm32mp-2.2.r1-r0/tf-a-stm32mp-2.2.r1/../build/serialboot/bl2/stm32mp1_clk.o
 .text.stm32mp1_pll_compute_pllxcfgr1
                0x000000002ffdefcc       0x8c /home/charles/linux/code/tfa/mp157_alientek/tf-a-stm32mp-2.2.r1-r0/tf-a-stm32mp-2.2.r1/../build/serialboot/bl2/stm32mp1_clk.o
 .text.stm32mp1_pll_start
                0x000000002ffdf058       0x24 /home/charles/linux/code/tfa/mp157_alientek/tf-a-stm32mp-2.2.r1-r0/tf-a-stm32mp-2.2.r1/../build/serialboot/bl2/stm32mp1_clk.o
 .text.stm32mp1_mco_csg
                0x000000002ffdf07c       0x3a /home/charles/linux/code/tfa/mp157_alientek/tf-a-stm32mp-2.2.r1-r0/tf-a-stm32mp-2.2.r1/../build/serialboot/bl2/stm32mp1_clk.o
 .text.stm32mp1_clk_lock
                0x000000002ffdf0b6       0x16 /home/charles/linux/code/tfa/mp157_alientek/tf-a-stm32mp-2.2.r1-r0/tf-a-stm32mp-2.2.r1/../build/serialboot/bl2/stm32mp1_clk.o
 .text.stm32mp1_clk_unlock
                0x000000002ffdf0cc       0x16 /home/charles/linux/code/tfa/mp157_alientek/tf-a-stm32mp-2.2.r1-r0/tf-a-stm32mp-2.2.r1/../build/serialboot/bl2/stm32mp1_clk.o
 *fill*         0x000000002ffdf0e2        0x2 
 .text.stm32mp1_pll_stop
                0x000000002ffdf0e4       0x80 /home/charles/linux/code/tfa/mp157_alientek/tf-a-stm32mp-2.2.r1-r0/tf-a-stm32mp-2.2.r1/../build/serialboot/bl2/stm32mp1_clk.o
 .text.__clk_enable
                0x000000002ffdf164       0x22 /home/charles/linux/code/tfa/mp157_alientek/tf-a-stm32mp-2.2.r1-r0/tf-a-stm32mp-2.2.r1/../build/serialboot/bl2/stm32mp1_clk.o
 .text.__clk_disable
                0x000000002ffdf186       0x24 /home/charles/linux/code/tfa/mp157_alientek/tf-a-stm32mp-2.2.r1-r0/tf-a-stm32mp-2.2.r1/../build/serialboot/bl2/stm32mp1_clk.o
 *fill*         0x000000002ffdf1aa        0x2 
 .text.stm32mp1_check_pll_conf
                0x000000002ffdf1ac      0x114 /home/charles/linux/code/tfa/mp157_alientek/tf-a-stm32mp-2.2.r1-r0/tf-a-stm32mp-2.2.r1/../build/serialboot/bl2/stm32mp1_clk.o
 .text.stm32mp1_clk_get_gated_id
                0x000000002ffdf2c0       0x34 /home/charles/linux/code/tfa/mp157_alientek/tf-a-stm32mp-2.2.r1-r0/tf-a-stm32mp-2.2.r1/../build/serialboot/bl2/stm32mp1_clk.o
 .text.stm32mp1_clk_get_parent
                0x000000002ffdf2f4       0x78 /home/charles/linux/code/tfa/mp157_alientek/tf-a-stm32mp-2.2.r1-r0/tf-a-stm32mp-2.2.r1/../build/serialboot/bl2/stm32mp1_clk.o
 .text.__stm32mp1_clk_enable
                0x000000002ffdf36c       0x78 /home/charles/linux/code/tfa/mp157_alientek/tf-a-stm32mp-2.2.r1-r0/tf-a-stm32mp-2.2.r1/../build/serialboot/bl2/stm32mp1_clk.o
 .text.__stm32mp1_clk_disable
                0x000000002ffdf3e4       0x74 /home/charles/linux/code/tfa/mp157_alientek/tf-a-stm32mp-2.2.r1-r0/tf-a-stm32mp-2.2.r1/../build/serialboot/bl2/stm32mp1_clk.o
 .text.stm32mp1_pkcs_config
                0x000000002ffdf458       0x26 /home/charles/linux/code/tfa/mp157_alientek/tf-a-stm32mp-2.2.r1-r0/tf-a-stm32mp-2.2.r1/../build/serialboot/bl2/stm32mp1_clk.o
 *fill*         0x000000002ffdf47e        0x2 
 .text.stm32mp1_set_clkdiv
                0x000000002ffdf480       0x6c /home/charles/linux/code/tfa/mp157_alientek/tf-a-stm32mp-2.2.r1-r0/tf-a-stm32mp-2.2.r1/../build/serialboot/bl2/stm32mp1_clk.o
 .text.stm32mp1_osc_wait
                0x000000002ffdf4ec       0x84 /home/charles/linux/code/tfa/mp157_alientek/tf-a-stm32mp-2.2.r1-r0/tf-a-stm32mp-2.2.r1/../build/serialboot/bl2/stm32mp1_clk.o
 .text.stm32mp1_set_clksrc
                0x000000002ffdf570       0x80 /home/charles/linux/code/tfa/mp157_alientek/tf-a-stm32mp-2.2.r1-r0/tf-a-stm32mp-2.2.r1/../build/serialboot/bl2/stm32mp1_clk.o
 .text.stm32mp1_pll_output
                0x000000002ffdf5f0       0x88 /home/charles/linux/code/tfa/mp157_alientek/tf-a-stm32mp-2.2.r1-r0/tf-a-stm32mp-2.2.r1/../build/serialboot/bl2/stm32mp1_clk.o
 .text.stm32mp1_pll_config_output
                0x000000002ffdf678       0x34 /home/charles/linux/code/tfa/mp157_alientek/tf-a-stm32mp-2.2.r1-r0/tf-a-stm32mp-2.2.r1/../build/serialboot/bl2/stm32mp1_clk.o
 .text.stm32mp1_pll_config
                0x000000002ffdf6ac       0x50 /home/charles/linux/code/tfa/mp157_alientek/tf-a-stm32mp-2.2.r1-r0/tf-a-stm32mp-2.2.r1/../build/serialboot/bl2/stm32mp1_clk.o
 .text.stm32mp1_clk_rcc_regs_lock
                0x000000002ffdf6fc        0xc /home/charles/linux/code/tfa/mp157_alientek/tf-a-stm32mp-2.2.r1-r0/tf-a-stm32mp-2.2.r1/../build/serialboot/bl2/stm32mp1_clk.o
                0x000000002ffdf6fc                stm32mp1_clk_rcc_regs_lock
 .text.stm32mp1_clk_rcc_regs_unlock
                0x000000002ffdf708        0xc /home/charles/linux/code/tfa/mp157_alientek/tf-a-stm32mp-2.2.r1-r0/tf-a-stm32mp-2.2.r1/../build/serialboot/bl2/stm32mp1_clk.o
                0x000000002ffdf708                stm32mp1_clk_rcc_regs_unlock
 .text.stm32mp_clk_enable
                0x000000002ffdf714        0x6 /home/charles/linux/code/tfa/mp157_alientek/tf-a-stm32mp-2.2.r1-r0/tf-a-stm32mp-2.2.r1/../build/serialboot/bl2/stm32mp1_clk.o
                0x000000002ffdf714                stm32mp_clk_enable
 .text.stm32mp_clk_disable
                0x000000002ffdf71a        0x6 /home/charles/linux/code/tfa/mp157_alientek/tf-a-stm32mp-2.2.r1-r0/tf-a-stm32mp-2.2.r1/../build/serialboot/bl2/stm32mp1_clk.o
                0x000000002ffdf71a                stm32mp_clk_disable
 .text.stm32mp1_clk_force_enable
                0x000000002ffdf720        0x6 /home/charles/linux/code/tfa/mp157_alientek/tf-a-stm32mp-2.2.r1-r0/tf-a-stm32mp-2.2.r1/../build/serialboot/bl2/stm32mp1_clk.o
                0x000000002ffdf720                stm32mp1_clk_force_enable
 .text.stm32mp_clk_get_rate
                0x000000002ffdf726       0x16 /home/charles/linux/code/tfa/mp157_alientek/tf-a-stm32mp-2.2.r1-r0/tf-a-stm32mp-2.2.r1/../build/serialboot/bl2/stm32mp1_clk.o
                0x000000002ffdf726                stm32mp_clk_get_rate
 *fill*         0x000000002ffdf73c        0x4 
 .text.clk_get_pll1_settings.part.0
                0x000000002ffdf740      0x21c /home/charles/linux/code/tfa/mp157_alientek/tf-a-stm32mp-2.2.r1-r0/tf-a-stm32mp-2.2.r1/../build/serialboot/bl2/stm32mp1_clk.o
 .text.stm32mp1_clk_get_maxfreq_opp
                0x000000002ffdf95c       0x54 /home/charles/linux/code/tfa/mp157_alientek/tf-a-stm32mp-2.2.r1-r0/tf-a-stm32mp-2.2.r1/../build/serialboot/bl2/stm32mp1_clk.o
                0x000000002ffdf95c                stm32mp1_clk_get_maxfreq_opp
 .text.stm32mp1_clk_lp_load_opp_pll1_settings
                0x000000002ffdf9b0       0x20 /home/charles/linux/code/tfa/mp157_alientek/tf-a-stm32mp-2.2.r1-r0/tf-a-stm32mp-2.2.r1/../build/serialboot/bl2/stm32mp1_clk.o